Archive member included to satisfy reference by file (symbol)

app/libapp.a(main.c.obj)      (--whole-archive)
zephyr/libzephyr.a(heap.c.obj)
                              (--whole-archive)
zephyr/libzephyr.a(cbprintf_packaged.c.obj)
                              (--whole-archive)
zephyr/libzephyr.a(printk.c.obj)
                              (--whole-archive)
zephyr/libzephyr.a(sem.c.obj)
                              (--whole-archive)
zephyr/libzephyr.a(thread_entry.c.obj)
                              (--whole-archive)
zephyr/libzephyr.a(cbprintf_complete.c.obj)
                              (--whole-archive)
zephyr/libzephyr.a(cbprintf.c.obj)
                              (--whole-archive)
zephyr/libzephyr.a(assert.c.obj)
                              (--whole-archive)
zephyr/libzephyr.a(reboot.c.obj)
                              (--whole-archive)
zephyr/libzephyr.a(dec.c.obj)
                              (--whole-archive)
zephyr/libzephyr.a(hex.c.obj)
                              (--whole-archive)
zephyr/libzephyr.a(rb.c.obj)  (--whole-archive)
zephyr/libzephyr.a(timeutil.c.obj)
                              (--whole-archive)
zephyr/libzephyr.a(bitarray.c.obj)
                              (--whole-archive)
zephyr/libzephyr.a(onoff.c.obj)
                              (--whole-archive)
zephyr/libzephyr.a(notify.c.obj)
                              (--whole-archive)
zephyr/libzephyr.a(configs.c.obj)
                              (--whole-archive)
zephyr/libzephyr.a(log_core.c.obj)
                              (--whole-archive)
zephyr/libzephyr.a(log_mgmt.c.obj)
                              (--whole-archive)
zephyr/libzephyr.a(log_cache.c.obj)
                              (--whole-archive)
zephyr/libzephyr.a(log_msg.c.obj)
                              (--whole-archive)
zephyr/libzephyr.a(log_output.c.obj)
                              (--whole-archive)
zephyr/libzephyr.a(log_backend_rtt.c.obj)
                              (--whole-archive)
zephyr/libzephyr.a(mem_attr.c.obj)
                              (--whole-archive)
zephyr/libzephyr.a(flash_map.c.obj)
                              (--whole-archive)
zephyr/libzephyr.a(flash_map_layout.c.obj)
                              (--whole-archive)
zephyr/libzephyr.a(tracing_none.c.obj)
                              (--whole-archive)
zephyr/libzephyr.a(flash_util.c.obj)
                              (--whole-archive)
zephyr/libzephyr.a(banner.c.obj)
                              (--whole-archive)
zephyr/libzephyr.a(flash_map_partition_manager.c.obj)
                              (--whole-archive)
zephyr/libzephyr.a(nrf_cc3xx_platform_abort_zephyr.c.obj)
                              (--whole-archive)
zephyr/libzephyr.a(nrf_cc3xx_platform_mutex_zephyr.c.obj)
                              (--whole-archive)
zephyr/arch/common/libarch__common.a(sw_isr_common.c.obj)
                              (--whole-archive)
zephyr/arch/arch/arm/core/libarch__arm__core.a(fatal.c.obj)
                              (--whole-archive)
zephyr/arch/arch/arm/core/libarch__arm__core.a(nmi.c.obj)
                              (--whole-archive)
zephyr/arch/arch/arm/core/libarch__arm__core.a(nmi_on_reset.S.obj)
                              (--whole-archive)
zephyr/arch/arch/arm/core/cortex_m/libarch__arm__core__cortex_m.a(exc_exit.c.obj)
                              (--whole-archive)
zephyr/arch/arch/arm/core/cortex_m/libarch__arm__core__cortex_m.a(fault.c.obj)
                              (--whole-archive)
zephyr/arch/arch/arm/core/cortex_m/libarch__arm__core__cortex_m.a(fault_s.S.obj)
                              (--whole-archive)
zephyr/arch/arch/arm/core/cortex_m/libarch__arm__core__cortex_m.a(fpu.c.obj)
                              (--whole-archive)
zephyr/arch/arch/arm/core/cortex_m/libarch__arm__core__cortex_m.a(reset.S.obj)
                              (--whole-archive)
zephyr/arch/arch/arm/core/cortex_m/libarch__arm__core__cortex_m.a(scb.c.obj)
                              (--whole-archive)
zephyr/arch/arch/arm/core/cortex_m/libarch__arm__core__cortex_m.a(thread_abort.c.obj)
                              (--whole-archive)
zephyr/arch/arch/arm/core/cortex_m/libarch__arm__core__cortex_m.a(vector_table.S.obj)
                              (--whole-archive)
zephyr/arch/arch/arm/core/cortex_m/libarch__arm__core__cortex_m.a(swap.c.obj)
                              (--whole-archive)
zephyr/arch/arch/arm/core/cortex_m/libarch__arm__core__cortex_m.a(swap_helper.S.obj)
                              (--whole-archive)
zephyr/arch/arch/arm/core/cortex_m/libarch__arm__core__cortex_m.a(irq_manage.c.obj)
                              (--whole-archive)
zephyr/arch/arch/arm/core/cortex_m/libarch__arm__core__cortex_m.a(prep_c.c.obj)
                              (--whole-archive)
zephyr/arch/arch/arm/core/cortex_m/libarch__arm__core__cortex_m.a(thread.c.obj)
                              (--whole-archive)
[...]
Memory Configuration

Name             Origin             Length             Attributes
FLASH            0x0000000000000000 0x00000000000fa000 xr
RAM              0x0000000020000000 0x0000000000040000 xw
IDT_LIST         0x00000000ffff7fff 0x0000000000008000 xw
*default*        0x0000000000000000 0xffffffffffffffff

Linker script and memory map

LOAD zephyr/CMakeFiles/zephyr_pre0.dir/misc/empty_file.c.obj
LOAD zephyr/CMakeFiles/offsets.dir/./arch/arm/core/offsets/offsets.c.obj
LOAD app/libapp.a
LOAD zephyr/libzephyr.a
LOAD zephyr/arch/common/libarch__common.a
LOAD zephyr/arch/arch/arm/core/libarch__arm__core.a
LOAD zephyr/arch/arch/arm/core/cortex_m/libarch__arm__core__cortex_m.a
LOAD zephyr/arch/arch/arm/core/mpu/libarch__arm__core__mpu.a
LOAD zephyr/lib/libc/newlib/liblib__libc__newlib.a
LOAD zephyr/lib/libc/common/liblib__libc__common.a
LOAD zephyr/soc/soc/nrf52840/libsoc__nordic.a
LOAD zephyr/subsys/fs/libsubsys__fs.a
LOAD zephyr/drivers/adc/libdrivers__adc.a
LOAD zephyr/drivers/clock_control/libdrivers__clock_control.a
LOAD zephyr/drivers/console/libdrivers__console.a
LOAD zephyr/drivers/flash/libdrivers__flash.a
LOAD zephyr/drivers/gpio/libdrivers__gpio.a
LOAD zephyr/drivers/hwinfo/libdrivers__hwinfo.a
LOAD zephyr/drivers/pinctrl/libdrivers__pinctrl.a
LOAD zephyr/drivers/serial/libdrivers__serial.a
LOAD zephyr/drivers/spi/libdrivers__spi.a
LOAD zephyr/drivers/timer/libdrivers__timer.a
LOAD zephyr/drivers/watchdog/libdrivers__watchdog.a
LOAD modules/nrf/drivers/hw_cc3xx/lib..__nrf__drivers__hw_cc3xx.a
LOAD modules/hal_nordic/nrfx/libmodules__hal_nordic__nrfx.a
LOAD modules/littlefs/libmodules__littlefs.a
LOAD modules/segger/libmodules__segger.a
LOAD zephyr/kernel/libkernel.a
LOAD zephyr/arch/common/libisr_tables.a
LOAD /home/abdullah/ncs/v2.9.0/nrfxlib/crypto/nrf_cc310_platform/lib/cortex-m4/hard-float/no-interrupts/libnrf_cc310_platform_0.9.19.a
LOAD /home/abdullah/ncs/toolchains/b77d8c1312/opt/zephyr-sdk/arm-zephyr-eabi/arm-zephyr-eabi/lib/thumb/v7e-m+fp/hard/libc_nano.a
LOAD /home/abdullah/ncs/toolchains/b77d8c1312/opt/zephyr-sdk/arm-zephyr-eabi/arm-zephyr-eabi/lib/thumb/v7e-m+fp/hard/libm_nano.a
LOAD /home/abdullah/ncs/toolchains/b77d8c1312/opt/zephyr-sdk/arm-zephyr-eabi/arm-zephyr-eabi/lib/thumb/v7e-m+fp/hard/libc_nano.a
LOAD /home/abdullah/ncs/toolchains/b77d8c1312/opt/zephyr-sdk/arm-zephyr-eabi/bin/../lib/gcc/arm-zephyr-eabi/12.2.0/thumb/v7e-m+fp/hard/libgcc.a
LOAD /home/abdullah/ncs/toolchains/b77d8c1312/opt/zephyr-sdk/arm-zephyr-eabi/arm-zephyr-eabi/lib/thumb/v7e-m+fp/hard/libc_nano.a
                0x0000000000000020                _region_min_align = 0x20

.rel.plt        0x0000000000000000        0x0
 *(SORT_BY_ALIGNMENT(.rel.plt))
                [!provide]                        PROVIDE (__rel_iplt_start = .)
 *(SORT_BY_ALIGNMENT(.rel.iplt))
 .rel.iplt      0x0000000000000000        0x0 app/libapp.a(main.c.obj)
                [!provide]                        PROVIDE (__rel_iplt_end = .)

.rela.plt       0x0000000000000000        0x0
 *(SORT_BY_ALIGNMENT(.rela.plt))
                [!provide]                        PROVIDE (__rela_iplt_start = .)
 *(SORT_BY_ALIGNMENT(.rela.iplt))
                [!provide]                        PROVIDE (__rela_iplt_end = .)

.rel.dyn
 *(SORT_BY_ALIGNMENT(.rel.*))

.rela.dyn
 *(SORT_BY_ALIGNMENT(.rela.*))

/DISCARD/
 *(SORT_BY_ALIGNMENT(.plt))

/DISCARD/
 *(SORT_BY_ALIGNMENT(.iplt))
                0x0000000000000000                __rom_region_start = 0x0

rom_start       0x0000000000000000      0x100
                0x0000000000000000                __rom_start_address = .
 FILL mask 0x00
                0x0000000000000000                . = (. + (0x0 - (. - __rom_start_address)))
                0x0000000000000000                . = ALIGN (0x4)
                0x0000000000000000                . = ALIGN (0x80)
                0x0000000000000000                . = ALIGN (0x100)
                0x0000000000000000                _vector_start = .
 *(SORT_BY_ALIGNMENT(.exc_vector_table))
 *(SORT_BY_ALIGNMENT(.exc_vector_table.*))
 .exc_vector_table._vector_table_section
                0x0000000000000000       0x40 zephyr/arch/arch/arm/core/cortex_m/libarch__arm__core__cortex_m.a(vector_table.S.obj)
                0x0000000000000000                _vector_table
 *(SORT_BY_ALIGNMENT(.vectors))
                0x0000000000000100                _vector_end = .
                0x0000000000000040                . = ALIGN (0x4)
 *(SORT_BY_ALIGNMENT(.gnu.linkonce.irq_vector_table*))
 .gnu.linkonce.irq_vector_table
                0x0000000000000040       0xc0 zephyr/arch/common/libisr_tables.a(isr_tables.c.obj)
                0x0000000000000040                _irq_vector_table
                0x0000000000000100                _vector_end = .

text            0x0000000000000100    0x12d94
                0x0000000000000100                __text_region_start = .
 *(SORT_BY_ALIGNMENT(.text))
 .text          0x0000000000000100       0xa0 /home/abdullah/ncs/toolchains/b77d8c1312/opt/zephyr-sdk/arm-zephyr-eabi/arm-zephyr-eabi/lib/thumb/v7e-m+fp/hard/libc_nano.a(lib_a-memchr.o)
                0x0000000000000100                memchr
 .text          0x00000000000001a0      0x378 /home/abdullah/ncs/toolchains/b77d8c1312/opt/zephyr-sdk/arm-zephyr-eabi/bin/../lib/gcc/arm-zephyr-eabi/12.2.0/thumb/v7e-m+fp/hard/libgcc.a(_arm_addsubdf3.o)
                0x00000000000001a0                __aeabi_drsub
                0x00000000000001a8                __aeabi_dsub
                0x00000000000001a8                __subdf3
                0x00000000000001ac                __adddf3
                0x00000000000001ac                __aeabi_dadd
                0x0000000000000424                __aeabi_ui2d
                0x0000000000000424                __floatunsidf
                0x0000000000000444                __floatsidf
                0x0000000000000444                __aeabi_i2d
                0x0000000000000468                __extendsfdf2
                0x0000000000000468                __aeabi_f2d
                0x00000000000004ac                __aeabi_ul2d
                0x00000000000004ac                __floatundidf
                0x00000000000004bc                __floatdidf
                0x00000000000004bc                __aeabi_l2d
 .text          0x0000000000000518      0x424 /home/abdullah/ncs/toolchains/b77d8c1312/opt/zephyr-sdk/arm-zephyr-eabi/bin/../lib/gcc/arm-zephyr-eabi/12.2.0/thumb/v7e-m+fp/hard/libgcc.a(_arm_muldivdf3.o)
                0x0000000000000518                __aeabi_dmul
                0x0000000000000518                __muldf3
                0x000000000000076c                __aeabi_ddiv
                0x000000000000076c                __divdf3
 .text          0x000000000000093c      0x110 /home/abdullah/ncs/toolchains/b77d8c1312/opt/zephyr-sdk/arm-zephyr-eabi/bin/../lib/gcc/arm-zephyr-eabi/12.2.0/thumb/v7e-m+fp/hard/libgcc.a(_arm_cmpdf2.o)
                0x000000000000093c                __gtdf2
                0x000000000000093c                __gedf2
                0x0000000000000944                __ltdf2
                0x0000000000000944                __ledf2
                0x000000000000094c                __cmpdf2
                0x000000000000094c                __eqdf2
                0x000000000000094c                __nedf2
                0x00000000000009c8                __aeabi_cdrcmple
                0x00000000000009d8                __aeabi_cdcmple
                0x00000000000009d8                __aeabi_cdcmpeq
                0x00000000000009e8                __aeabi_dcmpeq
                0x00000000000009fc                __aeabi_dcmplt
                0x0000000000000a10                __aeabi_dcmple
                0x0000000000000a24                __aeabi_dcmpge
                0x0000000000000a38                __aeabi_dcmpgt
 .text          0x0000000000000a4c       0x2c /home/abdullah/ncs/toolchains/b77d8c1312/opt/zephyr-sdk/arm-zephyr-eabi/bin/../lib/gcc/arm-zephyr-eabi/12.2.0/thumb/v7e-m+fp/hard/libgcc.a(_arm_unorddf2.o)
                0x0000000000000a4c                __aeabi_dcmpun
                0x0000000000000a4c                __unorddf2
 .text          0x0000000000000a78       0x50 /home/abdullah/ncs/toolchains/b77d8c1312/opt/zephyr-sdk/arm-zephyr-eabi/bin/../lib/gcc/arm-zephyr-eabi/12.2.0/thumb/v7e-m+fp/hard/libgcc.a(_arm_fixdfsi.o)
                0x0000000000000a78                __fixdfsi
                0x0000000000000a78                __aeabi_d2iz
 .text          0x0000000000000ac8       0x30 /home/abdullah/ncs/toolchains/b77d8c1312/opt/zephyr-sdk/arm-zephyr-eabi/bin/../lib/gcc/arm-zephyr-eabi/12.2.0/thumb/v7e-m+fp/hard/libgcc.a(_aeabi_uldivmod.o)
                0x0000000000000ac8                __aeabi_uldivmod
 .text          0x0000000000000af8        0x4 /home/abdullah/ncs/toolchains/b77d8c1312/opt/zephyr-sdk/arm-zephyr-eabi/bin/../lib/gcc/arm-zephyr-eabi/12.2.0/thumb/v7e-m+fp/hard/libgcc.a(_dvmd_tls.o)
                0x0000000000000af8                __aeabi_ldiv0
                0x0000000000000af8                __aeabi_idiv0
 .text          0x0000000000000afc       0x14 /home/abdullah/ncs/toolchains/b77d8c1312/opt/zephyr-sdk/arm-zephyr-eabi/arm-zephyr-eabi/lib/thumb/v7e-m+fp/hard/libc_nano.a(lib_a-strcmp.o)
                0x0000000000000afc                strcmp
 .text          0x0000000000000b10       0x10 /home/abdullah/ncs/toolchains/b77d8c1312/opt/zephyr-sdk/arm-zephyr-eabi/arm-zephyr-eabi/lib/thumb/v7e-m+fp/hard/libc_nano.a(lib_a-strlen.o)
                0x0000000000000b10                strlen
 .text          0x0000000000000b20       0x26 /home/abdullah/ncs/toolchains/b77d8c1312/opt/zephyr-sdk/arm-zephyr-eabi/bin/../lib/gcc/arm-zephyr-eabi/12.2.0/thumb/v7e-m+fp/hard/libgcc.a(_popcountsi2.o)
                0x0000000000000b20                __popcountsi2
 .text          0x0000000000000b46      0x2a0 /home/abdullah/ncs/toolchains/b77d8c1312/opt/zephyr-sdk/arm-zephyr-eabi/bin/../lib/gcc/arm-zephyr-eabi/12.2.0/thumb/v7e-m+fp/hard/libgcc.a(_udivmoddi4.o)
                0x0000000000000b46                __udivmoddi4
 *(SORT_BY_ALIGNMENT(.text.*))
 *fill*         0x0000000000000de6        0x2 
 .text.z_cbvprintf_impl
                0x0000000000000de8      0xd1c zephyr/libzephyr.a(cbprintf_complete.c.obj)
                0x0000000000000de8                z_cbvprintf_impl
 *fill*         0x0000000000001b04        0x4 
 .text._dtoa_r  0x0000000000001b08      0xc58 /home/abdullah/ncs/toolchains/b77d8c1312/opt/zephyr-sdk/arm-zephyr-eabi/arm-zephyr-eabi/lib/thumb/v7e-m+fp/hard/libc_nano.a(lib_a-dtoa.o)
                0x0000000000001b08                _dtoa_r
 .text.read_file.constprop.0
                0x0000000000002760       0xb4 app/libapp.a(main.c.obj)
 .text.list_files.constprop.0
                0x0000000000002814       0xa4 app/libapp.a(main.c.obj)
 .text.main     0x00000000000028b8      0x118 app/libapp.a(main.c.obj)
                0x00000000000028b8                main
 .text.cbvprintf_package
                0x00000000000029d0      0x3a4 zephyr/libzephyr.a(cbprintf_packaged.c.obj)
                0x00000000000029d0                cbvprintf_package
 .text.__printk_hook_install
                0x0000000000002d74        0xc zephyr/libzephyr.a(printk.c.obj)
                0x0000000000002d74                __printk_hook_install
 .text.extract_decimal
                0x0000000000002d80       0x2c zephyr/libzephyr.a(cbprintf_complete.c.obj)
 .text.encode_uint
                0x0000000000002dac       0x9c zephyr/libzephyr.a(cbprintf_complete.c.obj)
 .text.sys_reboot
                0x0000000000002e48       0x2c zephyr/libzephyr.a(reboot.c.obj)
                0x0000000000002e48                sys_reboot
 .text.process_event
                0x0000000000002e74      0x21c zephyr/libzephyr.a(onoff.c.obj)
 .text.z_log_init.isra.0
                0x0000000000003090       0xd0 zephyr/libzephyr.a(log_core.c.obj)
 .text.log_format_func_t_get
                0x0000000000003160        0xc zephyr/libzephyr.a(log_core.c.obj)
                0x0000000000003160                log_format_func_t_get
 .text.log_set_timestamp_func
                0x000000000000316c       0x20 zephyr/libzephyr.a(log_core.c.obj)
                0x000000000000316c                log_set_timestamp_func
 .text.log_core_init
                0x000000000000318c       0x28 zephyr/libzephyr.a(log_core.c.obj)
                0x000000000000318c                log_core_init
 .text.z_impl_log_panic
                0x00000000000031b4       0x3c zephyr/libzephyr.a(log_core.c.obj)
                0x00000000000031b4                z_impl_log_panic
 .text.z_log_dropped
                0x00000000000031f0       0x30 zephyr/libzephyr.a(log_core.c.obj)
                0x00000000000031f0                z_log_dropped
 .text.z_log_msg_commit
                0x0000000000003220       0x38 zephyr/libzephyr.a(log_core.c.obj)
                0x0000000000003220                z_log_msg_commit
 .text.log_source_name_get
                0x0000000000003258       0x1c zephyr/libzephyr.a(log_mgmt.c.obj)
                0x0000000000003258                log_source_name_get
 .text.log_backend_enable
                0x0000000000003274       0x28 zephyr/libzephyr.a(log_mgmt.c.obj)
                0x0000000000003274                log_backend_enable
 .text.z_log_msg_runtime_vcreate
                0x000000000000329c       0xac zephyr/libzephyr.a(log_msg.c.obj)
                0x000000000000329c                z_log_msg_runtime_vcreate
 .text.log_msg_get_source_id
                0x0000000000003348       0x18 zephyr/libzephyr.a(log_msg.c.obj)
                0x0000000000003348                log_msg_get_source_id
 .text.print_formatted
                0x0000000000003360       0x24 zephyr/libzephyr.a(log_output.c.obj)
 .text.newline_print
                0x0000000000003384       0x1c zephyr/libzephyr.a(log_output.c.obj)
 .text.log_output_process
                0x00000000000033a0      0x2e0 zephyr/libzephyr.a(log_output.c.obj)
                0x00000000000033a0                log_output_process
 .text.log_output_timestamp_freq_set
                0x0000000000003680       0x2c zephyr/libzephyr.a(log_output.c.obj)
                0x0000000000003680                log_output_timestamp_freq_set
 .text.log_backend_rtt_init
                0x00000000000036ac        0xc zephyr/libzephyr.a(log_backend_rtt.c.obj)
 .text.format_set
                0x00000000000036b8        0xc zephyr/libzephyr.a(log_backend_rtt.c.obj)
 .text.process  0x00000000000036c4       0x24 zephyr/libzephyr.a(log_backend_rtt.c.obj)
 .text.panic    0x00000000000036e8       0x34 zephyr/libzephyr.a(log_backend_rtt.c.obj)
 .text.data_out_block_mode
                0x000000000000371c       0x70 zephyr/libzephyr.a(log_backend_rtt.c.obj)
 .text.mem_attr_get_regions
                0x000000000000378c        0xc zephyr/libzephyr.a(mem_attr.c.obj)
                0x000000000000378c                mem_attr_get_regions
 .text.flash_area_open
                0x0000000000003798       0x50 zephyr/libzephyr.a(flash_map.c.obj)
                0x0000000000003798                flash_area_open
 .text.boot_banner
                0x00000000000037e8       0x1c zephyr/libzephyr.a(banner.c.obj)
                0x00000000000037e8                boot_banner
 .text.nrf_cc3xx_platform_abort_init
                0x0000000000003804        0xc zephyr/libzephyr.a(nrf_cc3xx_platform_abort_zephyr.c.obj)
                0x0000000000003804                nrf_cc3xx_platform_abort_init
 .text.mutex_free_platform
                0x0000000000003810       0x54 zephyr/libzephyr.a(nrf_cc3xx_platform_mutex_zephyr.c.obj)
 .text.mutex_lock_platform
                0x0000000000003864       0x60 zephyr/libzephyr.a(nrf_cc3xx_platform_mutex_zephyr.c.obj)
 .text.mutex_unlock_platform
                0x00000000000038c4       0x58 zephyr/libzephyr.a(nrf_cc3xx_platform_mutex_zephyr.c.obj)
 .text.mutex_init_platform
                0x000000000000391c       0x94 zephyr/libzephyr.a(nrf_cc3xx_platform_mutex_zephyr.c.obj)
 .text.nrf_cc3xx_platform_mutex_init
                0x00000000000039b0       0x2c zephyr/libzephyr.a(nrf_cc3xx_platform_mutex_zephyr.c.obj)
                0x00000000000039b0                nrf_cc3xx_platform_mutex_init
 .text.z_arm_fatal_error
                0x00000000000039dc      0x130 zephyr/arch/arch/arm/core/libarch__arm__core.a(fatal.c.obj)
                0x00000000000039dc                z_arm_fatal_error
 .text.z_SysNmiOnReset
                0x0000000000003b0c        0x8 zephyr/arch/arch/arm/core/libarch__arm__core.a(nmi_on_reset.S.obj)
                0x0000000000003b0c                z_SysNmiOnReset
 .text._HandlerModeExit
                0x0000000000003b14       0x28 zephyr/arch/arch/arm/core/cortex_m/libarch__arm__core__cortex_m.a(exc_exit.c.obj)
                0x0000000000003b14                z_arm_exc_exit
                0x0000000000003b14                z_arm_int_exit
 .text.bus_fault.constprop.0
                0x0000000000003b3c      0x13c zephyr/arch/arch/arm/core/cortex_m/libarch__arm__core__cortex_m.a(fault.c.obj)
 .text.usage_fault.constprop.0
                0x0000000000003c78      0x108 zephyr/arch/arch/arm/core/cortex_m/libarch__arm__core__cortex_m.a(fault.c.obj)
 .text.mem_manage_fault
                0x0000000000003d80      0x164 zephyr/arch/arch/arm/core/cortex_m/libarch__arm__core__cortex_m.a(fault.c.obj)
 .text.z_arm_fault
                0x0000000000003ee4      0x200 zephyr/arch/arch/arm/core/cortex_m/libarch__arm__core__cortex_m.a(fault.c.obj)
                0x0000000000003ee4                z_arm_fault
 .text.z_arm_fault_init
                0x00000000000040e4       0x18 zephyr/arch/arch/arm/core/cortex_m/libarch__arm__core__cortex_m.a(fault.c.obj)
                0x00000000000040e4                z_arm_fault_init
 .text.__fault  0x00000000000040fc       0x14 zephyr/arch/arch/arm/core/cortex_m/libarch__arm__core__cortex_m.a(fault_s.S.obj)
                0x00000000000040fc                z_arm_bus_fault
                0x00000000000040fc                z_arm_usage_fault
                0x00000000000040fc                z_arm_mpu_fault
                0x00000000000040fc                z_arm_exc_spurious
                0x00000000000040fc                z_arm_debug_monitor
                0x00000000000040fc                z_arm_hard_fault
 .text._reset_section
                0x0000000000004110       0x64 zephyr/arch/arch/arm/core/cortex_m/libarch__arm__core__cortex_m.a(reset.S.obj)
                0x0000000000004110                z_arm_reset
                0x0000000000004110                __start
 .text.sys_arch_reboot
                0x0000000000004174       0x24 zephyr/arch/arch/arm/core/cortex_m/libarch__arm__core__cortex_m.a(scb.c.obj)
                0x0000000000004174                sys_arch_reboot
 .text.z_arm_clear_arm_mpu_config
                0x0000000000004198       0x24 zephyr/arch/arch/arm/core/cortex_m/libarch__arm__core__cortex_m.a(scb.c.obj)
                0x0000000000004198                z_arm_clear_arm_mpu_config
 .text.z_arm_init_arch_hw_at_boot
                0x00000000000041bc       0x64 zephyr/arch/arch/arm/core/cortex_m/libarch__arm__core__cortex_m.a(scb.c.obj)
                0x00000000000041bc                z_arm_init_arch_hw_at_boot
 .text.z_impl_k_thread_abort
                0x0000000000004220       0x2c zephyr/arch/arch/arm/core/cortex_m/libarch__arm__core__cortex_m.a(thread_abort.c.obj)
                0x0000000000004220                z_impl_k_thread_abort
 .text.arch_swap
                0x000000000000424c       0x30 zephyr/arch/arch/arm/core/cortex_m/libarch__arm__core__cortex_m.a(swap.c.obj)
                0x000000000000424c                arch_swap
 .text.z_arm_pendsv_c
                0x000000000000427c       0x50 zephyr/arch/arch/arm/core/cortex_m/libarch__arm__core__cortex_m.a(swap.c.obj)
                0x000000000000427c                z_arm_pendsv_c
 .text.z_arm_pendsv
                0x00000000000042cc       0x6c zephyr/arch/arch/arm/core/cortex_m/libarch__arm__core__cortex_m.a(swap_helper.S.obj)
                0x00000000000042cc                z_arm_pendsv
 .text.z_arm_svc
                0x0000000000004338       0x20 zephyr/arch/arch/arm/core/cortex_m/libarch__arm__core__cortex_m.a(swap_helper.S.obj)
                0x0000000000004338                z_arm_svc
 .text.arch_irq_enable
                0x0000000000004358       0x1c zephyr/arch/arch/arm/core/cortex_m/libarch__arm__core__cortex_m.a(irq_manage.c.obj)
                0x0000000000004358                arch_irq_enable
 .text.arch_irq_disable
                0x0000000000004374       0x28 zephyr/arch/arch/arm/core/cortex_m/libarch__arm__core__cortex_m.a(irq_manage.c.obj)
                0x0000000000004374                arch_irq_disable
 .text.arch_irq_is_enabled
                0x000000000000439c       0x1c zephyr/arch/arch/arm/core/cortex_m/libarch__arm__core__cortex_m.a(irq_manage.c.obj)
                0x000000000000439c                arch_irq_is_enabled
 .text.z_arm_irq_priority_set
                0x00000000000043b8       0x30 zephyr/arch/arch/arm/core/cortex_m/libarch__arm__core__cortex_m.a(irq_manage.c.obj)
                0x00000000000043b8                z_arm_irq_priority_set
 .text.z_prep_c
                0x00000000000043e8       0x5c zephyr/arch/arch/arm/core/cortex_m/libarch__arm__core__cortex_m.a(prep_c.c.obj)
                0x00000000000043e8                z_prep_c
 .text.arch_new_thread
                0x0000000000004444       0x60 zephyr/arch/arch/arm/core/cortex_m/libarch__arm__core__cortex_m.a(thread.c.obj)
                0x0000000000004444                arch_new_thread
 .text.z_arm_mpu_stack_guard_and_fpu_adjust
                0x00000000000044a4       0x70 zephyr/arch/arch/arm/core/cortex_m/libarch__arm__core__cortex_m.a(thread.c.obj)
                0x00000000000044a4                z_arm_mpu_stack_guard_and_fpu_adjust
 .text.z_check_thread_stack_fail
                0x0000000000004514       0x38 zephyr/arch/arch/arm/core/cortex_m/libarch__arm__core__cortex_m.a(thread.c.obj)
                0x0000000000004514                z_check_thread_stack_fail
 .text.arch_float_disable
                0x000000000000454c       0x48 zephyr/arch/arch/arm/core/cortex_m/libarch__arm__core__cortex_m.a(thread.c.obj)
                0x000000000000454c                arch_float_disable
 .text.arch_switch_to_main_thread
                0x0000000000004594       0x54 zephyr/arch/arch/arm/core/cortex_m/libarch__arm__core__cortex_m.a(thread.c.obj)
                0x0000000000004594                arch_switch_to_main_thread
 .text.z_arm_cpu_idle_init
                0x00000000000045e8        0xc zephyr/arch/arch/arm/core/cortex_m/libarch__arm__core__cortex_m.a(cpu_idle.c.obj)
                0x00000000000045e8                z_arm_cpu_idle_init
 .text.z_arm_interrupt_init
                0x00000000000045f4       0x18 zephyr/arch/arch/arm/core/cortex_m/libarch__arm__core__cortex_m.a(irq_init.c.obj)
                0x00000000000045f4                z_arm_interrupt_init
 .text._isr_wrapper
                0x000000000000460c       0x24 zephyr/arch/arch/arm/core/cortex_m/libarch__arm__core__cortex_m.a(isr_wrapper.c.obj)
                0x000000000000460c                _isr_wrapper
 .text.z_arm_configure_static_mpu_regions
                0x0000000000004630       0x18 zephyr/arch/arch/arm/core/mpu/libarch__arm__core__mpu.a(arm_core_mpu.c.obj)
                0x0000000000004630                z_arm_configure_static_mpu_regions
 .text.z_arm_configure_dynamic_mpu_regions
                0x0000000000004648       0x2c zephyr/arch/arch/arm/core/mpu/libarch__arm__core__mpu.a(arm_core_mpu.c.obj)
                0x0000000000004648                z_arm_configure_dynamic_mpu_regions
 .text.region_allocate_and_init
                0x0000000000004674       0x60 zephyr/arch/arch/arm/core/mpu/libarch__arm__core__mpu.a(arm_mpu.c.obj)
 .text.mpu_configure_regions
                0x00000000000046d4       0x74 zephyr/arch/arch/arm/core/mpu/libarch__arm__core__mpu.a(arm_mpu.c.obj)
 .text.arm_core_mpu_enable
                0x0000000000004748       0x18 zephyr/arch/arch/arm/core/mpu/libarch__arm__core__mpu.a(arm_mpu.c.obj)
                0x0000000000004748                arm_core_mpu_enable
 .text.arm_core_mpu_disable
                0x0000000000004760       0x14 zephyr/arch/arch/arm/core/mpu/libarch__arm__core__mpu.a(arm_mpu.c.obj)
                0x0000000000004760                arm_core_mpu_disable
 .text.arm_core_mpu_configure_static_mpu_regions
                0x0000000000004774       0x14 zephyr/arch/arch/arm/core/mpu/libarch__arm__core__mpu.a(arm_mpu.c.obj)
                0x0000000000004774                arm_core_mpu_configure_static_mpu_regions
 .text.arm_core_mpu_configure_dynamic_mpu_regions
                0x0000000000004788       0x38 zephyr/arch/arch/arm/core/mpu/libarch__arm__core__mpu.a(arm_mpu.c.obj)
                0x0000000000004788                arm_core_mpu_configure_dynamic_mpu_regions
 .text.z_arm_mpu_init
                0x00000000000047c0      0x17c zephyr/arch/arch/arm/core/mpu/libarch__arm__core__mpu.a(arm_mpu.c.obj)
                0x00000000000047c0                z_arm_mpu_init
 .text.__stdout_hook_install
                0x000000000000493c        0xc zephyr/lib/libc/newlib/liblib__libc__newlib.a(libc-hooks.c.obj)
                0x000000000000493c                __stdout_hook_install
 .text.z_impl_zephyr_read_stdin
                0x0000000000004948       0x28 zephyr/lib/libc/newlib/liblib__libc__newlib.a(libc-hooks.c.obj)
                0x0000000000004948                z_impl_zephyr_read_stdin
 .text.z_impl_zephyr_write_stdout
                0x0000000000004970       0x30 zephyr/lib/libc/newlib/liblib__libc__newlib.a(libc-hooks.c.obj)
                0x0000000000004970                z_impl_zephyr_write_stdout
 .text._sbrk    0x00000000000049a0       0x28 zephyr/lib/libc/newlib/liblib__libc__newlib.a(libc-hooks.c.obj)
                0x00000000000049a0                _sbrk
                0x00000000000049a0                sbrk
 .text.abort    0x00000000000049c8       0x1c zephyr/lib/libc/common/liblib__libc__common.a(abort.c.obj)
                0x00000000000049c8                abort
 .text.nordicsemi_nrf52_init
                0x00000000000049e4       0x44 zephyr/soc/soc/nrf52840/libsoc__nordic.a(soc.c.obj)
 .text.arch_busy_wait
                0x0000000000004a28       0x14 zephyr/soc/soc/nrf52840/libsoc__nordic.a(soc.c.obj)
                0x0000000000004a28                arch_busy_wait
 .text.registry_find
                0x0000000000004a3c       0x2c zephyr/subsys/fs/libsubsys__fs.a(fs.c.obj)
 .text.k_mutex_lock.constprop.0.isra.0
                0x0000000000004a68       0x10 zephyr/subsys/fs/libsubsys__fs.a(fs.c.obj)
 .text.k_mutex_unlock.constprop.0.isra.0
                0x0000000000004a78        0xc zephyr/subsys/fs/libsubsys__fs.a(fs.c.obj)
 .text.fs_get_mnt_point
                0x0000000000004a84       0x90 zephyr/subsys/fs/libsubsys__fs.a(fs.c.obj)
 .text.fs_open  0x0000000000004b14      0x144 zephyr/subsys/fs/libsubsys__fs.a(fs.c.obj)
                0x0000000000004b14                fs_open
 .text.fs_close
                0x0000000000004c58       0x48 zephyr/subsys/fs/libsubsys__fs.a(fs.c.obj)
                0x0000000000004c58                fs_close
 .text.fs_read  0x0000000000004ca0       0x44 zephyr/subsys/fs/libsubsys__fs.a(fs.c.obj)
                0x0000000000004ca0                fs_read
 .text.fs_write
                0x0000000000004ce4       0x44 zephyr/subsys/fs/libsubsys__fs.a(fs.c.obj)
                0x0000000000004ce4                fs_write
 .text.fs_opendir
                0x0000000000004d28       0xe4 zephyr/subsys/fs/libsubsys__fs.a(fs.c.obj)
                0x0000000000004d28                fs_opendir
 .text.fs_readdir
                0x0000000000004e0c      0x100 zephyr/subsys/fs/libsubsys__fs.a(fs.c.obj)
                0x0000000000004e0c                fs_readdir
 .text.fs_closedir
                0x0000000000004f0c       0x4c zephyr/subsys/fs/libsubsys__fs.a(fs.c.obj)
                0x0000000000004f0c                fs_closedir
 .text.fs_mkdir
                0x0000000000004f58       0xa8 zephyr/subsys/fs/libsubsys__fs.a(fs.c.obj)
                0x0000000000004f58                fs_mkdir
 .text.fs_mount
                0x0000000000005000      0x194 zephyr/subsys/fs/libsubsys__fs.a(fs.c.obj)
                0x0000000000005000                fs_mount
 .text.fs_register
                0x0000000000005194       0x50 zephyr/subsys/fs/libsubsys__fs.a(fs.c.obj)
                0x0000000000005194                fs_register
 .text.fs_impl_strip_prefix
                0x00000000000051e4       0x18 zephyr/subsys/fs/libsubsys__fs.a(fs_impl.c.obj)
                0x00000000000051e4                fs_impl_strip_prefix
 .text.littlefs_init
                0x00000000000051fc        0xc zephyr/subsys/fs/libsubsys__fs.a(littlefs_fs.c.obj)
 .text.release_file_data
                0x0000000000005208       0x28 zephyr/subsys/fs/libsubsys__fs.a(littlefs_fs.c.obj)
 .text.lfs_to_errno
                0x0000000000005230       0x1c zephyr/subsys/fs/libsubsys__fs.a(littlefs_fs.c.obj)
 .text.errno_to_lfs
                0x000000000000524c       0x20 zephyr/subsys/fs/libsubsys__fs.a(littlefs_fs.c.obj)
 .text.littlefs_init_fs
                0x000000000000526c      0x1c4 zephyr/subsys/fs/libsubsys__fs.a(littlefs_fs.c.obj)
 .text.littlefs_open
                0x0000000000005430       0xac zephyr/subsys/fs/libsubsys__fs.a(littlefs_fs.c.obj)
 .text.littlefs_opendir
                0x00000000000054dc       0x68 zephyr/subsys/fs/libsubsys__fs.a(littlefs_fs.c.obj)
 .text.littlefs_closedir
                0x0000000000005544       0x38 zephyr/subsys/fs/libsubsys__fs.a(littlefs_fs.c.obj)
 .text.littlefs_unmount
                0x000000000000557c       0x58 zephyr/subsys/fs/libsubsys__fs.a(littlefs_fs.c.obj)
 .text.littlefs_mount
                0x00000000000055d4      0x100 zephyr/subsys/fs/libsubsys__fs.a(littlefs_fs.c.obj)
 .text.littlefs_mkfs
                0x00000000000056d4       0x84 zephyr/subsys/fs/libsubsys__fs.a(littlefs_fs.c.obj)
 .text.adc_context_start_sampling
                0x0000000000005758       0x1c zephyr/drivers/adc/libdrivers__adc.a(adc_nrfx_saadc.c.obj)
 .text.adc_nrfx_channel_setup
                0x0000000000005774      0x16c zephyr/drivers/adc/libdrivers__adc.a(adc_nrfx_saadc.c.obj)
 .text.adc_nrfx_read
                0x00000000000058e0      0x218 zephyr/drivers/adc/libdrivers__adc.a(adc_nrfx_saadc.c.obj)
 .text.init_saadc
                0x0000000000005af8       0x44 zephyr/drivers/adc/libdrivers__adc.a(adc_nrfx_saadc.c.obj)
 .text.saadc_irq_handler
                0x0000000000005b3c      0x104 zephyr/drivers/adc/libdrivers__adc.a(adc_nrfx_saadc.c.obj)
 .text.onoff_stop
                0x0000000000005c40       0x30 zephyr/drivers/clock_control/libdrivers__clock_control.a(clock_control_nrf.c.obj)
 .text.onoff_start
                0x0000000000005c70       0x44 zephyr/drivers/clock_control/libdrivers__clock_control.a(clock_control_nrf.c.obj)
 .text.generic_hfclk_stop
                0x0000000000005cb4       0x34 zephyr/drivers/clock_control/libdrivers__clock_control.a(clock_control_nrf.c.obj)
 .text.clk_init
                0x0000000000005ce8       0x58 zephyr/drivers/clock_control/libdrivers__clock_control.a(clock_control_nrf.c.obj)
 .text.api_blocking_start
                0x0000000000005d40       0x34 zephyr/drivers/clock_control/libdrivers__clock_control.a(clock_control_nrf.c.obj)
 .text.clkstarted_handle.constprop.0
                0x0000000000005d74       0x4c zephyr/drivers/clock_control/libdrivers__clock_control.a(clock_control_nrf.c.obj)
 .text.generic_hfclk_start
                0x0000000000005dc0       0x7c zephyr/drivers/clock_control/libdrivers__clock_control.a(clock_control_nrf.c.obj)
 .text.clock_event_handler
                0x0000000000005e3c       0x1c zephyr/drivers/clock_control/libdrivers__clock_control.a(clock_control_nrf.c.obj)
 .text.z_nrf_clock_control_lf_on
                0x0000000000005e58       0xfc zephyr/drivers/clock_control/libdrivers__clock_control.a(clock_control_nrf.c.obj)
                0x0000000000005e58                z_nrf_clock_control_lf_on
 .text.rtt_console_init
                0x0000000000005f54       0x18 zephyr/drivers/console/libdrivers__console.a(rtt_console.c.obj)
 .text.rtt_console_out
                0x0000000000005f6c       0x48 zephyr/drivers/console/libdrivers__console.a(rtt_console.c.obj)
 .text.flash_nor_get_parameters
                0x0000000000005fb4        0x8 zephyr/drivers/flash/libdrivers__flash.a(spi_nor.c.obj)
 .text.spi_nor_erase
                0x0000000000005fbc      0x118 zephyr/drivers/flash/libdrivers__flash.a(spi_nor.c.obj)
 .text.spi_nor_init
                0x00000000000060d4      0x2d4 zephyr/drivers/flash/libdrivers__flash.a(spi_nor.c.obj)
 .text.flash_nrf_pages_layout
                0x00000000000063a8       0x10 zephyr/drivers/flash/libdrivers__flash.a(soc_flash_nrf.c.obj)
 .text.flash_nrf_get_parameters
                0x00000000000063b8        0x8 zephyr/drivers/flash/libdrivers__flash.a(soc_flash_nrf.c.obj)
 .text.flash_nrf_read
                0x00000000000063c0       0x4c zephyr/drivers/flash/libdrivers__flash.a(soc_flash_nrf.c.obj)
 .text.nrf_flash_init
                0x000000000000640c       0x28 zephyr/drivers/flash/libdrivers__flash.a(soc_flash_nrf.c.obj)
 .text.restore_pofwarn.part.0
                0x0000000000006434       0x2c zephyr/drivers/flash/libdrivers__flash.a(soc_flash_nrf.c.obj)
 .text.suspend_pofwarn
                0x0000000000006460       0x58 zephyr/drivers/flash/libdrivers__flash.a(soc_flash_nrf.c.obj)
 .text.flash_nrf_erase
                0x00000000000064b8       0xc8 zephyr/drivers/flash/libdrivers__flash.a(soc_flash_nrf.c.obj)
 .text.flash_nrf_write
                0x0000000000006580       0xc8 zephyr/drivers/flash/libdrivers__flash.a(soc_flash_nrf.c.obj)
 .text.gpio_nrfx_pin_interrupt_configure
                0x0000000000006648      0x100 zephyr/drivers/gpio/libdrivers__gpio.a(gpio_nrfx.c.obj)
 .text.gpio_nrfx_init
                0x0000000000006748       0x48 zephyr/drivers/gpio/libdrivers__gpio.a(gpio_nrfx.c.obj)
 .text.nrfx_gpio_handler
                0x0000000000006790       0x4c zephyr/drivers/gpio/libdrivers__gpio.a(gpio_nrfx.c.obj)
 .text.gpio_nrfx_pin_configure
                0x00000000000067dc      0x18c zephyr/drivers/gpio/libdrivers__gpio.a(gpio_nrfx.c.obj)
 .text.nrf_gpio_pin_port_decode
                0x0000000000006968       0x20 zephyr/drivers/pinctrl/libdrivers__pinctrl.a(pinctrl_nrf.c.obj)
 .text.pinctrl_configure_pins
                0x0000000000006988      0x1a4 zephyr/drivers/pinctrl/libdrivers__pinctrl.a(pinctrl_nrf.c.obj)
                0x0000000000006988                pinctrl_configure_pins
 .text.z_log_msg_runtime_create.constprop.0
                0x0000000000006b2c       0x24 zephyr/drivers/serial/libdrivers__serial.a(uart_nrfx_uarte.c.obj)
 .text.uarte_nrfx_poll_out
                0x0000000000006b50       0xb4 zephyr/drivers/serial/libdrivers__serial.a(uart_nrfx_uarte.c.obj)
 .text.uarte_0_init
                0x0000000000006c04      0x128 zephyr/drivers/serial/libdrivers__serial.a(uart_nrfx_uarte.c.obj)
 .text.spi_nrfx_init
                0x0000000000006d2c      0x114 zephyr/drivers/spi/libdrivers__spi.a(spi_nrfx_spi.c.obj)
 .text.transfer_next_chunk
                0x0000000000006e40       0x70 zephyr/drivers/spi/libdrivers__spi.a(spi_nrfx_spi.c.obj)
 .text.event_handler
                0x0000000000006eb0       0xd8 zephyr/drivers/spi/libdrivers__spi.a(spi_nrfx_spi.c.obj)
 .text.spi_nrfx_transceive
                0x0000000000006f88      0x40c zephyr/drivers/spi/libdrivers__spi.a(spi_nrfx_spi.c.obj)
 .text.nrf_gpio_cfg_input
                0x0000000000007394       0x40 zephyr/drivers/spi/libdrivers__spi.a(spi_nrfx_common.c.obj)
 .text.spi_nrfx_wake_init
                0x00000000000073d4       0x60 zephyr/drivers/spi/libdrivers__spi.a(spi_nrfx_common.c.obj)
                0x00000000000073d4                spi_nrfx_wake_init
 .text.spi_nrfx_init
                0x0000000000007434      0x110 zephyr/drivers/spi/libdrivers__spi.a(spi_nrfx_spim.c.obj)
 .text.transfer_next_chunk
                0x0000000000007544       0xd0 zephyr/drivers/spi/libdrivers__spi.a(spi_nrfx_spim.c.obj)
 .text.event_handler
                0x0000000000007614       0xf0 zephyr/drivers/spi/libdrivers__spi.a(spi_nrfx_spim.c.obj)
 .text.spi_nrfx_transceive
                0x0000000000007704      0x408 zephyr/drivers/spi/libdrivers__spi.a(spi_nrfx_spim.c.obj)
 .text.compare_int_lock
                0x0000000000007b0c       0x48 zephyr/drivers/timer/libdrivers__timer.a(nrf_rtc_timer.c.obj)
 .text.sys_clock_timeout_handler
                0x0000000000007b54       0x48 zephyr/drivers/timer/libdrivers__timer.a(nrf_rtc_timer.c.obj)
 .text.compare_int_unlock
                0x0000000000007b9c       0x5c zephyr/drivers/timer/libdrivers__timer.a(nrf_rtc_timer.c.obj)
 .text.z_nrf_rtc_timer_read
                0x0000000000007bf8       0x44 zephyr/drivers/timer/libdrivers__timer.a(nrf_rtc_timer.c.obj)
                0x0000000000007bf8                z_nrf_rtc_timer_read
 .text.compare_set
                0x0000000000007c3c      0x130 zephyr/drivers/timer/libdrivers__timer.a(nrf_rtc_timer.c.obj)
 .text.sys_clock_driver_init
                0x0000000000007d6c       0x90 zephyr/drivers/timer/libdrivers__timer.a(nrf_rtc_timer.c.obj)
 .text.rtc_nrf_isr
                0x0000000000007dfc       0xd4 zephyr/drivers/timer/libdrivers__timer.a(nrf_rtc_timer.c.obj)
                0x0000000000007dfc                rtc_nrf_isr
 .text.sys_clock_set_timeout
                0x0000000000007ed0       0x5c zephyr/drivers/timer/libdrivers__timer.a(nrf_rtc_timer.c.obj)
                0x0000000000007ed0                sys_clock_set_timeout
 .text.sys_clock_elapsed
                0x0000000000007f2c       0x14 zephyr/drivers/timer/libdrivers__timer.a(nrf_rtc_timer.c.obj)
                0x0000000000007f2c                sys_clock_elapsed
 .text.sys_clock_disable
                0x0000000000007f40       0x30 zephyr/drivers/timer/libdrivers__timer.a(nrf_rtc_timer.c.obj)
                0x0000000000007f40                sys_clock_disable
 .text.wdt_nrf_install_timeout
                0x0000000000007f70       0x7c zephyr/drivers/watchdog/libdrivers__watchdog.a(wdt_nrfx.c.obj)
 .text.wdt_nrf_setup
                0x0000000000007fec       0x54 zephyr/drivers/watchdog/libdrivers__watchdog.a(wdt_nrfx.c.obj)
 .text.wdt_0_init
                0x0000000000008040       0x30 zephyr/drivers/watchdog/libdrivers__watchdog.a(wdt_nrfx.c.obj)
 .text.wdt_0_event_handler
                0x0000000000008070       0x3c zephyr/drivers/watchdog/libdrivers__watchdog.a(wdt_nrfx.c.obj)
 .text.nrf52_errata_98
                0x00000000000080ac       0x24 modules/hal_nordic/nrfx/libmodules__hal_nordic__nrfx.a(system_nrf52840.c.obj)
 .text.nvmc_wait
                0x00000000000080d0       0x10 modules/hal_nordic/nrfx/libmodules__hal_nordic__nrfx.a(system_nrf52840.c.obj)
                0x00000000000080d0                nvmc_wait
 .text.SystemInit
                0x00000000000080e0      0x1d8 modules/hal_nordic/nrfx/libmodules__hal_nordic__nrfx.a(system_nrf52840.c.obj)
                0x00000000000080e0                SystemInit
 .text.nrfx_flag32_alloc
                0x00000000000082b8       0x48 modules/hal_nordic/nrfx/libmodules__hal_nordic__nrfx.a(nrfx_flag32_allocator.c.obj)
                0x00000000000082b8                nrfx_flag32_alloc
 .text.nrfx_flag32_free
                0x0000000000008300       0x40 modules/hal_nordic/nrfx/libmodules__hal_nordic__nrfx.a(nrfx_flag32_allocator.c.obj)
                0x0000000000008300                nrfx_flag32_free
 .text.nrfx_gppi_channels_enable
                0x0000000000008340        0xc modules/hal_nordic/nrfx/libmodules__hal_nordic__nrfx.a(nrfx_gppi_ppi.c.obj)
                0x0000000000008340                nrfx_gppi_channels_enable
 .text.clock_stop
                0x000000000000834c       0xc4 modules/hal_nordic/nrfx/libmodules__hal_nordic__nrfx.a(nrfx_clock.c.obj)
 .text.nrfx_clock_init
                0x0000000000008410       0x20 modules/hal_nordic/nrfx/libmodules__hal_nordic__nrfx.a(nrfx_clock.c.obj)
                0x0000000000008410                nrfx_clock_init
 .text.nrfx_clock_enable
                0x0000000000008430       0x24 modules/hal_nordic/nrfx/libmodules__hal_nordic__nrfx.a(nrfx_clock.c.obj)
                0x0000000000008430                nrfx_clock_enable
 .text.nrfx_clock_start
                0x0000000000008454       0xa8 modules/hal_nordic/nrfx/libmodules__hal_nordic__nrfx.a(nrfx_clock.c.obj)
                0x0000000000008454                nrfx_clock_start
 .text.nrfx_power_clock_irq_handler
                0x00000000000084fc       0x68 modules/hal_nordic/nrfx/libmodules__hal_nordic__nrfx.a(nrfx_clock.c.obj)
                0x00000000000084fc                nrfx_power_clock_irq_handler
 .text.nrf_gpio_pin_port_decode
                0x0000000000008564       0x20 modules/hal_nordic/nrfx/libmodules__hal_nordic__nrfx.a(nrfx_gpiote.c.obj)
 .text.get_pin_idx
                0x0000000000008584       0x14 modules/hal_nordic/nrfx/libmodules__hal_nordic__nrfx.a(nrfx_gpiote.c.obj)
 .text.call_handler.constprop.0
                0x0000000000008598       0x40 modules/hal_nordic/nrfx/libmodules__hal_nordic__nrfx.a(nrfx_gpiote.c.obj)
 .text.pin_te_get.constprop.0
                0x00000000000085d8       0x18 modules/hal_nordic/nrfx/libmodules__hal_nordic__nrfx.a(nrfx_gpiote.c.obj)
 .text.pin_is_output.constprop.0
                0x00000000000085f0       0x18 modules/hal_nordic/nrfx/libmodules__hal_nordic__nrfx.a(nrfx_gpiote.c.obj)
 .text.pin_in_use_by_te.constprop.0
                0x0000000000008608       0x18 modules/hal_nordic/nrfx/libmodules__hal_nordic__nrfx.a(nrfx_gpiote.c.obj)
 .text.latch_pending_read_and_check
                0x0000000000008620       0x40 modules/hal_nordic/nrfx/libmodules__hal_nordic__nrfx.a(nrfx_gpiote.c.obj)
 .text.release_handler.isra.0
                0x0000000000008660       0x58 modules/hal_nordic/nrfx/libmodules__hal_nordic__nrfx.a(nrfx_gpiote.c.obj)
 .text.__nrfy_internal_gpiote_events_process.constprop.0
                0x00000000000086b8       0x5c modules/hal_nordic/nrfx/libmodules__hal_nordic__nrfx.a(nrfx_gpiote.c.obj)
 .text.pin_uninit
                0x0000000000008714       0x80 modules/hal_nordic/nrfx/libmodules__hal_nordic__nrfx.a(nrfx_gpiote.c.obj)
 .text.nrfx_gpiote_input_configure
                0x0000000000008794      0x174 modules/hal_nordic/nrfx/libmodules__hal_nordic__nrfx.a(nrfx_gpiote.c.obj)
                0x0000000000008794                nrfx_gpiote_input_configure
 .text.nrfx_gpiote_output_configure
                0x0000000000008908       0xfc modules/hal_nordic/nrfx/libmodules__hal_nordic__nrfx.a(nrfx_gpiote.c.obj)
                0x0000000000008908                nrfx_gpiote_output_configure
 .text.nrfx_gpiote_global_callback_set
                0x0000000000008a04        0xc modules/hal_nordic/nrfx/libmodules__hal_nordic__nrfx.a(nrfx_gpiote.c.obj)
                0x0000000000008a04                nrfx_gpiote_global_callback_set
 .text.nrfx_gpiote_channel_get
                0x0000000000008a10       0x34 modules/hal_nordic/nrfx/libmodules__hal_nordic__nrfx.a(nrfx_gpiote.c.obj)
                0x0000000000008a10                nrfx_gpiote_channel_get
 .text.nrfx_gpiote_init
                0x0000000000008a44       0x68 modules/hal_nordic/nrfx/libmodules__hal_nordic__nrfx.a(nrfx_gpiote.c.obj)
                0x0000000000008a44                nrfx_gpiote_init
 .text.nrfx_gpiote_init_check
                0x0000000000008aac       0x14 modules/hal_nordic/nrfx/libmodules__hal_nordic__nrfx.a(nrfx_gpiote.c.obj)
                0x0000000000008aac                nrfx_gpiote_init_check
 .text.nrfx_gpiote_channel_free
                0x0000000000008ac0        0xc modules/hal_nordic/nrfx/libmodules__hal_nordic__nrfx.a(nrfx_gpiote.c.obj)
                0x0000000000008ac0                nrfx_gpiote_channel_free
 .text.nrfx_gpiote_channel_alloc
                0x0000000000008acc        0xc modules/hal_nordic/nrfx/libmodules__hal_nordic__nrfx.a(nrfx_gpiote.c.obj)
                0x0000000000008acc                nrfx_gpiote_channel_alloc
 .text.nrfx_gpiote_trigger_enable
                0x0000000000008ad8       0xb0 modules/hal_nordic/nrfx/libmodules__hal_nordic__nrfx.a(nrfx_gpiote.c.obj)
                0x0000000000008ad8                nrfx_gpiote_trigger_enable
 .text.nrfx_gpiote_0_irq_handler
                0x0000000000008b88      0x1bc modules/hal_nordic/nrfx/libmodules__hal_nordic__nrfx.a(nrfx_gpiote.c.obj)
                0x0000000000008b88                nrfx_gpiote_0_irq_handler
 .text.nvmc_word_write
                0x0000000000008d44       0x18 modules/hal_nordic/nrfx/libmodules__hal_nordic__nrfx.a(nrfx_nvmc.c.obj)
 .text.nrfx_nvmc_page_erase
                0x0000000000008d5c       0x40 modules/hal_nordic/nrfx/libmodules__hal_nordic__nrfx.a(nrfx_nvmc.c.obj)
                0x0000000000008d5c                nrfx_nvmc_page_erase
 .text.nrfx_nvmc_word_write
                0x0000000000008d9c       0x1c modules/hal_nordic/nrfx/libmodules__hal_nordic__nrfx.a(nrfx_nvmc.c.obj)
                0x0000000000008d9c                nrfx_nvmc_word_write
 .text.nrfx_ppi_channel_alloc
                0x0000000000008db8        0xc modules/hal_nordic/nrfx/libmodules__hal_nordic__nrfx.a(nrfx_ppi.c.obj)
                0x0000000000008db8                nrfx_ppi_channel_alloc
 .text.nrf_gpio_pin_port_decode
                0x0000000000008dc4       0x20 modules/hal_nordic/nrfx/libmodules__hal_nordic__nrfx.a(nrfx_spi.c.obj)
 .text.nrf_gpio_cfg_output
                0x0000000000008de4       0x2c modules/hal_nordic/nrfx/libmodules__hal_nordic__nrfx.a(nrfx_spi.c.obj)
 .text.spi_configure
                0x0000000000008e10      0x120 modules/hal_nordic/nrfx/libmodules__hal_nordic__nrfx.a(nrfx_spi.c.obj)
 .text.nrf_gpio_cfg_default
                0x0000000000008f30       0x2c modules/hal_nordic/nrfx/libmodules__hal_nordic__nrfx.a(nrfx_spi.c.obj)
 .text.nrfx_spi_init
                0x0000000000008f5c       0x68 modules/hal_nordic/nrfx/libmodules__hal_nordic__nrfx.a(nrfx_spi.c.obj)
                0x0000000000008f5c                nrfx_spi_init
 .text.nrfx_spi_uninit
                0x0000000000008fc4       0x70 modules/hal_nordic/nrfx/libmodules__hal_nordic__nrfx.a(nrfx_spi.c.obj)
                0x0000000000008fc4                nrfx_spi_uninit
 .text.nrfx_spi_xfer
                0x0000000000009034       0xfc modules/hal_nordic/nrfx/libmodules__hal_nordic__nrfx.a(nrfx_spi.c.obj)
                0x0000000000009034                nrfx_spi_xfer
 .text.nrfx_spi_0_irq_handler
                0x0000000000009130       0x10 modules/hal_nordic/nrfx/libmodules__hal_nordic__nrfx.a(nrfx_spi.c.obj)
                0x0000000000009130                nrfx_spi_0_irq_handler
 .text.nrfx_spi_1_irq_handler
                0x0000000000009140       0x10 modules/hal_nordic/nrfx/libmodules__hal_nordic__nrfx.a(nrfx_spi.c.obj)
                0x0000000000009140                nrfx_spi_1_irq_handler
 .text.nrf_gpio_pin_port_decode
                0x0000000000009150       0x20 modules/hal_nordic/nrfx/libmodules__hal_nordic__nrfx.a(nrfx_spim.c.obj)
 .text.spim_abort
                0x0000000000009170       0x74 modules/hal_nordic/nrfx/libmodules__hal_nordic__nrfx.a(nrfx_spim.c.obj)
 .text.spim_frequency_valid_check.constprop.0
                0x00000000000091e4       0x64 modules/hal_nordic/nrfx/libmodules__hal_nordic__nrfx.a(nrfx_spim.c.obj)
 .text.pin_init
                0x0000000000009248       0x50 modules/hal_nordic/nrfx/libmodules__hal_nordic__nrfx.a(nrfx_spim.c.obj)
 .text.spim_configure
                0x0000000000009298      0x230 modules/hal_nordic/nrfx/libmodules__hal_nordic__nrfx.a(nrfx_spim.c.obj)
 .text.spim_pin_uninit
                0x00000000000094c8       0x30 modules/hal_nordic/nrfx/libmodules__hal_nordic__nrfx.a(nrfx_spim.c.obj)
 .text.nrfx_spim_init
                0x00000000000094f8       0x68 modules/hal_nordic/nrfx/libmodules__hal_nordic__nrfx.a(nrfx_spim.c.obj)
                0x00000000000094f8                nrfx_spim_init
 .text.nrfx_spim_uninit
                0x0000000000009560       0x9c modules/hal_nordic/nrfx/libmodules__hal_nordic__nrfx.a(nrfx_spim.c.obj)
                0x0000000000009560                nrfx_spim_uninit
 .text.nrfx_spim_xfer
                0x00000000000095fc      0x1d4 modules/hal_nordic/nrfx/libmodules__hal_nordic__nrfx.a(nrfx_spim.c.obj)
                0x00000000000095fc                nrfx_spim_xfer
 .text.nrfx_spim_3_irq_handler
                0x00000000000097d0       0x64 modules/hal_nordic/nrfx/libmodules__hal_nordic__nrfx.a(nrfx_spim.c.obj)
                0x00000000000097d0                nrfx_spim_3_irq_handler
 .text.wdt_configure
                0x0000000000009834       0x50 modules/hal_nordic/nrfx/libmodules__hal_nordic__nrfx.a(nrfx_wdt.c.obj)
 .text.nrfx_wdt_init
                0x0000000000009884       0x34 modules/hal_nordic/nrfx/libmodules__hal_nordic__nrfx.a(nrfx_wdt.c.obj)
                0x0000000000009884                nrfx_wdt_init
 .text.nrfx_wdt_reconfigure
                0x00000000000098b8       0x34 modules/hal_nordic/nrfx/libmodules__hal_nordic__nrfx.a(nrfx_wdt.c.obj)
                0x00000000000098b8                nrfx_wdt_reconfigure
 .text.nrfx_wdt_enable
                0x00000000000098ec       0x18 modules/hal_nordic/nrfx/libmodules__hal_nordic__nrfx.a(nrfx_wdt.c.obj)
                0x00000000000098ec                nrfx_wdt_enable
 .text.nrfx_wdt_channel_alloc
                0x0000000000009904       0x54 modules/hal_nordic/nrfx/libmodules__hal_nordic__nrfx.a(nrfx_wdt.c.obj)
                0x0000000000009904                nrfx_wdt_channel_alloc
 .text.nrfx_wdt_channel_feed
                0x0000000000009958       0x14 modules/hal_nordic/nrfx/libmodules__hal_nordic__nrfx.a(nrfx_wdt.c.obj)
                0x0000000000009958                nrfx_wdt_channel_feed
 .text.nrfx_wdt_0_irq_handler
                0x000000000000996c       0x38 modules/hal_nordic/nrfx/libmodules__hal_nordic__nrfx.a(nrfx_wdt.c.obj)
                0x000000000000996c                nrfx_wdt_0_irq_handler
 .text.lfs_dir_traverse_filter
                0x00000000000099a4       0x70 modules/littlefs/libmodules__littlefs.a(lfs.c.obj)
 .text.lfs_dir_getslice
                0x0000000000009a14      0x124 modules/littlefs/libmodules__littlefs.a(lfs.c.obj)
 .text.lfs_dir_getgstate
                0x0000000000009b38       0x34 modules/littlefs/libmodules__littlefs.a(lfs.c.obj)
 .text.lfs_dir_getinfo
                0x0000000000009b6c       0x90 modules/littlefs/libmodules__littlefs.a(lfs.c.obj)
 .text.lfs_dir_traverse.constprop.0
                0x0000000000009bfc      0x298 modules/littlefs/libmodules__littlefs.a(lfs.c.obj)
 .text.lfs_dir_getread.constprop.0
                0x0000000000009e94       0xc4 modules/littlefs/libmodules__littlefs.a(lfs.c.obj)
 .text.lfs_dir_fetchmatch
                0x0000000000009f58      0x444 modules/littlefs/libmodules__littlefs.a(lfs.c.obj)
 .text.lfs_fs_parent
                0x000000000000a39c       0xd0 modules/littlefs/libmodules__littlefs.a(lfs.c.obj)
 .text.lfs_dir_find
                0x000000000000a46c      0x150 modules/littlefs/libmodules__littlefs.a(lfs.c.obj)
 .text.lfs_fs_pred
                0x000000000000a5bc       0xb0 modules/littlefs/libmodules__littlefs.a(lfs.c.obj)
 .text.lfs_file_flushedread
                0x000000000000a66c       0xd8 modules/littlefs/libmodules__littlefs.a(lfs.c.obj)
 .text.lfs_fs_traverse_
                0x000000000000a744      0x198 modules/littlefs/libmodules__littlefs.a(lfs.c.obj)
 .text.lfs_alloc_scan
                0x000000000000a8dc       0x50 modules/littlefs/libmodules__littlefs.a(lfs.c.obj)
 .text.lfs_alloc
                0x000000000000a92c       0xb8 modules/littlefs/libmodules__littlefs.a(lfs.c.obj)
 .text.lfs_fs_size_
                0x000000000000a9e4       0x1c modules/littlefs/libmodules__littlefs.a(lfs.c.obj)
 .text.lfs_file_relocate
                0x000000000000aa00       0xe8 modules/littlefs/libmodules__littlefs.a(lfs.c.obj)
 .text.lfs_dir_commitcrc
                0x000000000000aae8      0x1e8 modules/littlefs/libmodules__littlefs.a(lfs.c.obj)
 .text.lfs_dir_compact
                0x000000000000acd0      0x218 modules/littlefs/libmodules__littlefs.a(lfs.c.obj)
 .text.lfs_dir_relocatingcommit
                0x000000000000aee8      0x440 modules/littlefs/libmodules__littlefs.a(lfs.c.obj)
 .text.lfs_dir_orphaningcommit
                0x000000000000b328      0x308 modules/littlefs/libmodules__littlefs.a(lfs.c.obj)
 .text.lfs_fs_deorphan
                0x000000000000b630      0x16c modules/littlefs/libmodules__littlefs.a(lfs.c.obj)
 .text.lfs_fs_forceconsistency
                0x000000000000b79c       0xb8 modules/littlefs/libmodules__littlefs.a(lfs.c.obj)
 .text.lfs_dir_drop
                0x000000000000b854       0x3c modules/littlefs/libmodules__littlefs.a(lfs.c.obj)
 .text.lfs_file_opencfg_
                0x000000000000b890      0x23c modules/littlefs/libmodules__littlefs.a(lfs.c.obj)
 .text.lfs_format
                0x000000000000bacc       0xc8 modules/littlefs/libmodules__littlefs.a(lfs.c.obj)
                0x000000000000bacc                lfs_format
 .text.lfs_mount
                0x000000000000bb94      0x270 modules/littlefs/libmodules__littlefs.a(lfs.c.obj)
                0x000000000000bb94                lfs_mount
 .text.lfs_remove
                0x000000000000be04       0xdc modules/littlefs/libmodules__littlefs.a(lfs.c.obj)
                0x000000000000be04                lfs_remove
 .text.lfs_rename
                0x000000000000bee0      0x264 modules/littlefs/libmodules__littlefs.a(lfs.c.obj)
                0x000000000000bee0                lfs_rename
 .text.lfs_mkdir
                0x000000000000c144      0x148 modules/littlefs/libmodules__littlefs.a(lfs.c.obj)
                0x000000000000c144                lfs_mkdir
 .text.lfs_dir_open
                0x000000000000c28c       0x84 modules/littlefs/libmodules__littlefs.a(lfs.c.obj)
                0x000000000000c28c                lfs_dir_open
 .text.lfs_dir_read
                0x000000000000c310       0x94 modules/littlefs/libmodules__littlefs.a(lfs.c.obj)
                0x000000000000c310                lfs_dir_read
 .text.lfs_crc  0x000000000000c3a4       0x38 modules/littlefs/libmodules__littlefs.a(zephyr_lfs_crc.c.obj)
                0x000000000000c3a4                lfs_crc
 .text._DoInit  0x000000000000c3dc       0x60 modules/segger/libmodules__segger.a(SEGGER_RTT.c.obj)
 .text.SEGGER_RTT_WriteSkipNoLock
                0x000000000000c43c       0x88 modules/segger/libmodules__segger.a(SEGGER_RTT.c.obj)
                0x000000000000c43c                SEGGER_RTT_WriteSkipNoLock
 .text.SEGGER_RTT_WriteNoLock
                0x000000000000c4c4       0x58 modules/segger/libmodules__segger.a(SEGGER_RTT.c.obj)
                0x000000000000c4c4                SEGGER_RTT_WriteNoLock
 .text.SEGGER_RTT_Write
                0x000000000000c51c       0x30 modules/segger/libmodules__segger.a(SEGGER_RTT.c.obj)
                0x000000000000c51c                SEGGER_RTT_Write
 .text.SEGGER_RTT_HasDataUp
                0x000000000000c54c       0x14 modules/segger/libmodules__segger.a(SEGGER_RTT.c.obj)
                0x000000000000c54c                SEGGER_RTT_HasDataUp
 .text.zephyr_rtt_mutex_lock
                0x000000000000c560       0x14 modules/segger/libmodules__segger.a(SEGGER_RTT_zephyr.c.obj)
                0x000000000000c560                zephyr_rtt_mutex_lock
 .text.zephyr_rtt_mutex_unlock
                0x000000000000c574        0xc modules/segger/libmodules__segger.a(SEGGER_RTT_zephyr.c.obj)
                0x000000000000c574                zephyr_rtt_mutex_unlock
 .text.k_sys_fatal_error_handler
                0x000000000000c580       0x2c zephyr/kernel/libkernel.a(fatal.c.obj)
                0x000000000000c580                k_sys_fatal_error_handler
 .text.z_fatal_error
                0x000000000000c5ac       0xcc zephyr/kernel/libkernel.a(fatal.c.obj)
                0x000000000000c5ac                z_fatal_error
 .text.z_sys_init_run_level
                0x000000000000c678       0x2c zephyr/kernel/libkernel.a(init.c.obj)
 .text.bg_thread_main
                0x000000000000c6a4       0xc4 zephyr/kernel/libkernel.a(init.c.obj)
 .text.z_bss_zero
                0x000000000000c768       0x18 zephyr/kernel/libkernel.a(init.c.obj)
                0x000000000000c768                z_bss_zero
 .text.z_init_cpu
                0x000000000000c780       0x70 zephyr/kernel/libkernel.a(init.c.obj)
                0x000000000000c780                z_init_cpu
 .text.z_cstart
                0x000000000000c7f0       0xe4 zephyr/kernel/libkernel.a(init.c.obj)
                0x000000000000c7f0                z_cstart
 .text.statics_init
                0x000000000000c8d4       0x24 zephyr/kernel/libkernel.a(kheap.c.obj)
 .text.init_mem_slab_obj_core_list
                0x000000000000c8f8       0x24 zephyr/kernel/libkernel.a(mem_slab.c.obj)
 .text.k_mem_slab_alloc
                0x000000000000c91c       0x5c zephyr/kernel/libkernel.a(mem_slab.c.obj)
                0x000000000000c91c                k_mem_slab_alloc
 .text.z_impl_k_mutex_lock
                0x000000000000c978       0xf0 zephyr/kernel/libkernel.a(mutex.c.obj)
                0x000000000000c978                z_impl_k_mutex_lock
 .text.z_impl_k_mutex_unlock
                0x000000000000ca68       0x78 zephyr/kernel/libkernel.a(mutex.c.obj)
                0x000000000000ca68                z_impl_k_mutex_unlock
 .text.z_impl_k_sem_give
                0x000000000000cae0       0x48 zephyr/kernel/libkernel.a(sem.c.obj)
                0x000000000000cae0                z_impl_k_sem_give
 .text.z_impl_k_sem_take
                0x000000000000cb28       0x4c zephyr/kernel/libkernel.a(sem.c.obj)
                0x000000000000cb28                z_impl_k_sem_take
 .text.z_impl_k_sem_reset
                0x000000000000cb74       0x38 zephyr/kernel/libkernel.a(sem.c.obj)
                0x000000000000cb74                z_impl_k_sem_reset
 .text.z_setup_new_thread
                0x000000000000cbac       0x98 zephyr/kernel/libkernel.a(thread.c.obj)
                0x000000000000cbac                z_setup_new_thread
 .text.update_cache
                0x000000000000cc44       0x3c zephyr/kernel/libkernel.a(sched.c.obj)
 .text.unready_thread
                0x000000000000cc80       0x30 zephyr/kernel/libkernel.a(sched.c.obj)
 .text.ready_thread
                0x000000000000ccb0       0x68 zephyr/kernel/libkernel.a(sched.c.obj)
 .text.z_thread_halt
                0x000000000000cd18       0xf4 zephyr/kernel/libkernel.a(sched.c.obj)
 .text.move_thread_to_end_of_prio_q
                0x000000000000ce0c       0x74 zephyr/kernel/libkernel.a(sched.c.obj)
                0x000000000000ce0c                move_thread_to_end_of_prio_q
 .text.z_pend_curr
                0x000000000000ce80       0x58 zephyr/kernel/libkernel.a(sched.c.obj)
                0x000000000000ce80                z_pend_curr
 .text.z_thread_prio_set
                0x000000000000ced8       0x88 zephyr/kernel/libkernel.a(sched.c.obj)
                0x000000000000ced8                z_thread_prio_set
 .text.z_reschedule
                0x000000000000cf60       0x24 zephyr/kernel/libkernel.a(sched.c.obj)
                0x000000000000cf60                z_reschedule
 .text.z_sched_start
                0x000000000000cf84       0x3c zephyr/kernel/libkernel.a(sched.c.obj)
                0x000000000000cf84                z_sched_start
 .text.z_reschedule_irqlock
                0x000000000000cfc0       0x28 zephyr/kernel/libkernel.a(sched.c.obj)
                0x000000000000cfc0                z_reschedule_irqlock
 .text.k_sched_lock
                0x000000000000cfe8       0x28 zephyr/kernel/libkernel.a(sched.c.obj)
                0x000000000000cfe8                k_sched_lock
 .text.k_sched_unlock
                0x000000000000d010       0x40 zephyr/kernel/libkernel.a(sched.c.obj)
                0x000000000000d010                k_sched_unlock
 .text.z_sched_init
                0x000000000000d050       0x10 zephyr/kernel/libkernel.a(sched.c.obj)
                0x000000000000d050                z_sched_init
 .text.z_impl_k_yield
                0x000000000000d060       0x7c zephyr/kernel/libkernel.a(sched.c.obj)
                0x000000000000d060                z_impl_k_yield
 .text.z_tick_sleep
                0x000000000000d0dc       0x88 zephyr/kernel/libkernel.a(sched.c.obj)
 .text.z_impl_k_sleep
                0x000000000000d164       0x3c zephyr/kernel/libkernel.a(sched.c.obj)
                0x000000000000d164                z_impl_k_sleep
 .text.z_impl_k_sched_current_thread_query
                0x000000000000d1a0        0xc zephyr/kernel/libkernel.a(sched.c.obj)
                0x000000000000d1a0                z_impl_k_sched_current_thread_query
 .text.slice_timeout
                0x000000000000d1ac       0x20 zephyr/kernel/libkernel.a(timeslicing.c.obj)
 .text.thread_is_sliceable
                0x000000000000d1cc       0x3c zephyr/kernel/libkernel.a(timeslicing.c.obj)
                0x000000000000d1cc                thread_is_sliceable
 .text.z_reset_time_slice
                0x000000000000d208       0x50 zephyr/kernel/libkernel.a(timeslicing.c.obj)
                0x000000000000d208                z_reset_time_slice
 .text.z_time_slice
                0x000000000000d258       0x60 zephyr/kernel/libkernel.a(timeslicing.c.obj)
                0x000000000000d258                z_time_slice
 .text.z_data_copy
                0x000000000000d2b8       0x34 zephyr/kernel/libkernel.a(xip.c.obj)
                0x000000000000d2b8                z_data_copy
 .text.elapsed  0x000000000000d2ec       0x14 zephyr/kernel/libkernel.a(timeout.c.obj)
 .text.remove_timeout
                0x000000000000d300       0x38 zephyr/kernel/libkernel.a(timeout.c.obj)
 .text.next_timeout
                0x000000000000d338       0x40 zephyr/kernel/libkernel.a(timeout.c.obj)
 .text.z_add_timeout
                0x000000000000d378       0xf4 zephyr/kernel/libkernel.a(timeout.c.obj)
                0x000000000000d378                z_add_timeout
 .text.sys_clock_announce
                0x000000000000d46c       0xd0 zephyr/kernel/libkernel.a(timeout.c.obj)
                0x000000000000d46c                sys_clock_announce
 .text.sys_clock_tick_get
                0x000000000000d53c       0x30 zephyr/kernel/libkernel.a(timeout.c.obj)
                0x000000000000d53c                sys_clock_tick_get
 .text.z_timer_expiration_handler
                0x000000000000d56c       0xe0 zephyr/kernel/libkernel.a(timer.c.obj)
                0x000000000000d56c                z_timer_expiration_handler
 .text.z_impl_k_timer_start
                0x000000000000d64c       0x74 zephyr/kernel/libkernel.a(timer.c.obj)
                0x000000000000d64c                z_impl_k_timer_start
 .text.k_thread_system_pool_assign
                0x000000000000d6c0        0xc zephyr/kernel/libkernel.a(mempool.c.obj)
                0x000000000000d6c0                k_thread_system_pool_assign
 .text.nrf_cc3xx_platform_init_no_rng
                0x000000000000d6cc       0x38 /home/abdullah/ncs/v2.9.0/nrfxlib/crypto/nrf_cc310_platform/lib/cortex-m4/hard-float/no-interrupts/libnrf_cc310_platform_0.9.19.a(nrf_cc3xx_platform.c.obj)
                0x000000000000d6cc                nrf_cc3xx_platform_init_no_rng
 .text.nrf_cc3xx_platform_abort
                0x000000000000d704       0x24 /home/abdullah/ncs/v2.9.0/nrfxlib/crypto/nrf_cc310_platform/lib/cortex-m4/hard-float/no-interrupts/libnrf_cc310_platform_0.9.19.a(nrf_cc3xx_platform_abort.c.obj)
 .text.CC_PalAbort
                0x000000000000d728       0x38 /home/abdullah/ncs/v2.9.0/nrfxlib/crypto/nrf_cc310_platform/lib/cortex-m4/hard-float/no-interrupts/libnrf_cc310_platform_0.9.19.a(nrf_cc3xx_platform_abort.c.obj)
                0x000000000000d728                CC_PalAbort
 .text.nrf_cc3xx_platform_set_abort
                0x000000000000d760       0x10 /home/abdullah/ncs/v2.9.0/nrfxlib/crypto/nrf_cc310_platform/lib/cortex-m4/hard-float/no-interrupts/libnrf_cc310_platform_0.9.19.a(nrf_cc3xx_platform_abort.c.obj)
                0x000000000000d760                nrf_cc3xx_platform_set_abort
 .text.mutex_free
                0x000000000000d770       0x34 /home/abdullah/ncs/v2.9.0/nrfxlib/crypto/nrf_cc310_platform/lib/cortex-m4/hard-float/no-interrupts/libnrf_cc310_platform_0.9.19.a(nrf_cc3xx_platform_mutex.c.obj)
 .text.mutex_lock
                0x000000000000d7a4       0x48 /home/abdullah/ncs/v2.9.0/nrfxlib/crypto/nrf_cc310_platform/lib/cortex-m4/hard-float/no-interrupts/libnrf_cc310_platform_0.9.19.a(nrf_cc3xx_platform_mutex.c.obj)
 .text.mutex_unlock
                0x000000000000d7ec       0x38 /home/abdullah/ncs/v2.9.0/nrfxlib/crypto/nrf_cc310_platform/lib/cortex-m4/hard-float/no-interrupts/libnrf_cc310_platform_0.9.19.a(nrf_cc3xx_platform_mutex.c.obj)
 .text.mutex_init
                0x000000000000d824       0x20 /home/abdullah/ncs/v2.9.0/nrfxlib/crypto/nrf_cc310_platform/lib/cortex-m4/hard-float/no-interrupts/libnrf_cc310_platform_0.9.19.a(nrf_cc3xx_platform_mutex.c.obj)
 .text.nrf_cc3xx_platform_set_mutexes
                0x000000000000d844       0x6c /home/abdullah/ncs/v2.9.0/nrfxlib/crypto/nrf_cc310_platform/lib/cortex-m4/hard-float/no-interrupts/libnrf_cc310_platform_0.9.19.a(nrf_cc3xx_platform_mutex.c.obj)
                0x000000000000d844                nrf_cc3xx_platform_set_mutexes
 .text.CC_LibInitNoRng
                0x000000000000d8b0       0x64 /home/abdullah/ncs/v2.9.0/nrfxlib/crypto/nrf_cc310_platform/lib/cortex-m4/hard-float/no-interrupts/libnrf_cc310_platform_0.9.19.a(cc_lib.c.obj)
                0x000000000000d8b0                CC_LibInitNoRng
 .text.CC_HalInit
                0x000000000000d914        0x4 /home/abdullah/ncs/v2.9.0/nrfxlib/crypto/nrf_cc310_platform/lib/cortex-m4/hard-float/no-interrupts/libnrf_cc310_platform_0.9.19.a(cc_hal.c.obj)
                0x000000000000d914                CC_HalInit
 .text.CC_HalTerminate
                0x000000000000d918        0x4 /home/abdullah/ncs/v2.9.0/nrfxlib/crypto/nrf_cc310_platform/lib/cortex-m4/hard-float/no-interrupts/libnrf_cc310_platform_0.9.19.a(cc_hal.c.obj)
                0x000000000000d918                CC_HalTerminate
 .text.CC_HalMaskInterrupt
                0x000000000000d91c        0xc /home/abdullah/ncs/v2.9.0/nrfxlib/crypto/nrf_cc310_platform/lib/cortex-m4/hard-float/no-interrupts/libnrf_cc310_platform_0.9.19.a(cc_hal.c.obj)
                0x000000000000d91c                CC_HalMaskInterrupt
 .text.CC_PalInit
                0x000000000000d928       0x5c /home/abdullah/ncs/v2.9.0/nrfxlib/crypto/nrf_cc310_platform/lib/cortex-m4/hard-float/no-interrupts/libnrf_cc310_platform_0.9.19.a(cc_pal.c.obj)
                0x000000000000d928                CC_PalInit
 .text.CC_PalTerminate
                0x000000000000d984       0x34 /home/abdullah/ncs/v2.9.0/nrfxlib/crypto/nrf_cc310_platform/lib/cortex-m4/hard-float/no-interrupts/libnrf_cc310_platform_0.9.19.a(cc_pal.c.obj)
                0x000000000000d984                CC_PalTerminate
 .text.CC_PalDmaInit
                0x000000000000d9b8        0x4 /home/abdullah/ncs/v2.9.0/nrfxlib/crypto/nrf_cc310_platform/lib/cortex-m4/hard-float/no-interrupts/libnrf_cc310_platform_0.9.19.a(cc_pal_dma.c.obj)
                0x000000000000d9b8                CC_PalDmaInit
 .text.CC_PalDmaTerminate
                0x000000000000d9bc        0x4 /home/abdullah/ncs/v2.9.0/nrfxlib/crypto/nrf_cc310_platform/lib/cortex-m4/hard-float/no-interrupts/libnrf_cc310_platform_0.9.19.a(cc_pal_dma.c.obj)
                0x000000000000d9bc                CC_PalDmaTerminate
 .text.CC_PalMutexCreate
                0x000000000000d9c0       0x14 /home/abdullah/ncs/v2.9.0/nrfxlib/crypto/nrf_cc310_platform/lib/cortex-m4/hard-float/no-interrupts/libnrf_cc310_platform_0.9.19.a(cc_pal_mutex.c.obj)
                0x000000000000d9c0                CC_PalMutexCreate
 .text.CC_PalMutexDestroy
                0x000000000000d9d4       0x14 /home/abdullah/ncs/v2.9.0/nrfxlib/crypto/nrf_cc310_platform/lib/cortex-m4/hard-float/no-interrupts/libnrf_cc310_platform_0.9.19.a(cc_pal_mutex.c.obj)
                0x000000000000d9d4                CC_PalMutexDestroy
 .text.CC_PalPowerSaveModeInit
                0x000000000000d9e8       0x3c /home/abdullah/ncs/v2.9.0/nrfxlib/crypto/nrf_cc310_platform/lib/cortex-m4/hard-float/no-interrupts/libnrf_cc310_platform_0.9.19.a(cc_pal_pm.c.obj)
                0x000000000000d9e8                CC_PalPowerSaveModeInit
 .text.CC_PalPowerSaveModeSelect
                0x000000000000da24       0x84 /home/abdullah/ncs/v2.9.0/nrfxlib/crypto/nrf_cc310_platform/lib/cortex-m4/hard-float/no-interrupts/libnrf_cc310_platform_0.9.19.a(cc_pal_pm.c.obj)
                0x000000000000da24                CC_PalPowerSaveModeSelect
 .text.malloc   0x000000000000daa8       0x10 /home/abdullah/ncs/toolchains/b77d8c1312/opt/zephyr-sdk/arm-zephyr-eabi/arm-zephyr-eabi/lib/thumb/v7e-m+fp/hard/libc_nano.a(lib_a-malloc.o)
                0x000000000000daa8                malloc
 .text.free     0x000000000000dab8       0x10 /home/abdullah/ncs/toolchains/b77d8c1312/opt/zephyr-sdk/arm-zephyr-eabi/arm-zephyr-eabi/lib/thumb/v7e-m+fp/hard/libc_nano.a(lib_a-malloc.o)
                0x000000000000dab8                free
 .text._free_r  0x000000000000dac8       0x94 /home/abdullah/ncs/toolchains/b77d8c1312/opt/zephyr-sdk/arm-zephyr-eabi/arm-zephyr-eabi/lib/thumb/v7e-m+fp/hard/libc_nano.a(lib_a-nano-freer.o)
                0x000000000000dac8                _free_r
 .text._malloc_r
                0x000000000000db5c       0xb4 /home/abdullah/ncs/toolchains/b77d8c1312/opt/zephyr-sdk/arm-zephyr-eabi/arm-zephyr-eabi/lib/thumb/v7e-m+fp/hard/libc_nano.a(lib_a-nano-mallocr.o)
                0x000000000000db5c                _malloc_r
 .text._printf_float
                0x000000000000dc10      0x464 /home/abdullah/ncs/toolchains/b77d8c1312/opt/zephyr-sdk/arm-zephyr-eabi/arm-zephyr-eabi/lib/thumb/v7e-m+fp/hard/libc_nano.a(lib_a-nano-vfprintf_float.o)
                0x000000000000dc10                _printf_float
 .text._printf_i
                0x000000000000e074      0x25c /home/abdullah/ncs/toolchains/b77d8c1312/opt/zephyr-sdk/arm-zephyr-eabi/arm-zephyr-eabi/lib/thumb/v7e-m+fp/hard/libc_nano.a(lib_a-nano-vfprintf_i.o)
                0x000000000000e074                _printf_i
 .text._sbrk_r  0x000000000000e2d0       0x20 /home/abdullah/ncs/toolchains/b77d8c1312/opt/zephyr-sdk/arm-zephyr-eabi/arm-zephyr-eabi/lib/thumb/v7e-m+fp/hard/libc_nano.a(lib_a-sbrkr.o)
                0x000000000000e2d0                _sbrk_r
 .text.snprintf
                0x000000000000e2f0       0x68 /home/abdullah/ncs/toolchains/b77d8c1312/opt/zephyr-sdk/arm-zephyr-eabi/arm-zephyr-eabi/lib/thumb/v7e-m+fp/hard/libc_nano.a(lib_a-snprintf.o)
                0x000000000000e2f0                snprintf
                0x000000000000e2f0                sniprintf
 .text._localeconv_r
                0x000000000000e358        0x8 /home/abdullah/ncs/toolchains/b77d8c1312/opt/zephyr-sdk/arm-zephyr-eabi/arm-zephyr-eabi/lib/thumb/v7e-m+fp/hard/libc_nano.a(lib_a-localeconv.o)
                0x000000000000e358                _localeconv_r
 .text.__malloc_lock
                0x000000000000e360        0xc /home/abdullah/ncs/toolchains/b77d8c1312/opt/zephyr-sdk/arm-zephyr-eabi/arm-zephyr-eabi/lib/thumb/v7e-m+fp/hard/libc_nano.a(lib_a-mlock.o)
                0x000000000000e360                __malloc_lock
 .text.__malloc_unlock
                0x000000000000e36c        0xc /home/abdullah/ncs/toolchains/b77d8c1312/opt/zephyr-sdk/arm-zephyr-eabi/arm-zephyr-eabi/lib/thumb/v7e-m+fp/hard/libc_nano.a(lib_a-mlock.o)
                0x000000000000e36c                __malloc_unlock
 .text._Balloc  0x000000000000e378       0x80 /home/abdullah/ncs/toolchains/b77d8c1312/opt/zephyr-sdk/arm-zephyr-eabi/arm-zephyr-eabi/lib/thumb/v7e-m+fp/hard/libc_nano.a(lib_a-mprec.o)
                0x000000000000e378                _Balloc
 .text._Bfree   0x000000000000e3f8       0x44 /home/abdullah/ncs/toolchains/b77d8c1312/opt/zephyr-sdk/arm-zephyr-eabi/arm-zephyr-eabi/lib/thumb/v7e-m+fp/hard/libc_nano.a(lib_a-mprec.o)
                0x000000000000e3f8                _Bfree
 .text.__multadd
                0x000000000000e43c       0x8c /home/abdullah/ncs/toolchains/b77d8c1312/opt/zephyr-sdk/arm-zephyr-eabi/arm-zephyr-eabi/lib/thumb/v7e-m+fp/hard/libc_nano.a(lib_a-mprec.o)
                0x000000000000e43c                __multadd
 .text.__i2b    0x000000000000e4c8       0x2c /home/abdullah/ncs/toolchains/b77d8c1312/opt/zephyr-sdk/arm-zephyr-eabi/arm-zephyr-eabi/lib/thumb/v7e-m+fp/hard/libc_nano.a(lib_a-mprec.o)
                0x000000000000e4c8                __i2b
 .text.__multiply
                0x000000000000e4f4      0x154 /home/abdullah/ncs/toolchains/b77d8c1312/opt/zephyr-sdk/arm-zephyr-eabi/arm-zephyr-eabi/lib/thumb/v7e-m+fp/hard/libc_nano.a(lib_a-mprec.o)
                0x000000000000e4f4                __multiply
 .text.__pow5mult
                0x000000000000e648       0xb4 /home/abdullah/ncs/toolchains/b77d8c1312/opt/zephyr-sdk/arm-zephyr-eabi/arm-zephyr-eabi/lib/thumb/v7e-m+fp/hard/libc_nano.a(lib_a-mprec.o)
                0x000000000000e648                __pow5mult
 .text.__lshift
                0x000000000000e6fc       0xd8 /home/abdullah/ncs/toolchains/b77d8c1312/opt/zephyr-sdk/arm-zephyr-eabi/arm-zephyr-eabi/lib/thumb/v7e-m+fp/hard/libc_nano.a(lib_a-mprec.o)
                0x000000000000e6fc                __lshift
 .text.__mdiff  0x000000000000e7d4      0x128 /home/abdullah/ncs/toolchains/b77d8c1312/opt/zephyr-sdk/arm-zephyr-eabi/arm-zephyr-eabi/lib/thumb/v7e-m+fp/hard/libc_nano.a(lib_a-mprec.o)
                0x000000000000e7d4                __mdiff
 .text.__d2b    0x000000000000e8fc       0xb0 /home/abdullah/ncs/toolchains/b77d8c1312/opt/zephyr-sdk/arm-zephyr-eabi/arm-zephyr-eabi/lib/thumb/v7e-m+fp/hard/libc_nano.a(lib_a-mprec.o)
                0x000000000000e8fc                __d2b
 .text._svfprintf_r
                0x000000000000e9ac      0x1f8 /home/abdullah/ncs/toolchains/b77d8c1312/opt/zephyr-sdk/arm-zephyr-eabi/arm-zephyr-eabi/lib/thumb/v7e-m+fp/hard/libc_nano.a(lib_a-nano-svfprintf.o)
                0x000000000000e9ac                _svfprintf_r
                0x000000000000e9ac                _svfiprintf_r
 .text.__assert_func
                0x000000000000eba4       0x3c /home/abdullah/ncs/toolchains/b77d8c1312/opt/zephyr-sdk/arm-zephyr-eabi/arm-zephyr-eabi/lib/thumb/v7e-m+fp/hard/libc_nano.a(lib_a-assert.o)
                0x000000000000eba4                __assert_func
 .text.fprintf  0x000000000000ebe0       0x24 /home/abdullah/ncs/toolchains/b77d8c1312/opt/zephyr-sdk/arm-zephyr-eabi/arm-zephyr-eabi/lib/thumb/v7e-m+fp/hard/libc_nano.a(lib_a-fprintf.o)
                0x000000000000ebe0                fprintf
                0x000000000000ebe0                fiprintf
 .text._vfprintf_r
                0x000000000000ec04      0x258 /home/abdullah/ncs/toolchains/b77d8c1312/opt/zephyr-sdk/arm-zephyr-eabi/arm-zephyr-eabi/lib/thumb/v7e-m+fp/hard/libc_nano.a(lib_a-nano-vfprintf.o)
                0x000000000000ec04                _vfiprintf_r
                0x000000000000ec04                _vfprintf_r
 .text.__swbuf_r
                0x000000000000ee5c       0xa4 /home/abdullah/ncs/toolchains/b77d8c1312/opt/zephyr-sdk/arm-zephyr-eabi/arm-zephyr-eabi/lib/thumb/v7e-m+fp/hard/libc_nano.a(lib_a-wbuf.o)
                0x000000000000ee5c                __swbuf_r
 .text.__swsetup_r
                0x000000000000ef00       0xd8 /home/abdullah/ncs/toolchains/b77d8c1312/opt/zephyr-sdk/arm-zephyr-eabi/arm-zephyr-eabi/lib/thumb/v7e-m+fp/hard/libc_nano.a(lib_a-wsetup.o)
                0x000000000000ef00                __swsetup_r
 .text._fflush_r
                0x000000000000efd8       0x78 /home/abdullah/ncs/toolchains/b77d8c1312/opt/zephyr-sdk/arm-zephyr-eabi/arm-zephyr-eabi/lib/thumb/v7e-m+fp/hard/libc_nano.a(lib_a-fflush.o)
                0x000000000000efd8                _fflush_r
 .text.std      0x000000000000f050       0x48 /home/abdullah/ncs/toolchains/b77d8c1312/opt/zephyr-sdk/arm-zephyr-eabi/arm-zephyr-eabi/lib/thumb/v7e-m+fp/hard/libc_nano.a(lib_a-findfp.o)
 .text._cleanup_r
                0x000000000000f098        0xc /home/abdullah/ncs/toolchains/b77d8c1312/opt/zephyr-sdk/arm-zephyr-eabi/arm-zephyr-eabi/lib/thumb/v7e-m+fp/hard/libc_nano.a(lib_a-findfp.o)
                0x000000000000f098                _cleanup_r
 .text.__sfp_lock_acquire
                0x000000000000f0a4        0xc /home/abdullah/ncs/toolchains/b77d8c1312/opt/zephyr-sdk/arm-zephyr-eabi/arm-zephyr-eabi/lib/thumb/v7e-m+fp/hard/libc_nano.a(lib_a-findfp.o)
                0x000000000000f0a4                __sfp_lock_acquire
 .text.__sfp_lock_release
                0x000000000000f0b0        0xc /home/abdullah/ncs/toolchains/b77d8c1312/opt/zephyr-sdk/arm-zephyr-eabi/arm-zephyr-eabi/lib/thumb/v7e-m+fp/hard/libc_nano.a(lib_a-findfp.o)
                0x000000000000f0b0                __sfp_lock_release
 .text.__sinit_lock_acquire
                0x000000000000f0bc        0xc /home/abdullah/ncs/toolchains/b77d8c1312/opt/zephyr-sdk/arm-zephyr-eabi/arm-zephyr-eabi/lib/thumb/v7e-m+fp/hard/libc_nano.a(lib_a-findfp.o)
                0x000000000000f0bc                __sinit_lock_acquire
 .text.__sinit_lock_release
                0x000000000000f0c8        0xc /home/abdullah/ncs/toolchains/b77d8c1312/opt/zephyr-sdk/arm-zephyr-eabi/arm-zephyr-eabi/lib/thumb/v7e-m+fp/hard/libc_nano.a(lib_a-findfp.o)
                0x000000000000f0c8                __sinit_lock_release
 .text.__sinit  0x000000000000f0d4       0x70 /home/abdullah/ncs/toolchains/b77d8c1312/opt/zephyr-sdk/arm-zephyr-eabi/arm-zephyr-eabi/lib/thumb/v7e-m+fp/hard/libc_nano.a(lib_a-findfp.o)
                0x000000000000f0d4                __sinit
 .text.__sfp    0x000000000000f144       0x8c /home/abdullah/ncs/toolchains/b77d8c1312/opt/zephyr-sdk/arm-zephyr-eabi/arm-zephyr-eabi/lib/thumb/v7e-m+fp/hard/libc_nano.a(lib_a-findfp.o)
                0x000000000000f144                __sfp
 .text.__smakebuf_r
                0x000000000000f1d0       0x80 /home/abdullah/ncs/toolchains/b77d8c1312/opt/zephyr-sdk/arm-zephyr-eabi/arm-zephyr-eabi/lib/thumb/v7e-m+fp/hard/libc_nano.a(lib_a-makebuf.o)
                0x000000000000f1d0                __smakebuf_r
 .text._write_r
                0x000000000000f250       0x24 /home/abdullah/ncs/toolchains/b77d8c1312/opt/zephyr-sdk/arm-zephyr-eabi/arm-zephyr-eabi/lib/thumb/v7e-m+fp/hard/libc_nano.a(lib_a-writer.o)
                0x000000000000f250                _write_r
 .text._close_r
                0x000000000000f274       0x20 /home/abdullah/ncs/toolchains/b77d8c1312/opt/zephyr-sdk/arm-zephyr-eabi/arm-zephyr-eabi/lib/thumb/v7e-m+fp/hard/libc_nano.a(lib_a-closer.o)
                0x000000000000f274                _close_r
 .text._fstat_r
                0x000000000000f294       0x24 /home/abdullah/ncs/toolchains/b77d8c1312/opt/zephyr-sdk/arm-zephyr-eabi/arm-zephyr-eabi/lib/thumb/v7e-m+fp/hard/libc_nano.a(lib_a-fstatr.o)
                0x000000000000f294                _fstat_r
 .text._isatty_r
                0x000000000000f2b8       0x20 /home/abdullah/ncs/toolchains/b77d8c1312/opt/zephyr-sdk/arm-zephyr-eabi/arm-zephyr-eabi/lib/thumb/v7e-m+fp/hard/libc_nano.a(lib_a-isattyr.o)
                0x000000000000f2b8                _isatty_r
 .text._lseek_r
                0x000000000000f2d8       0x24 /home/abdullah/ncs/toolchains/b77d8c1312/opt/zephyr-sdk/arm-zephyr-eabi/arm-zephyr-eabi/lib/thumb/v7e-m+fp/hard/libc_nano.a(lib_a-lseekr.o)
                0x000000000000f2d8                _lseek_r
 .text._read_r  0x000000000000f2fc       0x24 /home/abdullah/ncs/toolchains/b77d8c1312/opt/zephyr-sdk/arm-zephyr-eabi/arm-zephyr-eabi/lib/thumb/v7e-m+fp/hard/libc_nano.a(lib_a-readr.o)
                0x000000000000f2fc                _read_r
 .text._OffsetAbsSyms
                0x000000000000f320        0x2 zephyr/CMakeFiles/offsets.dir/./arch/arm/core/offsets/offsets.c.obj
                0x000000000000f320                _OffsetAbsSyms
 .text.z_log_msg_runtime_create.constprop.0
                0x000000000000f322       0x1e app/libapp.a(main.c.obj)
 .text.chunk_field
                0x000000000000f340       0x16 zephyr/libzephyr.a(heap.c.obj)
 .text.chunk_set
                0x000000000000f356       0x16 zephyr/libzephyr.a(heap.c.obj)
 .text.chunk_size
                0x000000000000f36c        0xc zephyr/libzephyr.a(heap.c.obj)
 .text.set_chunk_used
                0x000000000000f378       0x30 zephyr/libzephyr.a(heap.c.obj)
 .text.set_chunk_size
                0x000000000000f3a8        0x8 zephyr/libzephyr.a(heap.c.obj)
 .text.mem_to_chunkid
                0x000000000000f3b0       0x14 zephyr/libzephyr.a(heap.c.obj)
 .text.bucket_idx.isra.0
                0x000000000000f3c4       0x1c zephyr/libzephyr.a(heap.c.obj)
 .text.free_list_remove_bidx
                0x000000000000f3e0       0x5c zephyr/libzephyr.a(heap.c.obj)
 .text.free_list_remove
                0x000000000000f43c       0x2e zephyr/libzephyr.a(heap.c.obj)
 .text.alloc_chunk
                0x000000000000f46a       0x74 zephyr/libzephyr.a(heap.c.obj)
 .text.split_chunks
                0x000000000000f4de       0x4e zephyr/libzephyr.a(heap.c.obj)
 .text.merge_chunks
                0x000000000000f52c       0x3c zephyr/libzephyr.a(heap.c.obj)
 .text.free_list_add
                0x000000000000f568       0x84 zephyr/libzephyr.a(heap.c.obj)
 .text.free_chunk
                0x000000000000f5ec       0x84 zephyr/libzephyr.a(heap.c.obj)
 .text.sys_heap_free
                0x000000000000f670       0x24 zephyr/libzephyr.a(heap.c.obj)
                0x000000000000f670                sys_heap_free
 .text.sys_heap_alloc
                0x000000000000f694       0x6e zephyr/libzephyr.a(heap.c.obj)
                0x000000000000f694                sys_heap_alloc
 .text.sys_heap_aligned_alloc
                0x000000000000f702       0xe8 zephyr/libzephyr.a(heap.c.obj)
                0x000000000000f702                sys_heap_aligned_alloc
 .text.sys_heap_init
                0x000000000000f7ea       0xb0 zephyr/libzephyr.a(heap.c.obj)
                0x000000000000f7ea                sys_heap_init
 .text.cbpprintf_external
                0x000000000000f89a       0x62 zephyr/libzephyr.a(cbprintf_packaged.c.obj)
                0x000000000000f89a                cbpprintf_external
 .text.arch_printk_char_out
                0x000000000000f8fc        0x4 zephyr/libzephyr.a(printk.c.obj)
                0x000000000000f8fc                arch_printk_char_out
 .text.printk   0x000000000000f900       0x1a zephyr/libzephyr.a(printk.c.obj)
                0x000000000000f900                printk
 .text.z_thread_entry
                0x000000000000f91a       0x14 zephyr/libzephyr.a(thread_entry.c.obj)
                0x000000000000f91a                z_thread_entry
 .text._ldiv5   0x000000000000f92e       0x30 zephyr/libzephyr.a(cbprintf_complete.c.obj)
 .text._get_digit
                0x000000000000f95e       0x2e zephyr/libzephyr.a(cbprintf_complete.c.obj)
 .text.outs     0x000000000000f98c       0x2e zephyr/libzephyr.a(cbprintf_complete.c.obj)
 .text.process_recheck
                0x000000000000f9ba       0x38 zephyr/libzephyr.a(onoff.c.obj)
 .text.validate_args
                0x000000000000f9f2       0x20 zephyr/libzephyr.a(onoff.c.obj)
 .text.notify_one
                0x000000000000fa12       0x2c zephyr/libzephyr.a(onoff.c.obj)
 .text.transition_complete
                0x000000000000fa3e       0x1c zephyr/libzephyr.a(onoff.c.obj)
 .text.onoff_manager_init
                0x000000000000fa5a       0x26 zephyr/libzephyr.a(onoff.c.obj)
                0x000000000000fa5a                onoff_manager_init
 .text.onoff_request
                0x000000000000fa80       0xae zephyr/libzephyr.a(onoff.c.obj)
                0x000000000000fa80                onoff_request
 .text.sys_notify_validate
                0x000000000000fb2e       0x22 zephyr/libzephyr.a(notify.c.obj)
                0x000000000000fb2e                sys_notify_validate
 .text.sys_notify_finalize
                0x000000000000fb50       0x1a zephyr/libzephyr.a(notify.c.obj)
                0x000000000000fb50                sys_notify_finalize
 .text._ConfigAbsSyms
                0x000000000000fb6a        0x2 zephyr/libzephyr.a(configs.c.obj)
                0x000000000000fb6a                _ConfigAbsSyms
 .text.dummy_timestamp
                0x000000000000fb6c        0x4 zephyr/libzephyr.a(log_core.c.obj)
 .text.default_get_timestamp
                0x000000000000fb70        0x4 zephyr/libzephyr.a(log_core.c.obj)
 .text.atomic_inc
                0x000000000000fb74       0x1a zephyr/libzephyr.a(log_core.c.obj)
 .text.enable_logger
                0x000000000000fb8e        0xe zephyr/libzephyr.a(log_core.c.obj)
 .text.z_log_vprintk
                0x000000000000fb9c       0x1c zephyr/libzephyr.a(log_core.c.obj)
                0x000000000000fb9c                z_log_vprintk
 .text.z_log_notify_backend_enabled
                0x000000000000fbb8        0x2 zephyr/libzephyr.a(log_core.c.obj)
                0x000000000000fbb8                z_log_notify_backend_enabled
 .text.z_log_get_tag
                0x000000000000fbba        0x4 zephyr/libzephyr.a(log_core.c.obj)
                0x000000000000fbba                z_log_get_tag
 .text.z_log_msg_finalize
                0x000000000000fbbe       0x32 zephyr/libzephyr.a(log_msg.c.obj)
                0x000000000000fbbe                z_log_msg_finalize
 .text.z_log_msg_runtime_create.constprop.0
                0x000000000000fbf0       0x20 zephyr/libzephyr.a(log_msg.c.obj)
 .text.log_output_write
                0x000000000000fc10       0x1c zephyr/libzephyr.a(log_output.c.obj)
 .text.out_func
                0x000000000000fc2c       0x1c zephyr/libzephyr.a(log_output.c.obj)
 .text.cr_out_func
                0x000000000000fc48       0x1c zephyr/libzephyr.a(log_output.c.obj)
 .text.cbvprintf
                0x000000000000fc64        0xe zephyr/libzephyr.a(log_output.c.obj)
 .text.log_output_msg_process
                0x000000000000fc72       0x6a zephyr/libzephyr.a(log_output.c.obj)
                0x000000000000fc72                log_output_msg_process
 .text.flash_area_close
                0x000000000000fcdc        0x2 zephyr/libzephyr.a(flash_map.c.obj)
                0x000000000000fcdc                flash_area_close
 .text.flash_area_read
                0x000000000000fcde       0x2a zephyr/libzephyr.a(flash_map.c.obj)
                0x000000000000fcde                flash_area_read
 .text.flash_area_write
                0x000000000000fd08       0x2a zephyr/libzephyr.a(flash_map.c.obj)
                0x000000000000fd08                flash_area_write
 .text.flash_area_flatten
                0x000000000000fd32       0x2a zephyr/libzephyr.a(flash_map.c.obj)
                0x000000000000fd32                flash_area_flatten
 .text.flash_area_get_device
                0x000000000000fd5c        0x4 zephyr/libzephyr.a(flash_map.c.obj)
                0x000000000000fd5c                flash_area_get_device
 .text.z_impl_flash_flatten
                0x000000000000fd60       0x28 zephyr/libzephyr.a(flash_util.c.obj)
                0x000000000000fd60                z_impl_flash_flatten
 .text.abort_function
                0x000000000000fd88        0x8 zephyr/libzephyr.a(nrf_cc3xx_platform_abort_zephyr.c.obj)
 .text.z_log_msg_runtime_create.constprop.0
                0x000000000000fd90       0x20 zephyr/arch/arch/arm/core/libarch__arm__core.a(fatal.c.obj)
 .text.z_do_kernel_oops
                0x000000000000fdb0        0x8 zephyr/arch/arch/arm/core/libarch__arm__core.a(fatal.c.obj)
                0x000000000000fdb0                z_do_kernel_oops
 .text.z_arm_nmi
                0x000000000000fdb8        0xe zephyr/arch/arch/arm/core/libarch__arm__core.a(nmi.c.obj)
                0x000000000000fdb8                z_arm_nmi
 .text.z_log_msg_runtime_create.constprop.0
                0x000000000000fdc6       0x20 zephyr/arch/arch/arm/core/cortex_m/libarch__arm__core__cortex_m.a(fault.c.obj)
 .text.z_irq_spurious
                0x000000000000fde6        0x8 zephyr/arch/arch/arm/core/cortex_m/libarch__arm__core__cortex_m.a(irq_manage.c.obj)
                0x000000000000fde6                z_irq_spurious
 .text.arch_irq_unlock_outlined
                0x000000000000fdee        0xe zephyr/arch/arch/arm/core/cortex_m/libarch__arm__core__cortex_m.a(thread.c.obj)
                0x000000000000fdee                arch_irq_unlock_outlined
 .text.arch_cpu_idle
                0x000000000000fdfc       0x1a zephyr/arch/arch/arm/core/cortex_m/libarch__arm__core__cortex_m.a(cpu_idle.c.obj)
                0x000000000000fdfc                arch_cpu_idle
 .text.arch_cpu_atomic_idle
                0x000000000000fe16       0x1e zephyr/arch/arch/arm/core/cortex_m/libarch__arm__core__cortex_m.a(cpu_idle.c.obj)
                0x000000000000fe16                arch_cpu_atomic_idle
 .text.size_to_mpu_rasr_size
                0x000000000000fe34       0x20 zephyr/arch/arch/arm/core/mpu/libarch__arm__core__mpu.a(arm_mpu.c.obj)
 .text.z_log_msg_runtime_create.constprop.0
                0x000000000000fe54       0x20 zephyr/arch/arch/arm/core/mpu/libarch__arm__core__mpu.a(arm_mpu.c.obj)
 .text._stdin_hook_default
                0x000000000000fe74        0x4 zephyr/lib/libc/newlib/liblib__libc__newlib.a(libc-hooks.c.obj)
 .text._stdout_hook_default
                0x000000000000fe78        0x6 zephyr/lib/libc/newlib/liblib__libc__newlib.a(libc-hooks.c.obj)
 .text.malloc_prepare
                0x000000000000fe7e        0x4 zephyr/lib/libc/newlib/liblib__libc__newlib.a(libc-hooks.c.obj)
 .text._read    0x000000000000fe82        0x8 zephyr/lib/libc/newlib/liblib__libc__newlib.a(libc-hooks.c.obj)
                0x000000000000fe82                read
                0x000000000000fe82                _read
 .text._write   0x000000000000fe8a        0x8 zephyr/lib/libc/newlib/liblib__libc__newlib.a(libc-hooks.c.obj)
                0x000000000000fe8a                write
                0x000000000000fe8a                _write
 .text._close   0x000000000000fe92        0x6 zephyr/lib/libc/newlib/liblib__libc__newlib.a(libc-hooks.c.obj)
                0x000000000000fe92                close
                0x000000000000fe92                _close
 .text._lseek   0x000000000000fe98        0x4 zephyr/lib/libc/newlib/liblib__libc__newlib.a(libc-hooks.c.obj)
                0x000000000000fe98                lseek
                0x000000000000fe98                _lseek
 .text._isatty  0x000000000000fe9c        0xa zephyr/lib/libc/newlib/liblib__libc__newlib.a(libc-hooks.c.obj)
                0x000000000000fe9c                isatty
                0x000000000000fe9c                _isatty
 .text._fstat   0x000000000000fea6        0xa zephyr/lib/libc/newlib/liblib__libc__newlib.a(libc-hooks.c.obj)
                0x000000000000fea6                _fstat
                0x000000000000fea6                fstat
 .text.__retarget_lock_init_recursive
                0x000000000000feb0       0x14 zephyr/lib/libc/newlib/liblib__libc__newlib.a(libc-hooks.c.obj)
                0x000000000000feb0                __retarget_lock_init_recursive
 .text.__retarget_lock_acquire_recursive
                0x000000000000fec4        0xc zephyr/lib/libc/newlib/liblib__libc__newlib.a(libc-hooks.c.obj)
                0x000000000000fec4                __retarget_lock_acquire_recursive
 .text.__retarget_lock_release_recursive
                0x000000000000fed0        0x4 zephyr/lib/libc/newlib/liblib__libc__newlib.a(libc-hooks.c.obj)
                0x000000000000fed0                __retarget_lock_release_recursive
 .text.z_log_msg_runtime_create.constprop.0
                0x000000000000fed4       0x1e zephyr/subsys/fs/libsubsys__fs.a(fs.c.obj)
 .text.lfs_api_sync
                0x000000000000fef2        0x4 zephyr/subsys/fs/libsubsys__fs.a(littlefs_fs.c.obj)
 .text.get_page_cb
                0x000000000000fef6       0x2c zephyr/subsys/fs/libsubsys__fs.a(littlefs_fs.c.obj)
 .text.lfs_api_erase
                0x000000000000ff22       0x14 zephyr/subsys/fs/libsubsys__fs.a(littlefs_fs.c.obj)
 .text.lfs_api_prog
                0x000000000000ff36       0x1c zephyr/subsys/fs/libsubsys__fs.a(littlefs_fs.c.obj)
 .text.lfs_api_read
                0x000000000000ff52       0x1c zephyr/subsys/fs/libsubsys__fs.a(littlefs_fs.c.obj)
 .text.z_log_msg_runtime_create.constprop.0
                0x000000000000ff6e       0x1e zephyr/subsys/fs/libsubsys__fs.a(littlefs_fs.c.obj)
 .text.fs_lock  0x000000000000ff8c       0x10 zephyr/subsys/fs/libsubsys__fs.a(littlefs_fs.c.obj)
 .text.k_mutex_unlock.isra.0
                0x000000000000ff9c        0x4 zephyr/subsys/fs/libsubsys__fs.a(littlefs_fs.c.obj)
 .text.littlefs_read
                0x000000000000ffa0       0x34 zephyr/subsys/fs/libsubsys__fs.a(littlefs_fs.c.obj)
 .text.littlefs_write
                0x000000000000ffd4       0x34 zephyr/subsys/fs/libsubsys__fs.a(littlefs_fs.c.obj)
 .text.littlefs_seek
                0x0000000000010008       0x36 zephyr/subsys/fs/libsubsys__fs.a(littlefs_fs.c.obj)
 .text.littlefs_tell
                0x000000000001003e       0x26 zephyr/subsys/fs/libsubsys__fs.a(littlefs_fs.c.obj)
 .text.littlefs_truncate
                0x0000000000010064       0x30 zephyr/subsys/fs/libsubsys__fs.a(littlefs_fs.c.obj)
 .text.littlefs_sync
                0x0000000000010094       0x2c zephyr/subsys/fs/libsubsys__fs.a(littlefs_fs.c.obj)
 .text.littlefs_close
                0x00000000000100c0       0x32 zephyr/subsys/fs/libsubsys__fs.a(littlefs_fs.c.obj)
 .text.littlefs_readdir
                0x00000000000100f2       0x62 zephyr/subsys/fs/libsubsys__fs.a(littlefs_fs.c.obj)
 .text.littlefs_unlink
                0x0000000000010154       0x34 zephyr/subsys/fs/libsubsys__fs.a(littlefs_fs.c.obj)
 .text.littlefs_rename
                0x0000000000010188       0x42 zephyr/subsys/fs/libsubsys__fs.a(littlefs_fs.c.obj)
 .text.littlefs_mkdir
                0x00000000000101ca       0x34 zephyr/subsys/fs/libsubsys__fs.a(littlefs_fs.c.obj)
 .text.littlefs_statvfs