Archive member included to satisfy reference by file (symbol)

app/libapp.a(main.c.obj)      (--whole-archive)
zephyr/libzephyr.a(cbprintf_packaged.c.obj)
                              (--whole-archive)
zephyr/libzephyr.a(dec.c.obj)
                              (--whole-archive)
zephyr/libzephyr.a(fdtable.c.obj)
                              (--whole-archive)
zephyr/libzephyr.a(hex.c.obj)
                              (--whole-archive)
zephyr/libzephyr.a(printk.c.obj)
                              (--whole-archive)
zephyr/libzephyr.a(rb.c.obj)  (--whole-archive)
zephyr/libzephyr.a(sem.c.obj)
                              (--whole-archive)
zephyr/libzephyr.a(thread_entry.c.obj)
                              (--whole-archive)
zephyr/libzephyr.a(timeutil.c.obj)
                              (--whole-archive)
zephyr/libzephyr.a(heap.c.obj)
                              (--whole-archive)
zephyr/libzephyr.a(heap-validate.c.obj)
                              (--whole-archive)
zephyr/libzephyr.a(bitarray.c.obj)
                              (--whole-archive)
zephyr/libzephyr.a(multi_heap.c.obj)
                              (--whole-archive)
zephyr/libzephyr.a(onoff.c.obj)
                              (--whole-archive)
zephyr/libzephyr.a(notify.c.obj)
                              (--whole-archive)
zephyr/libzephyr.a(cbprintf_complete.c.obj)
                              (--whole-archive)
zephyr/libzephyr.a(cbprintf.c.obj)
                              (--whole-archive)
zephyr/libzephyr.a(assert.c.obj)
                              (--whole-archive)
zephyr/libzephyr.a(reboot.c.obj)
                              (--whole-archive)
zephyr/libzephyr.a(configs.c.obj)
                              (--whole-archive)
zephyr/libzephyr.a(soc_nrf_common.S.obj)
                              (--whole-archive)
zephyr/libzephyr.a(validate_base_addresses.c.obj)
                              (--whole-archive)
zephyr/libzephyr.a(validate_enabled_instances.c.obj)
                              (--whole-archive)
zephyr/libzephyr.a(log_core.c.obj)
                              (--whole-archive)
zephyr/libzephyr.a(log_mgmt.c.obj)
                              (--whole-archive)
zephyr/libzephyr.a(log_cache.c.obj)
                              (--whole-archive)
zephyr/libzephyr.a(log_msg.c.obj)
                              (--whole-archive)
zephyr/libzephyr.a(log_output.c.obj)
                              (--whole-archive)
zephyr/libzephyr.a(log_backend_rtt.c.obj)
                              (--whole-archive)
zephyr/libzephyr.a(flash_map.c.obj)
                              (--whole-archive)
zephyr/libzephyr.a(flash_map_default.c.obj)
                              (--whole-archive)
zephyr/libzephyr.a(flash_map_layout.c.obj)
                              (--whole-archive)
zephyr/libzephyr.a(tracing_none.c.obj)
                              (--whole-archive)
zephyr/libzephyr.a(settings_store.c.obj)
                              (--whole-archive)
zephyr/libzephyr.a(settings.c.obj)
                              (--whole-archive)
zephyr/libzephyr.a(settings_init.c.obj)
                              (--whole-archive)
zephyr/libzephyr.a(settings_line.c.obj)
                              (--whole-archive)
zephyr/libzephyr.a(settings_file.c.obj)
                              (--whole-archive)
zephyr/libzephyr.a(nrf_cc3xx_platform_abort_zephyr.c.obj)
                              (--whole-archive)
zephyr/libzephyr.a(nrf_cc3xx_platform_mutex_zephyr.c.obj)
                              (--whole-archive)
zephyr/arch/common/libarch__common.a(sw_isr_common.c.obj)
                              (--whole-archive)
zephyr/arch/arch/arm/core/aarch32/libarch__arm__core__aarch32.a(cpu_idle.S.obj)
                              (--whole-archive)
zephyr/arch/arch/arm/core/aarch32/libarch__arm__core__aarch32.a(fatal.c.obj)
                              (--whole-archive)
zephyr/arch/arch/arm/core/aarch32/libarch__arm__core__aarch32.a(irq_manage.c.obj)
                              (--whole-archive)
zephyr/arch/arch/arm/core/aarch32/libarch__arm__core__aarch32.a(nmi.c.obj)
                              (--whole-archive)
zephyr/arch/arch/arm/core/aarch32/libarch__arm__core__aarch32.a(nmi_on_reset.S.obj)
                              (--whole-archive)
zephyr/arch/arch/arm/core/aarch32/libarch__arm__core__aarch32.a(prep_c.c.obj)
                              (--whole-archive)
zephyr/arch/arch/arm/core/aarch32/libarch__arm__core__aarch32.a(swap.c.obj)
                              (--whole-archive)
zephyr/arch/arch/arm/core/aarch32/libarch__arm__core__aarch32.a(swap_helper.S.obj)
                              (--whole-archive)
zephyr/arch/arch/arm/core/aarch32/libarch__arm__core__aarch32.a(thread.c.obj)
                              (--whole-archive)
zephyr/arch/arch/arm/core/aarch32/libarch__arm__core__aarch32.a(isr_wrapper.S.obj)
                              (--whole-archive)
[...]
Memory Configuration

Name             Origin             Length             Attributes
FLASH            0x0000000000000000 0x0000000000100000 xr
RAM              0x0000000020000000 0x0000000000040000 xw
IDT_LIST         0x00000000fffff7ff 0x0000000000000800 xw
*default*        0x0000000000000000 0xffffffffffffffff

Linker script and memory map

LOAD zephyr/CMakeFiles/zephyr_final.dir/misc/empty_file.c.obj
LOAD zephyr/CMakeFiles/zephyr_final.dir/isr_tables.c.obj
LOAD app/libapp.a
LOAD zephyr/libzephyr.a
LOAD zephyr/arch/common/libarch__common.a
LOAD zephyr/arch/arch/arm/core/aarch32/libarch__arm__core__aarch32.a
LOAD zephyr/arch/arch/arm/core/aarch32/cortex_m/libarch__arm__core__aarch32__cortex_m.a
LOAD zephyr/arch/arch/arm/core/aarch32/mpu/libarch__arm__core__aarch32__mpu.a
LOAD zephyr/lib/libc/newlib/liblib__libc__newlib.a
LOAD zephyr/lib/libc/common/liblib__libc__common.a
LOAD zephyr/soc/soc/arm/common/cortex_m/libsoc__arm__common__cortex_m.a
LOAD zephyr/soc/soc/arm/nordic_nrf/nrf52/libsoc__arm__nordic_nrf__nrf52.a
LOAD zephyr/subsys/fs/libsubsys__fs.a
LOAD zephyr/drivers/adc/libdrivers__adc.a
LOAD zephyr/drivers/clock_control/libdrivers__clock_control.a
LOAD zephyr/drivers/console/libdrivers__console.a
LOAD zephyr/drivers/flash/libdrivers__flash.a
LOAD zephyr/drivers/gpio/libdrivers__gpio.a
LOAD zephyr/drivers/pinctrl/libdrivers__pinctrl.a
LOAD zephyr/drivers/serial/libdrivers__serial.a
LOAD zephyr/drivers/spi/libdrivers__spi.a
LOAD zephyr/drivers/timer/libdrivers__timer.a
LOAD modules/nrf/lib/fatal_error/lib..__nrf__lib__fatal_error.a
LOAD modules/nrf/drivers/hw_cc310/lib..__nrf__drivers__hw_cc310.a
LOAD modules/hal_nordic/nrfx/libmodules__hal_nordic__nrfx.a
LOAD modules/littlefs/libmodules__littlefs.a
LOAD modules/segger/libmodules__segger.a
LOAD zephyr/kernel/libkernel.a
LOAD zephyr/CMakeFiles/offsets.dir/./arch/arm/core/offsets/offsets.c.obj
LOAD /home/abdullah/ncs/toolchains/7795df4459/opt/zephyr-sdk/arm-zephyr-eabi/bin/../lib/gcc/arm-zephyr-eabi/12.2.0/thumb/v7e-m+fp/hard/libgcc.a
LOAD zephyr/arch/common/libisr_tables.a
LOAD /home/abdullah/ncs/toolchains/7795df4459/opt/zephyr-sdk/arm-zephyr-eabi/arm-zephyr-eabi/lib/thumb/v7e-m+fp/hard/libm_nano.a
LOAD /home/abdullah/ncs/toolchains/7795df4459/opt/zephyr-sdk/arm-zephyr-eabi/arm-zephyr-eabi/lib/thumb/v7e-m+fp/hard/libc_nano.a
LOAD /home/abdullah/ncs/toolchains/7795df4459/opt/zephyr-sdk/arm-zephyr-eabi/bin/../lib/gcc/arm-zephyr-eabi/12.2.0/thumb/v7e-m+fp/hard/libgcc.a
LOAD /home/abdullah/ncs/toolchains/7795df4459/opt/zephyr-sdk/arm-zephyr-eabi/arm-zephyr-eabi/lib/thumb/v7e-m+fp/hard/libc_nano.a
LOAD /home/abdullah/ncs/v2.5.0/nrfxlib/crypto/nrf_cc310_platform/lib/cortex-m4/hard-float/no-interrupts/libnrf_cc310_platform_0.9.18.a
LOAD /home/abdullah/ncs/toolchains/7795df4459/opt/zephyr-sdk/arm-zephyr-eabi/arm-zephyr-eabi/lib/thumb/v7e-m+fp/hard/libc_nano.a
                0x0000000000000020                _region_min_align = 0x20

.rel.plt        0x0000000000000000        0x0
 *(SORT_BY_ALIGNMENT(.rel.plt))
                [!provide]                        PROVIDE (__rel_iplt_start = .)
 *(SORT_BY_ALIGNMENT(.rel.iplt))
 .rel.iplt      0x0000000000000000        0x0 zephyr/CMakeFiles/zephyr_final.dir/isr_tables.c.obj
                [!provide]                        PROVIDE (__rel_iplt_end = .)

.rela.plt       0x0000000000000000        0x0
 *(SORT_BY_ALIGNMENT(.rela.plt))
                [!provide]                        PROVIDE (__rela_iplt_start = .)
 *(SORT_BY_ALIGNMENT(.rela.iplt))
                [!provide]                        PROVIDE (__rela_iplt_end = .)

.rel.dyn
 *(SORT_BY_ALIGNMENT(.rel.*))

.rela.dyn
 *(SORT_BY_ALIGNMENT(.rela.*))

/DISCARD/
 *(SORT_BY_ALIGNMENT(.plt))

/DISCARD/
 *(SORT_BY_ALIGNMENT(.iplt))
                0x0000000000000000                __rom_region_start = 0x0

rom_start       0x0000000000000000      0x100
                0x0000000000000000                __rom_start_address = .
                0x0000000000000000                . = (. + (0x0 - (. - __rom_start_address)))
                0x0000000000000000                . = ALIGN (0x4)
                0x0000000000000000                . = ALIGN (0x80)
                0x0000000000000000                . = ALIGN (0x100)
                0x0000000000000000                _vector_start = .
 *(SORT_BY_ALIGNMENT(.exc_vector_table))
 *(SORT_BY_ALIGNMENT(.exc_vector_table.*))
 .exc_vector_table._vector_table_section
                0x0000000000000000       0x40 zephyr/arch/arch/arm/core/aarch32/cortex_m/libarch__arm__core__aarch32__cortex_m.a(vector_table.S.obj)
                0x0000000000000000                _vector_table
 *(SORT_BY_ALIGNMENT(.vectors))
                0x0000000000000100                _vector_end = .
                0x0000000000000040                . = ALIGN (0x4)
 *(SORT_BY_ALIGNMENT(.gnu.linkonce.irq_vector_table*))
 .gnu.linkonce.irq_vector_table
                0x0000000000000040       0xc0 zephyr/CMakeFiles/zephyr_final.dir/isr_tables.c.obj
                0x0000000000000040                _irq_vector_table
                0x0000000000000100                _vector_end = .

text            0x0000000000000100    0x12018
                0x0000000000000100                __text_region_start = .
 *(SORT_BY_ALIGNMENT(.text))
 .text          0x0000000000000100       0xa0 /home/abdullah/ncs/toolchains/7795df4459/opt/zephyr-sdk/arm-zephyr-eabi/arm-zephyr-eabi/lib/thumb/v7e-m+fp/hard/libc_nano.a(lib_a-memchr.o)
                0x0000000000000100                memchr
 .text          0x00000000000001a0      0x378 /home/abdullah/ncs/toolchains/7795df4459/opt/zephyr-sdk/arm-zephyr-eabi/bin/../lib/gcc/arm-zephyr-eabi/12.2.0/thumb/v7e-m+fp/hard/libgcc.a(_arm_addsubdf3.o)
                0x00000000000001a0                __aeabi_drsub
                0x00000000000001a8                __aeabi_dsub
                0x00000000000001a8                __subdf3
                0x00000000000001ac                __adddf3
                0x00000000000001ac                __aeabi_dadd
                0x0000000000000424                __aeabi_ui2d
                0x0000000000000424                __floatunsidf
                0x0000000000000444                __floatsidf
                0x0000000000000444                __aeabi_i2d
                0x0000000000000468                __extendsfdf2
                0x0000000000000468                __aeabi_f2d
                0x00000000000004ac                __aeabi_ul2d
                0x00000000000004ac                __floatundidf
                0x00000000000004bc                __floatdidf
                0x00000000000004bc                __aeabi_l2d
 .text          0x0000000000000518      0x424 /home/abdullah/ncs/toolchains/7795df4459/opt/zephyr-sdk/arm-zephyr-eabi/bin/../lib/gcc/arm-zephyr-eabi/12.2.0/thumb/v7e-m+fp/hard/libgcc.a(_arm_muldivdf3.o)
                0x0000000000000518                __aeabi_dmul
                0x0000000000000518                __muldf3
                0x000000000000076c                __aeabi_ddiv
                0x000000000000076c                __divdf3
 .text          0x000000000000093c       0x30 /home/abdullah/ncs/toolchains/7795df4459/opt/zephyr-sdk/arm-zephyr-eabi/bin/../lib/gcc/arm-zephyr-eabi/12.2.0/thumb/v7e-m+fp/hard/libgcc.a(_aeabi_uldivmod.o)
                0x000000000000093c                __aeabi_uldivmod
 .text          0x000000000000096c        0x4 /home/abdullah/ncs/toolchains/7795df4459/opt/zephyr-sdk/arm-zephyr-eabi/bin/../lib/gcc/arm-zephyr-eabi/12.2.0/thumb/v7e-m+fp/hard/libgcc.a(_dvmd_tls.o)
                0x000000000000096c                __aeabi_ldiv0
                0x000000000000096c                __aeabi_idiv0
 .text          0x0000000000000970      0x110 /home/abdullah/ncs/toolchains/7795df4459/opt/zephyr-sdk/arm-zephyr-eabi/bin/../lib/gcc/arm-zephyr-eabi/12.2.0/thumb/v7e-m+fp/hard/libgcc.a(_arm_cmpdf2.o)
                0x0000000000000970                __gtdf2
                0x0000000000000970                __gedf2
                0x0000000000000978                __ltdf2
                0x0000000000000978                __ledf2
                0x0000000000000980                __cmpdf2
                0x0000000000000980                __eqdf2
                0x0000000000000980                __nedf2
                0x00000000000009fc                __aeabi_cdrcmple
                0x0000000000000a0c                __aeabi_cdcmple
                0x0000000000000a0c                __aeabi_cdcmpeq
                0x0000000000000a1c                __aeabi_dcmpeq
                0x0000000000000a30                __aeabi_dcmplt
                0x0000000000000a44                __aeabi_dcmple
                0x0000000000000a58                __aeabi_dcmpge
                0x0000000000000a6c                __aeabi_dcmpgt
 .text          0x0000000000000a80       0x2c /home/abdullah/ncs/toolchains/7795df4459/opt/zephyr-sdk/arm-zephyr-eabi/bin/../lib/gcc/arm-zephyr-eabi/12.2.0/thumb/v7e-m+fp/hard/libgcc.a(_arm_unorddf2.o)
                0x0000000000000a80                __aeabi_dcmpun
                0x0000000000000a80                __unorddf2
 .text          0x0000000000000aac       0x50 /home/abdullah/ncs/toolchains/7795df4459/opt/zephyr-sdk/arm-zephyr-eabi/bin/../lib/gcc/arm-zephyr-eabi/12.2.0/thumb/v7e-m+fp/hard/libgcc.a(_arm_fixdfsi.o)
                0x0000000000000aac                __fixdfsi
                0x0000000000000aac                __aeabi_d2iz
 .text          0x0000000000000afc       0x26 /home/abdullah/ncs/toolchains/7795df4459/opt/zephyr-sdk/arm-zephyr-eabi/bin/../lib/gcc/arm-zephyr-eabi/12.2.0/thumb/v7e-m+fp/hard/libgcc.a(_popcountsi2.o)
                0x0000000000000afc                __popcountsi2
 .text          0x0000000000000b22      0x2a0 /home/abdullah/ncs/toolchains/7795df4459/opt/zephyr-sdk/arm-zephyr-eabi/bin/../lib/gcc/arm-zephyr-eabi/12.2.0/thumb/v7e-m+fp/hard/libgcc.a(_udivmoddi4.o)
                0x0000000000000b22                __udivmoddi4
 .text          0x0000000000000dc2       0x14 /home/abdullah/ncs/toolchains/7795df4459/opt/zephyr-sdk/arm-zephyr-eabi/arm-zephyr-eabi/lib/thumb/v7e-m+fp/hard/libc_nano.a(lib_a-strcmp.o)
                0x0000000000000dc2                strcmp
 .text          0x0000000000000dd6       0x10 /home/abdullah/ncs/toolchains/7795df4459/opt/zephyr-sdk/arm-zephyr-eabi/arm-zephyr-eabi/lib/thumb/v7e-m+fp/hard/libc_nano.a(lib_a-strlen.o)
                0x0000000000000dd6                strlen
 *(SORT_BY_ALIGNMENT(.text.*))
 *fill*         0x0000000000000de6        0x2 
 .text.z_cbvprintf_impl
                0x0000000000000de8      0xcd8 zephyr/libzephyr.a(cbprintf_complete.c.obj)
                0x0000000000000de8                z_cbvprintf_impl
 .text._dtoa_r  0x0000000000001ac0      0xc58 /home/abdullah/ncs/toolchains/7795df4459/opt/zephyr-sdk/arm-zephyr-eabi/arm-zephyr-eabi/lib/thumb/v7e-m+fp/hard/libc_nano.a(lib_a-dtoa.o)
                0x0000000000001ac0                _dtoa_r
 .text.list_files.constprop.0
                0x0000000000002718       0xa4 app/libapp.a(main.c.obj)
 .text.read_file.constprop.0
                0x00000000000027bc       0xb0 app/libapp.a(main.c.obj)
 .text.main     0x000000000000286c      0x19c app/libapp.a(main.c.obj)
                0x000000000000286c                main
 .text.cbvprintf_package
                0x0000000000002a08      0x3a4 zephyr/libzephyr.a(cbprintf_packaged.c.obj)
                0x0000000000002a08                cbvprintf_package
 .text.__printk_hook_install
                0x0000000000002dac        0xc zephyr/libzephyr.a(printk.c.obj)
                0x0000000000002dac                __printk_hook_install
 .text.process_event
                0x0000000000002db8      0x21c zephyr/libzephyr.a(onoff.c.obj)
 .text.extract_decimal
                0x0000000000002fd4       0x2c zephyr/libzephyr.a(cbprintf_complete.c.obj)
 .text.encode_uint
                0x0000000000003000       0x98 zephyr/libzephyr.a(cbprintf_complete.c.obj)
 .text.sys_reboot
                0x0000000000003098       0x30 zephyr/libzephyr.a(reboot.c.obj)
                0x0000000000003098                sys_reboot
 .text.z_arm_platform_init
                0x00000000000030c8        0x4 zephyr/libzephyr.a(soc_nrf_common.S.obj)
                0x00000000000030c8                z_arm_platform_init
 .text.z_log_init.isra.0
                0x00000000000030cc       0xd0 zephyr/libzephyr.a(log_core.c.obj)
 .text.log_format_func_t_get
                0x000000000000319c        0xc zephyr/libzephyr.a(log_core.c.obj)
                0x000000000000319c                log_format_func_t_get
 .text.log_set_timestamp_func
                0x00000000000031a8       0x20 zephyr/libzephyr.a(log_core.c.obj)
                0x00000000000031a8                log_set_timestamp_func
 .text.log_core_init
                0x00000000000031c8       0x28 zephyr/libzephyr.a(log_core.c.obj)
                0x00000000000031c8                log_core_init
 .text.z_impl_log_panic
                0x00000000000031f0       0x3c zephyr/libzephyr.a(log_core.c.obj)
                0x00000000000031f0                z_impl_log_panic
 .text.z_log_dropped
                0x000000000000322c       0x30 zephyr/libzephyr.a(log_core.c.obj)
                0x000000000000322c                z_log_dropped
 .text.z_log_msg_commit
                0x000000000000325c       0x38 zephyr/libzephyr.a(log_core.c.obj)
                0x000000000000325c                z_log_msg_commit
 .text.log_source_name_get
                0x0000000000003294       0x1c zephyr/libzephyr.a(log_mgmt.c.obj)
                0x0000000000003294                log_source_name_get
 .text.log_backend_enable
                0x00000000000032b0       0x28 zephyr/libzephyr.a(log_mgmt.c.obj)
                0x00000000000032b0                log_backend_enable
 .text.z_impl_z_log_msg_runtime_vcreate
                0x00000000000032d8       0x8c zephyr/libzephyr.a(log_msg.c.obj)
                0x00000000000032d8                z_impl_z_log_msg_runtime_vcreate
 .text.print_formatted
                0x0000000000003364       0x24 zephyr/libzephyr.a(log_output.c.obj)
 .text.newline_print
                0x0000000000003388       0x1c zephyr/libzephyr.a(log_output.c.obj)
 .text.log_output_process
                0x00000000000033a4      0x2a8 zephyr/libzephyr.a(log_output.c.obj)
                0x00000000000033a4                log_output_process
 .text.log_output_msg_process
                0x000000000000364c       0x70 zephyr/libzephyr.a(log_output.c.obj)
                0x000000000000364c                log_output_msg_process
 .text.log_output_timestamp_freq_set
                0x00000000000036bc       0x2c zephyr/libzephyr.a(log_output.c.obj)
                0x00000000000036bc                log_output_timestamp_freq_set
 .text.log_backend_rtt_init
                0x00000000000036e8        0xc zephyr/libzephyr.a(log_backend_rtt.c.obj)
 .text.format_set
                0x00000000000036f4        0xc zephyr/libzephyr.a(log_backend_rtt.c.obj)
 .text.panic    0x0000000000003700       0x14 zephyr/libzephyr.a(log_backend_rtt.c.obj)
 .text.process  0x0000000000003714       0x24 zephyr/libzephyr.a(log_backend_rtt.c.obj)
 .text.data_out_block_mode
                0x0000000000003738       0x70 zephyr/libzephyr.a(log_backend_rtt.c.obj)
 .text.flash_area_open
                0x00000000000037a8       0x50 zephyr/libzephyr.a(flash_map.c.obj)
                0x00000000000037a8                flash_area_open
 .text.nrf_cc3xx_platform_abort_init
                0x00000000000037f8        0xc zephyr/libzephyr.a(nrf_cc3xx_platform_abort_zephyr.c.obj)
                0x00000000000037f8                nrf_cc3xx_platform_abort_init
 .text.mutex_free_platform
                0x0000000000003804       0x54 zephyr/libzephyr.a(nrf_cc3xx_platform_mutex_zephyr.c.obj)
 .text.mutex_lock_platform
                0x0000000000003858       0x60 zephyr/libzephyr.a(nrf_cc3xx_platform_mutex_zephyr.c.obj)
 .text.mutex_unlock_platform
                0x00000000000038b8       0x58 zephyr/libzephyr.a(nrf_cc3xx_platform_mutex_zephyr.c.obj)
 .text.mutex_init_platform
                0x0000000000003910       0x94 zephyr/libzephyr.a(nrf_cc3xx_platform_mutex_zephyr.c.obj)
 .text.nrf_cc3xx_platform_mutex_init
                0x00000000000039a4       0x2c zephyr/libzephyr.a(nrf_cc3xx_platform_mutex_zephyr.c.obj)
                0x00000000000039a4                nrf_cc3xx_platform_mutex_init
 .text.z_arm_cpu_idle_init
                0x00000000000039d0        0xc zephyr/arch/arch/arm/core/aarch32/libarch__arm__core__aarch32.a(cpu_idle.S.obj)
                0x00000000000039d0                z_arm_cpu_idle_init
 .text.arch_cpu_idle
                0x00000000000039dc       0x1c zephyr/arch/arch/arm/core/aarch32/libarch__arm__core__aarch32.a(cpu_idle.S.obj)
                0x00000000000039dc                arch_cpu_idle
 .text.arch_cpu_atomic_idle
                0x00000000000039f8       0x18 zephyr/arch/arch/arm/core/aarch32/libarch__arm__core__aarch32.a(cpu_idle.S.obj)
                0x00000000000039f8                arch_cpu_atomic_idle
 .text.z_arm_fatal_error
                0x0000000000003a10      0x108 zephyr/arch/arch/arm/core/aarch32/libarch__arm__core__aarch32.a(fatal.c.obj)
                0x0000000000003a10                z_arm_fatal_error
 .text.arch_irq_enable
                0x0000000000003b18       0x1c zephyr/arch/arch/arm/core/aarch32/libarch__arm__core__aarch32.a(irq_manage.c.obj)
                0x0000000000003b18                arch_irq_enable
 .text.arch_irq_disable
                0x0000000000003b34       0x28 zephyr/arch/arch/arm/core/aarch32/libarch__arm__core__aarch32.a(irq_manage.c.obj)
                0x0000000000003b34                arch_irq_disable
 .text.arch_irq_is_enabled
                0x0000000000003b5c       0x1c zephyr/arch/arch/arm/core/aarch32/libarch__arm__core__aarch32.a(irq_manage.c.obj)
                0x0000000000003b5c                arch_irq_is_enabled
 .text.z_arm_irq_priority_set
                0x0000000000003b78       0x30 zephyr/arch/arch/arm/core/aarch32/libarch__arm__core__aarch32.a(irq_manage.c.obj)
                0x0000000000003b78                z_arm_irq_priority_set
 .text.z_SysNmiOnReset
                0x0000000000003ba8        0x8 zephyr/arch/arch/arm/core/aarch32/libarch__arm__core__aarch32.a(nmi_on_reset.S.obj)
                0x0000000000003ba8                z_SysNmiOnReset
 .text.z_arm_prep_c
                0x0000000000003bb0       0x5c zephyr/arch/arch/arm/core/aarch32/libarch__arm__core__aarch32.a(prep_c.c.obj)
                0x0000000000003bb0                z_arm_prep_c
 .text.arch_swap
                0x0000000000003c0c       0x34 zephyr/arch/arch/arm/core/aarch32/libarch__arm__core__aarch32.a(swap.c.obj)
                0x0000000000003c0c                arch_swap
 .text.z_arm_pendsv
                0x0000000000003c40       0x90 zephyr/arch/arch/arm/core/aarch32/libarch__arm__core__aarch32.a(swap_helper.S.obj)
                0x0000000000003c40                z_arm_pendsv
 .text.z_arm_svc
                0x0000000000003cd0       0x20 zephyr/arch/arch/arm/core/aarch32/libarch__arm__core__aarch32.a(swap_helper.S.obj)
                0x0000000000003cd0                z_arm_svc
 .text.arch_new_thread
                0x0000000000003cf0       0x60 zephyr/arch/arch/arm/core/aarch32/libarch__arm__core__aarch32.a(thread.c.obj)
                0x0000000000003cf0                arch_new_thread
 .text.z_arm_mpu_stack_guard_and_fpu_adjust
                0x0000000000003d50       0x70 zephyr/arch/arch/arm/core/aarch32/libarch__arm__core__aarch32.a(thread.c.obj)
                0x0000000000003d50                z_arm_mpu_stack_guard_and_fpu_adjust
 .text.z_check_thread_stack_fail
                0x0000000000003dc0       0x38 zephyr/arch/arch/arm/core/aarch32/libarch__arm__core__aarch32.a(thread.c.obj)
                0x0000000000003dc0                z_check_thread_stack_fail
 .text.arch_float_disable
                0x0000000000003df8       0x4c zephyr/arch/arch/arm/core/aarch32/libarch__arm__core__aarch32.a(thread.c.obj)
                0x0000000000003df8                arch_float_disable
 .text.arch_switch_to_main_thread
                0x0000000000003e44       0x48 zephyr/arch/arch/arm/core/aarch32/libarch__arm__core__aarch32.a(thread.c.obj)
                0x0000000000003e44                arch_switch_to_main_thread
 .text._isr_wrapper
                0x0000000000003e8c       0x28 zephyr/arch/arch/arm/core/aarch32/libarch__arm__core__aarch32.a(isr_wrapper.S.obj)
                0x0000000000003e8c                _isr_wrapper
 .text._HandlerModeExit
                0x0000000000003eb4       0x1c zephyr/arch/arch/arm/core/aarch32/cortex_m/libarch__arm__core__aarch32__cortex_m.a(exc_exit.S.obj)
                0x0000000000003eb4                z_arm_exc_exit
                0x0000000000003eb4                z_arm_int_exit
 .text.bus_fault.constprop.0
                0x0000000000003ed0      0x13c zephyr/arch/arch/arm/core/aarch32/cortex_m/libarch__arm__core__aarch32__cortex_m.a(fault.c.obj)
 .text.usage_fault.constprop.0
                0x000000000000400c      0x108 zephyr/arch/arch/arm/core/aarch32/cortex_m/libarch__arm__core__aarch32__cortex_m.a(fault.c.obj)
 .text.mem_manage_fault
                0x0000000000004114      0x164 zephyr/arch/arch/arm/core/aarch32/cortex_m/libarch__arm__core__aarch32__cortex_m.a(fault.c.obj)
 .text.z_arm_fault
                0x0000000000004278      0x200 zephyr/arch/arch/arm/core/aarch32/cortex_m/libarch__arm__core__aarch32__cortex_m.a(fault.c.obj)
                0x0000000000004278                z_arm_fault
 .text.z_arm_fault_init
                0x0000000000004478       0x10 zephyr/arch/arch/arm/core/aarch32/cortex_m/libarch__arm__core__aarch32__cortex_m.a(fault.c.obj)
                0x0000000000004478                z_arm_fault_init
 .text.__fault  0x0000000000004488       0x14 zephyr/arch/arch/arm/core/aarch32/cortex_m/libarch__arm__core__aarch32__cortex_m.a(fault_s.S.obj)
                0x0000000000004488                z_arm_bus_fault
                0x0000000000004488                z_arm_usage_fault
                0x0000000000004488                z_arm_mpu_fault
                0x0000000000004488                z_arm_exc_spurious
                0x0000000000004488                z_arm_debug_monitor
                0x0000000000004488                z_arm_hard_fault
 .text.z_arm_interrupt_init
                0x000000000000449c       0x18 zephyr/arch/arch/arm/core/aarch32/cortex_m/libarch__arm__core__aarch32__cortex_m.a(irq_init.c.obj)
                0x000000000000449c                z_arm_interrupt_init
 .text._reset_section
                0x00000000000044b4       0x54 zephyr/arch/arch/arm/core/aarch32/cortex_m/libarch__arm__core__aarch32__cortex_m.a(reset.S.obj)
                0x00000000000044b4                z_arm_reset
                0x00000000000044b4                __start
 .text.sys_arch_reboot
                0x0000000000004508       0x24 zephyr/arch/arch/arm/core/aarch32/cortex_m/libarch__arm__core__aarch32__cortex_m.a(scb.c.obj)
                0x0000000000004508                sys_arch_reboot
 .text.z_arm_clear_arm_mpu_config
                0x000000000000452c       0x24 zephyr/arch/arch/arm/core/aarch32/cortex_m/libarch__arm__core__aarch32__cortex_m.a(scb.c.obj)
                0x000000000000452c                z_arm_clear_arm_mpu_config
 .text.z_arm_init_arch_hw_at_boot
                0x0000000000004550       0x64 zephyr/arch/arch/arm/core/aarch32/cortex_m/libarch__arm__core__aarch32__cortex_m.a(scb.c.obj)
                0x0000000000004550                z_arm_init_arch_hw_at_boot
 .text.z_impl_k_thread_abort
                0x00000000000045b4       0x2c zephyr/arch/arch/arm/core/aarch32/cortex_m/libarch__arm__core__aarch32__cortex_m.a(thread_abort.c.obj)
                0x00000000000045b4                z_impl_k_thread_abort
 .text.z_arm_configure_static_mpu_regions
                0x00000000000045e0       0x18 zephyr/arch/arch/arm/core/aarch32/mpu/libarch__arm__core__aarch32__mpu.a(arm_core_mpu.c.obj)
                0x00000000000045e0                z_arm_configure_static_mpu_regions
 .text.z_arm_configure_dynamic_mpu_regions
                0x00000000000045f8       0x2c zephyr/arch/arch/arm/core/aarch32/mpu/libarch__arm__core__aarch32__mpu.a(arm_core_mpu.c.obj)
                0x00000000000045f8                z_arm_configure_dynamic_mpu_regions
 .text.mpu_configure_regions
                0x0000000000004624       0xb4 zephyr/arch/arch/arm/core/aarch32/mpu/libarch__arm__core__aarch32__mpu.a(arm_mpu.c.obj)
 .text.arm_core_mpu_enable
                0x00000000000046d8       0x18 zephyr/arch/arch/arm/core/aarch32/mpu/libarch__arm__core__aarch32__mpu.a(arm_mpu.c.obj)
                0x00000000000046d8                arm_core_mpu_enable
 .text.arm_core_mpu_disable
                0x00000000000046f0       0x14 zephyr/arch/arch/arm/core/aarch32/mpu/libarch__arm__core__aarch32__mpu.a(arm_mpu.c.obj)
                0x00000000000046f0                arm_core_mpu_disable
 .text.arm_core_mpu_configure_static_mpu_regions
                0x0000000000004704       0x14 zephyr/arch/arch/arm/core/aarch32/mpu/libarch__arm__core__aarch32__mpu.a(arm_mpu.c.obj)
                0x0000000000004704                arm_core_mpu_configure_static_mpu_regions
 .text.arm_core_mpu_configure_dynamic_mpu_regions
                0x0000000000004718       0x30 zephyr/arch/arch/arm/core/aarch32/mpu/libarch__arm__core__aarch32__mpu.a(arm_mpu.c.obj)
                0x0000000000004718                arm_core_mpu_configure_dynamic_mpu_regions
 .text.z_arm_mpu_init
                0x0000000000004748       0x60 zephyr/arch/arch/arm/core/aarch32/mpu/libarch__arm__core__aarch32__mpu.a(arm_mpu.c.obj)
                0x0000000000004748                z_arm_mpu_init
 .text.__stdout_hook_install
                0x00000000000047a8        0xc zephyr/lib/libc/newlib/liblib__libc__newlib.a(libc-hooks.c.obj)
                0x00000000000047a8                __stdout_hook_install
 .text.z_impl_zephyr_read_stdin
                0x00000000000047b4       0x28 zephyr/lib/libc/newlib/liblib__libc__newlib.a(libc-hooks.c.obj)
                0x00000000000047b4                z_impl_zephyr_read_stdin
 .text.z_impl_zephyr_write_stdout
                0x00000000000047dc       0x30 zephyr/lib/libc/newlib/liblib__libc__newlib.a(libc-hooks.c.obj)
                0x00000000000047dc                z_impl_zephyr_write_stdout
 .text._sbrk    0x000000000000480c       0x28 zephyr/lib/libc/newlib/liblib__libc__newlib.a(libc-hooks.c.obj)
                0x000000000000480c                _sbrk
                0x000000000000480c                sbrk
 .text.abort    0x0000000000004834       0x18 zephyr/lib/libc/common/liblib__libc__common.a(abort.c.obj)
                0x0000000000004834                abort
 .text.nordicsemi_nrf52_init
                0x000000000000484c       0x44 zephyr/soc/soc/arm/nordic_nrf/nrf52/libsoc__arm__nordic_nrf__nrf52.a(soc.c.obj)
 .text.arch_busy_wait
                0x0000000000004890       0x14 zephyr/soc/soc/arm/nordic_nrf/nrf52/libsoc__arm__nordic_nrf__nrf52.a(soc.c.obj)
                0x0000000000004890                arch_busy_wait
 .text.registry_find
                0x00000000000048a4       0x2c zephyr/subsys/fs/libsubsys__fs.a(fs.c.obj)
 .text.fs_init  0x00000000000048d0       0x1c zephyr/subsys/fs/libsubsys__fs.a(fs.c.obj)
 .text.k_mutex_lock.constprop.0.isra.0
                0x00000000000048ec       0x10 zephyr/subsys/fs/libsubsys__fs.a(fs.c.obj)
 .text.k_mutex_unlock.constprop.0.isra.0
                0x00000000000048fc        0xc zephyr/subsys/fs/libsubsys__fs.a(fs.c.obj)
 .text.fs_get_mnt_point
                0x0000000000004908       0x90 zephyr/subsys/fs/libsubsys__fs.a(fs.c.obj)
 .text.fs_open  0x0000000000004998       0xd8 zephyr/subsys/fs/libsubsys__fs.a(fs.c.obj)
                0x0000000000004998                fs_open
 .text.fs_close
                0x0000000000004a70       0x48 zephyr/subsys/fs/libsubsys__fs.a(fs.c.obj)
                0x0000000000004a70                fs_close
 .text.fs_read  0x0000000000004ab8       0x44 zephyr/subsys/fs/libsubsys__fs.a(fs.c.obj)
                0x0000000000004ab8                fs_read
 .text.fs_write
                0x0000000000004afc       0x44 zephyr/subsys/fs/libsubsys__fs.a(fs.c.obj)
                0x0000000000004afc                fs_write
 .text.fs_opendir
                0x0000000000004b40       0xe4 zephyr/subsys/fs/libsubsys__fs.a(fs.c.obj)
                0x0000000000004b40                fs_opendir
 .text.fs_readdir
                0x0000000000004c24      0x100 zephyr/subsys/fs/libsubsys__fs.a(fs.c.obj)
                0x0000000000004c24                fs_readdir
 .text.fs_closedir
                0x0000000000004d24       0x4c zephyr/subsys/fs/libsubsys__fs.a(fs.c.obj)
                0x0000000000004d24                fs_closedir
 .text.fs_mkdir
                0x0000000000004d70       0xa8 zephyr/subsys/fs/libsubsys__fs.a(fs.c.obj)
                0x0000000000004d70                fs_mkdir
 .text.fs_mount
                0x0000000000004e18      0x194 zephyr/subsys/fs/libsubsys__fs.a(fs.c.obj)
                0x0000000000004e18                fs_mount
 .text.fs_register
                0x0000000000004fac       0x50 zephyr/subsys/fs/libsubsys__fs.a(fs.c.obj)
                0x0000000000004fac                fs_register
 .text.fs_impl_strip_prefix
                0x0000000000004ffc       0x18 zephyr/subsys/fs/libsubsys__fs.a(fs_impl.c.obj)
                0x0000000000004ffc                fs_impl_strip_prefix
 .text.littlefs_init
                0x0000000000005014        0xc zephyr/subsys/fs/libsubsys__fs.a(littlefs_fs.c.obj)
 .text.release_file_data
                0x0000000000005020       0x28 zephyr/subsys/fs/libsubsys__fs.a(littlefs_fs.c.obj)
 .text.lfs_to_errno
                0x0000000000005048       0x1c zephyr/subsys/fs/libsubsys__fs.a(littlefs_fs.c.obj)
 .text.errno_to_lfs
                0x0000000000005064       0x20 zephyr/subsys/fs/libsubsys__fs.a(littlefs_fs.c.obj)
 .text.littlefs_init_fs
                0x0000000000005084      0x1c4 zephyr/subsys/fs/libsubsys__fs.a(littlefs_fs.c.obj)
 .text.littlefs_open
                0x0000000000005248       0xac zephyr/subsys/fs/libsubsys__fs.a(littlefs_fs.c.obj)
 .text.littlefs_opendir
                0x00000000000052f4       0x68 zephyr/subsys/fs/libsubsys__fs.a(littlefs_fs.c.obj)
 .text.littlefs_closedir
                0x000000000000535c       0x38 zephyr/subsys/fs/libsubsys__fs.a(littlefs_fs.c.obj)
 .text.littlefs_unmount
                0x0000000000005394       0x58 zephyr/subsys/fs/libsubsys__fs.a(littlefs_fs.c.obj)
 .text.littlefs_mount
                0x00000000000053ec      0x100 zephyr/subsys/fs/libsubsys__fs.a(littlefs_fs.c.obj)
 .text.littlefs_mkfs
                0x00000000000054ec       0x84 zephyr/subsys/fs/libsubsys__fs.a(littlefs_fs.c.obj)
 .text.adc_context_start_sampling
                0x0000000000005570       0x1c zephyr/drivers/adc/libdrivers__adc.a(adc_nrfx_saadc.c.obj)
 .text.adc_nrfx_channel_setup
                0x000000000000558c      0x108 zephyr/drivers/adc/libdrivers__adc.a(adc_nrfx_saadc.c.obj)
 .text.adc_nrfx_read
                0x0000000000005694      0x208 zephyr/drivers/adc/libdrivers__adc.a(adc_nrfx_saadc.c.obj)
 .text.init_saadc
                0x000000000000589c       0x44 zephyr/drivers/adc/libdrivers__adc.a(adc_nrfx_saadc.c.obj)
 .text.saadc_irq_handler
                0x00000000000058e0       0xcc zephyr/drivers/adc/libdrivers__adc.a(adc_nrfx_saadc.c.obj)
 .text.onoff_stop
                0x00000000000059ac       0x30 zephyr/drivers/clock_control/libdrivers__clock_control.a(clock_control_nrf.c.obj)
 .text.onoff_start
                0x00000000000059dc       0x44 zephyr/drivers/clock_control/libdrivers__clock_control.a(clock_control_nrf.c.obj)
 .text.clk_init
                0x0000000000005a20       0x58 zephyr/drivers/clock_control/libdrivers__clock_control.a(clock_control_nrf.c.obj)
 .text.clkstarted_handle.constprop.0
                0x0000000000005a78       0x34 zephyr/drivers/clock_control/libdrivers__clock_control.a(clock_control_nrf.c.obj)
 .text.clock_event_handler
                0x0000000000005aac       0x1c zephyr/drivers/clock_control/libdrivers__clock_control.a(clock_control_nrf.c.obj)
 .text.generic_hfclk_start
                0x0000000000005ac8       0x64 zephyr/drivers/clock_control/libdrivers__clock_control.a(clock_control_nrf.c.obj)
 .text.api_blocking_start
                0x0000000000005b2c       0x34 zephyr/drivers/clock_control/libdrivers__clock_control.a(clock_control_nrf.c.obj)
 .text.generic_hfclk_stop
                0x0000000000005b60       0x34 zephyr/drivers/clock_control/libdrivers__clock_control.a(clock_control_nrf.c.obj)
 .text.z_nrf_clock_control_lf_on
                0x0000000000005b94       0xfc zephyr/drivers/clock_control/libdrivers__clock_control.a(clock_control_nrf.c.obj)
                0x0000000000005b94                z_nrf_clock_control_lf_on
 .text.rtt_console_init
                0x0000000000005c90       0x18 zephyr/drivers/console/libdrivers__console.a(rtt_console.c.obj)
 .text.rtt_console_out
                0x0000000000005ca8       0x54 zephyr/drivers/console/libdrivers__console.a(rtt_console.c.obj)
 .text.flash_nor_get_parameters
                0x0000000000005cfc        0x8 zephyr/drivers/flash/libdrivers__flash.a(spi_nor.c.obj)
 .text.spi_nor_erase
                0x0000000000005d04      0x128 zephyr/drivers/flash/libdrivers__flash.a(spi_nor.c.obj)
 .text.spi_nor_init
                0x0000000000005e2c      0x1dc zephyr/drivers/flash/libdrivers__flash.a(spi_nor.c.obj)
 .text.flash_nrf_pages_layout
                0x0000000000006008       0x10 zephyr/drivers/flash/libdrivers__flash.a(soc_flash_nrf.c.obj)
 .text.flash_nrf_get_parameters
                0x0000000000006018        0x8 zephyr/drivers/flash/libdrivers__flash.a(soc_flash_nrf.c.obj)
 .text.flash_nrf_read
                0x0000000000006020       0x4c zephyr/drivers/flash/libdrivers__flash.a(soc_flash_nrf.c.obj)
 .text.nrf_flash_init
                0x000000000000606c       0x28 zephyr/drivers/flash/libdrivers__flash.a(soc_flash_nrf.c.obj)
 .text.restore_pofwarn.part.0
                0x0000000000006094       0x2c zephyr/drivers/flash/libdrivers__flash.a(soc_flash_nrf.c.obj)
 .text.suspend_pofwarn
                0x00000000000060c0       0x58 zephyr/drivers/flash/libdrivers__flash.a(soc_flash_nrf.c.obj)
 .text.flash_nrf_erase
                0x0000000000006118       0xc8 zephyr/drivers/flash/libdrivers__flash.a(soc_flash_nrf.c.obj)
 .text.flash_nrf_write
                0x00000000000061e0       0xc8 zephyr/drivers/flash/libdrivers__flash.a(soc_flash_nrf.c.obj)
 .text.gpio_nrfx_pin_interrupt_configure
                0x00000000000062a8       0xe4 zephyr/drivers/gpio/libdrivers__gpio.a(gpio_nrfx.c.obj)
 .text.gpio_nrfx_init
                0x000000000000638c       0x38 zephyr/drivers/gpio/libdrivers__gpio.a(gpio_nrfx.c.obj)
 .text.nrfx_gpio_handler
                0x00000000000063c4       0x4c zephyr/drivers/gpio/libdrivers__gpio.a(gpio_nrfx.c.obj)
 .text.gpio_nrfx_pin_configure
                0x0000000000006410      0x128 zephyr/drivers/gpio/libdrivers__gpio.a(gpio_nrfx.c.obj)
 .text.nrf_gpio_pin_port_decode
                0x0000000000006538       0x20 zephyr/drivers/pinctrl/libdrivers__pinctrl.a(pinctrl_nrf.c.obj)
 .text.pinctrl_configure_pins
                0x0000000000006558      0x190 zephyr/drivers/pinctrl/libdrivers__pinctrl.a(pinctrl_nrf.c.obj)
                0x0000000000006558                pinctrl_configure_pins
 .text.z_log_msg_runtime_create.constprop.0
                0x00000000000066e8       0x24 zephyr/drivers/serial/libdrivers__serial.a(uart_nrfx_uarte.c.obj)
 .text.uarte_nrfx_configure
                0x000000000000670c      0x168 zephyr/drivers/serial/libdrivers__serial.a(uart_nrfx_uarte.c.obj)
 .text.uarte_0_init
                0x0000000000006874      0x104 zephyr/drivers/serial/libdrivers__serial.a(uart_nrfx_uarte.c.obj)
 .text.uarte_nrfx_poll_out
                0x0000000000006978       0xcc zephyr/drivers/serial/libdrivers__serial.a(uart_nrfx_uarte.c.obj)
 .text.spi_nrfx_init
                0x0000000000006a44      0x110 zephyr/drivers/spi/libdrivers__spi.a(spi_nrfx_spi.c.obj)
 .text.transfer_next_chunk
                0x0000000000006b54       0x6c zephyr/drivers/spi/libdrivers__spi.a(spi_nrfx_spi.c.obj)
 .text.event_handler
                0x0000000000006bc0       0xd4 zephyr/drivers/spi/libdrivers__spi.a(spi_nrfx_spi.c.obj)
 .text.spi_nrfx_transceive
                0x0000000000006c94      0x3dc zephyr/drivers/spi/libdrivers__spi.a(spi_nrfx_spi.c.obj)
 .text.nrf_gpio_cfg_input
                0x0000000000007070       0x40 zephyr/drivers/spi/libdrivers__spi.a(spi_nrfx_common.c.obj)
 .text.spi_nrfx_wake_init
                0x00000000000070b0       0x54 zephyr/drivers/spi/libdrivers__spi.a(spi_nrfx_common.c.obj)
                0x00000000000070b0                spi_nrfx_wake_init
 .text.spi_nrfx_init
                0x0000000000007104      0x110 zephyr/drivers/spi/libdrivers__spi.a(spi_nrfx_spim.c.obj)
 .text.transfer_next_chunk
                0x0000000000007214       0x98 zephyr/drivers/spi/libdrivers__spi.a(spi_nrfx_spim.c.obj)
 .text.event_handler
                0x00000000000072ac       0xd4 zephyr/drivers/spi/libdrivers__spi.a(spi_nrfx_spim.c.obj)
 .text.spi_nrfx_transceive
                0x0000000000007380      0x408 zephyr/drivers/spi/libdrivers__spi.a(spi_nrfx_spim.c.obj)
 .text.compare_int_lock
                0x0000000000007788       0x48 zephyr/drivers/timer/libdrivers__timer.a(nrf_rtc_timer.c.obj)
 .text.sys_clock_timeout_handler
                0x00000000000077d0       0x48 zephyr/drivers/timer/libdrivers__timer.a(nrf_rtc_timer.c.obj)
 .text.compare_int_unlock
                0x0000000000007818       0x5c zephyr/drivers/timer/libdrivers__timer.a(nrf_rtc_timer.c.obj)
 .text.z_nrf_rtc_timer_read
                0x0000000000007874       0x44 zephyr/drivers/timer/libdrivers__timer.a(nrf_rtc_timer.c.obj)
                0x0000000000007874                z_nrf_rtc_timer_read
 .text.compare_set
                0x00000000000078b8      0x130 zephyr/drivers/timer/libdrivers__timer.a(nrf_rtc_timer.c.obj)
 .text.sys_clock_driver_init
                0x00000000000079e8       0x90 zephyr/drivers/timer/libdrivers__timer.a(nrf_rtc_timer.c.obj)
 .text.rtc_nrf_isr
                0x0000000000007a78       0xd4 zephyr/drivers/timer/libdrivers__timer.a(nrf_rtc_timer.c.obj)
                0x0000000000007a78                rtc_nrf_isr
 .text.sys_clock_set_timeout
                0x0000000000007b4c       0x68 zephyr/drivers/timer/libdrivers__timer.a(nrf_rtc_timer.c.obj)
                0x0000000000007b4c                sys_clock_set_timeout
 .text.sys_clock_elapsed
                0x0000000000007bb4       0x14 zephyr/drivers/timer/libdrivers__timer.a(nrf_rtc_timer.c.obj)
                0x0000000000007bb4                sys_clock_elapsed
 .text.sys_clock_disable
                0x0000000000007bc8       0x30 zephyr/drivers/timer/libdrivers__timer.a(nrf_rtc_timer.c.obj)
                0x0000000000007bc8                sys_clock_disable
 .text.z_log_msg_runtime_create.constprop.0
                0x0000000000007bf8       0x24 modules/nrf/lib/fatal_error/lib..__nrf__lib__fatal_error.a(fatal_error.c.obj)
 .text.k_sys_fatal_error_handler
                0x0000000000007c1c       0x2c modules/nrf/lib/fatal_error/lib..__nrf__lib__fatal_error.a(fatal_error.c.obj)
                0x0000000000007c1c                k_sys_fatal_error_handler
 .text.nrf52_errata_98
                0x0000000000007c48       0x24 modules/hal_nordic/nrfx/libmodules__hal_nordic__nrfx.a(system_nrf52840.c.obj)
 .text.nvmc_wait
                0x0000000000007c6c       0x10 modules/hal_nordic/nrfx/libmodules__hal_nordic__nrfx.a(system_nrf52840.c.obj)
                0x0000000000007c6c                nvmc_wait
 .text.SystemInit
                0x0000000000007c7c      0x1d8 modules/hal_nordic/nrfx/libmodules__hal_nordic__nrfx.a(system_nrf52840.c.obj)
                0x0000000000007c7c                SystemInit
 .text.nrfx_flag32_alloc
                0x0000000000007e54       0x48 modules/hal_nordic/nrfx/libmodules__hal_nordic__nrfx.a(nrfx_flag32_allocator.c.obj)
                0x0000000000007e54                nrfx_flag32_alloc
 .text.nrfx_flag32_free
                0x0000000000007e9c       0x40 modules/hal_nordic/nrfx/libmodules__hal_nordic__nrfx.a(nrfx_flag32_allocator.c.obj)
                0x0000000000007e9c                nrfx_flag32_free
 .text.nrfx_gppi_channels_enable
                0x0000000000007edc        0xc modules/hal_nordic/nrfx/libmodules__hal_nordic__nrfx.a(nrfx_gppi_ppi.c.obj)
                0x0000000000007edc                nrfx_gppi_channels_enable
 .text.clock_stop
                0x0000000000007ee8       0xc4 modules/hal_nordic/nrfx/libmodules__hal_nordic__nrfx.a(nrfx_clock.c.obj)
 .text.nrfx_clock_init
                0x0000000000007fac       0x20 modules/hal_nordic/nrfx/libmodules__hal_nordic__nrfx.a(nrfx_clock.c.obj)
                0x0000000000007fac                nrfx_clock_init
 .text.nrfx_power_clock_irq_handler
                0x0000000000007fcc       0x68 modules/hal_nordic/nrfx/libmodules__hal_nordic__nrfx.a(nrfx_clock.c.obj)
                0x0000000000007fcc                nrfx_power_clock_irq_handler
 .text.nrf_gpio_pin_port_decode
                0x0000000000008034       0x20 modules/hal_nordic/nrfx/libmodules__hal_nordic__nrfx.a(nrfx_gpiote.c.obj)
 .text.get_pin_idx
                0x0000000000008054       0x14 modules/hal_nordic/nrfx/libmodules__hal_nordic__nrfx.a(nrfx_gpiote.c.obj)
 .text.pin_in_use_by_te
                0x0000000000008068       0x18 modules/hal_nordic/nrfx/libmodules__hal_nordic__nrfx.a(nrfx_gpiote.c.obj)
 .text.pin_is_output
                0x0000000000008080       0x18 modules/hal_nordic/nrfx/libmodules__hal_nordic__nrfx.a(nrfx_gpiote.c.obj)
 .text.pin_te_get
                0x0000000000008098       0x18 modules/hal_nordic/nrfx/libmodules__hal_nordic__nrfx.a(nrfx_gpiote.c.obj)
 .text.call_handler
                0x00000000000080b0       0x40 modules/hal_nordic/nrfx/libmodules__hal_nordic__nrfx.a(nrfx_gpiote.c.obj)
 .text.release_handler
                0x00000000000080f0       0x58 modules/hal_nordic/nrfx/libmodules__hal_nordic__nrfx.a(nrfx_gpiote.c.obj)
 .text.__nrfy_internal_gpiote_events_process.constprop.0
                0x0000000000008148       0x54 modules/hal_nordic/nrfx/libmodules__hal_nordic__nrfx.a(nrfx_gpiote.c.obj)
 .text.nrfx_gpiote_input_configure
                0x000000000000819c      0x180 modules/hal_nordic/nrfx/libmodules__hal_nordic__nrfx.a(nrfx_gpiote.c.obj)
                0x000000000000819c                nrfx_gpiote_input_configure
 .text.nrfx_gpiote_output_configure
                0x000000000000831c       0xf4 modules/hal_nordic/nrfx/libmodules__hal_nordic__nrfx.a(nrfx_gpiote.c.obj)
                0x000000000000831c                nrfx_gpiote_output_configure
 .text.nrfx_gpiote_global_callback_set
                0x0000000000008410        0xc modules/hal_nordic/nrfx/libmodules__hal_nordic__nrfx.a(nrfx_gpiote.c.obj)
                0x0000000000008410                nrfx_gpiote_global_callback_set
 .text.nrfx_gpiote_channel_get
                0x000000000000841c       0x30 modules/hal_nordic/nrfx/libmodules__hal_nordic__nrfx.a(nrfx_gpiote.c.obj)
                0x000000000000841c                nrfx_gpiote_channel_get
 .text.nrfx_gpiote_init
                0x000000000000844c       0x50 modules/hal_nordic/nrfx/libmodules__hal_nordic__nrfx.a(nrfx_gpiote.c.obj)
                0x000000000000844c                nrfx_gpiote_init
 .text.nrfx_gpiote_is_init
                0x000000000000849c       0x14 modules/hal_nordic/nrfx/libmodules__hal_nordic__nrfx.a(nrfx_gpiote.c.obj)
                0x000000000000849c                nrfx_gpiote_is_init
 .text.nrfx_gpiote_channel_free
                0x00000000000084b0        0xc modules/hal_nordic/nrfx/libmodules__hal_nordic__nrfx.a(nrfx_gpiote.c.obj)
                0x00000000000084b0                nrfx_gpiote_channel_free
 .text.nrfx_gpiote_channel_alloc
                0x00000000000084bc        0xc modules/hal_nordic/nrfx/libmodules__hal_nordic__nrfx.a(nrfx_gpiote.c.obj)
                0x00000000000084bc                nrfx_gpiote_channel_alloc
 .text.nrfx_gpiote_trigger_enable
                0x00000000000084c8       0x9c modules/hal_nordic/nrfx/libmodules__hal_nordic__nrfx.a(nrfx_gpiote.c.obj)
                0x00000000000084c8                nrfx_gpiote_trigger_enable
 .text.nrfx_gpiote_trigger_disable
                0x0000000000008564       0x4c modules/hal_nordic/nrfx/libmodules__hal_nordic__nrfx.a(nrfx_gpiote.c.obj)
                0x0000000000008564                nrfx_gpiote_trigger_disable
 .text.nrfx_gpiote_pin_uninit
                0x00000000000085b0       0x80 modules/hal_nordic/nrfx/libmodules__hal_nordic__nrfx.a(nrfx_gpiote.c.obj)
                0x00000000000085b0                nrfx_gpiote_pin_uninit
 .text.nrfx_gpiote_irq_handler
                0x0000000000008630      0x1a8 modules/hal_nordic/nrfx/libmodules__hal_nordic__nrfx.a(nrfx_gpiote.c.obj)
                0x0000000000008630                nrfx_gpiote_irq_handler
 .text.nvmc_word_write
                0x00000000000087d8       0x18 modules/hal_nordic/nrfx/libmodules__hal_nordic__nrfx.a(nrfx_nvmc.c.obj)
 .text.nrfx_nvmc_page_erase
                0x00000000000087f0       0x40 modules/hal_nordic/nrfx/libmodules__hal_nordic__nrfx.a(nrfx_nvmc.c.obj)
                0x00000000000087f0                nrfx_nvmc_page_erase
 .text.nrfx_nvmc_word_write
                0x0000000000008830       0x1c modules/hal_nordic/nrfx/libmodules__hal_nordic__nrfx.a(nrfx_nvmc.c.obj)
                0x0000000000008830                nrfx_nvmc_word_write
 .text.nrfx_ppi_channel_alloc
                0x000000000000884c        0xc modules/hal_nordic/nrfx/libmodules__hal_nordic__nrfx.a(nrfx_ppi.c.obj)
                0x000000000000884c                nrfx_ppi_channel_alloc
 .text.nrf_gpio_pin_port_decode
                0x0000000000008858       0x20 modules/hal_nordic/nrfx/libmodules__hal_nordic__nrfx.a(nrfx_spi.c.obj)
 .text.nrf_gpio_cfg_output
                0x0000000000008878       0x2c modules/hal_nordic/nrfx/libmodules__hal_nordic__nrfx.a(nrfx_spi.c.obj)
 .text.spi_configure
                0x00000000000088a4      0x120 modules/hal_nordic/nrfx/libmodules__hal_nordic__nrfx.a(nrfx_spi.c.obj)
 .text.nrf_gpio_cfg_default
                0x00000000000089c4       0x2c modules/hal_nordic/nrfx/libmodules__hal_nordic__nrfx.a(nrfx_spi.c.obj)
 .text.nrfx_spi_init
                0x00000000000089f0       0x68 modules/hal_nordic/nrfx/libmodules__hal_nordic__nrfx.a(nrfx_spi.c.obj)
                0x00000000000089f0                nrfx_spi_init
 .text.nrfx_spi_uninit
                0x0000000000008a58       0x70 modules/hal_nordic/nrfx/libmodules__hal_nordic__nrfx.a(nrfx_spi.c.obj)
                0x0000000000008a58                nrfx_spi_uninit
 .text.nrfx_spi_xfer
                0x0000000000008ac8       0xfc modules/hal_nordic/nrfx/libmodules__hal_nordic__nrfx.a(nrfx_spi.c.obj)
                0x0000000000008ac8                nrfx_spi_xfer
 .text.nrfx_spi_0_irq_handler
                0x0000000000008bc4       0x10 modules/hal_nordic/nrfx/libmodules__hal_nordic__nrfx.a(nrfx_spi.c.obj)
                0x0000000000008bc4                nrfx_spi_0_irq_handler
 .text.nrfx_spi_1_irq_handler
                0x0000000000008bd4       0x10 modules/hal_nordic/nrfx/libmodules__hal_nordic__nrfx.a(nrfx_spi.c.obj)
                0x0000000000008bd4                nrfx_spi_1_irq_handler
 .text.nrf_gpio_pin_port_decode
                0x0000000000008be4       0x20 modules/hal_nordic/nrfx/libmodules__hal_nordic__nrfx.a(nrfx_spim.c.obj)
 .text.spim_frequency_valid_check.constprop.0
                0x0000000000008c04       0x64 modules/hal_nordic/nrfx/libmodules__hal_nordic__nrfx.a(nrfx_spim.c.obj)
 .text.pin_init
                0x0000000000008c68       0x50 modules/hal_nordic/nrfx/libmodules__hal_nordic__nrfx.a(nrfx_spim.c.obj)
 .text.spim_configure
                0x0000000000008cb8      0x250 modules/hal_nordic/nrfx/libmodules__hal_nordic__nrfx.a(nrfx_spim.c.obj)
 .text.spim_pin_uninit
                0x0000000000008f08       0x30 modules/hal_nordic/nrfx/libmodules__hal_nordic__nrfx.a(nrfx_spim.c.obj)
 .text.nrfx_spim_init
                0x0000000000008f38       0x5c modules/hal_nordic/nrfx/libmodules__hal_nordic__nrfx.a(nrfx_spim.c.obj)
                0x0000000000008f38                nrfx_spim_init
 .text.nrfx_spim_uninit
                0x0000000000008f94       0x9c modules/hal_nordic/nrfx/libmodules__hal_nordic__nrfx.a(nrfx_spim.c.obj)
                0x0000000000008f94                nrfx_spim_uninit
 .text.nrfx_spim_xfer
                0x0000000000009030      0x1d0 modules/hal_nordic/nrfx/libmodules__hal_nordic__nrfx.a(nrfx_spim.c.obj)
                0x0000000000009030                nrfx_spim_xfer
 .text.nrfx_spim_3_irq_handler
                0x0000000000009200       0x64 modules/hal_nordic/nrfx/libmodules__hal_nordic__nrfx.a(nrfx_spim.c.obj)
                0x0000000000009200                nrfx_spim_3_irq_handler
 .text.lfs_dir_traverse_filter
                0x0000000000009264       0x70 modules/littlefs/libmodules__littlefs.a(lfs.c.obj)
 .text.lfs_dir_getslice
                0x00000000000092d4      0x124 modules/littlefs/libmodules__littlefs.a(lfs.c.obj)
 .text.lfs_dir_getgstate
                0x00000000000093f8       0x34 modules/littlefs/libmodules__littlefs.a(lfs.c.obj)
 .text.lfs_dir_getinfo
                0x000000000000942c       0x8c modules/littlefs/libmodules__littlefs.a(lfs.c.obj)
 .text.lfs_dir_traverse.constprop.0
                0x00000000000094b8      0x294 modules/littlefs/libmodules__littlefs.a(lfs.c.obj)
 .text.lfs_dir_getread.constprop.0
                0x000000000000974c       0xc4 modules/littlefs/libmodules__littlefs.a(lfs.c.obj)
 .text.lfs_dir_fetchmatch
                0x0000000000009810      0x43c modules/littlefs/libmodules__littlefs.a(lfs.c.obj)
 .text.lfs_fs_parent
                0x0000000000009c4c       0x7c modules/littlefs/libmodules__littlefs.a(lfs.c.obj)
 .text.lfs_dir_find
                0x0000000000009cc8      0x150 modules/littlefs/libmodules__littlefs.a(lfs.c.obj)
 .text.lfs_file_flushedread
                0x0000000000009e18       0xd8 modules/littlefs/libmodules__littlefs.a(lfs.c.obj)
 .text.lfs_fs_rawtraverse
                0x0000000000009ef0      0x14c modules/littlefs/libmodules__littlefs.a(lfs.c.obj)
 .text.lfs_fs_rawsize
                0x000000000000a03c       0x1c modules/littlefs/libmodules__littlefs.a(lfs.c.obj)
 .text.lfs_alloc
                0x000000000000a058       0xf4 modules/littlefs/libmodules__littlefs.a(lfs.c.obj)
 .text.lfs_file_relocate
                0x000000000000a14c       0xe8 modules/littlefs/libmodules__littlefs.a(lfs.c.obj)
 .text.lfs_dir_compact
                0x000000000000a234      0x21c modules/littlefs/libmodules__littlefs.a(lfs.c.obj)
 .text.lfs_dir_relocatingcommit
                0x000000000000a450      0x430 modules/littlefs/libmodules__littlefs.a(lfs.c.obj)
 .text.lfs_dir_orphaningcommit
                0x000000000000a880      0x30c modules/littlefs/libmodules__littlefs.a(lfs.c.obj)
 .text.lfs_fs_deorphan
                0x000000000000ab8c      0x15c modules/littlefs/libmodules__littlefs.a(lfs.c.obj)
 .text.lfs_fs_forceconsistency
                0x000000000000ace8       0x64 modules/littlefs/libmodules__littlefs.a(lfs.c.obj)
 .text.lfs_dir_drop
                0x000000000000ad4c       0x3c modules/littlefs/libmodules__littlefs.a(lfs.c.obj)
 .text.lfs_file_rawopencfg
                0x000000000000ad88      0x23c modules/littlefs/libmodules__littlefs.a(lfs.c.obj)
 .text.lfs_format
                0x000000000000afc4       0xc8 modules/littlefs/libmodules__littlefs.a(lfs.c.obj)
                0x000000000000afc4                lfs_format
 .text.lfs_mount
                0x000000000000b08c      0x1f4 modules/littlefs/libmodules__littlefs.a(lfs.c.obj)
                0x000000000000b08c                lfs_mount
 .text.lfs_remove
                0x000000000000b280       0xdc modules/littlefs/libmodules__littlefs.a(lfs.c.obj)
                0x000000000000b280                lfs_remove
 .text.lfs_rename
                0x000000000000b35c      0x254 modules/littlefs/libmodules__littlefs.a(lfs.c.obj)
                0x000000000000b35c                lfs_rename
 .text.lfs_mkdir
                0x000000000000b5b0      0x14c modules/littlefs/libmodules__littlefs.a(lfs.c.obj)
                0x000000000000b5b0                lfs_mkdir
 .text.lfs_dir_open
                0x000000000000b6fc       0x84 modules/littlefs/libmodules__littlefs.a(lfs.c.obj)
                0x000000000000b6fc                lfs_dir_open
 .text.lfs_dir_read
                0x000000000000b780       0xa0 modules/littlefs/libmodules__littlefs.a(lfs.c.obj)
                0x000000000000b780                lfs_dir_read
 .text.lfs_crc  0x000000000000b820       0x38 modules/littlefs/libmodules__littlefs.a(zephyr_lfs_crc.c.obj)
                0x000000000000b820                lfs_crc
 .text._DoInit  0x000000000000b858       0x60 modules/segger/libmodules__segger.a(SEGGER_RTT.c.obj)
 .text.SEGGER_RTT_WriteSkipNoLock
                0x000000000000b8b8       0x88 modules/segger/libmodules__segger.a(SEGGER_RTT.c.obj)
                0x000000000000b8b8                SEGGER_RTT_WriteSkipNoLock
 .text.SEGGER_RTT_WriteNoLock
                0x000000000000b940       0x58 modules/segger/libmodules__segger.a(SEGGER_RTT.c.obj)
                0x000000000000b940                SEGGER_RTT_WriteNoLock
 .text.SEGGER_RTT_HasDataUp
                0x000000000000b998       0x14 modules/segger/libmodules__segger.a(SEGGER_RTT.c.obj)
                0x000000000000b998                SEGGER_RTT_HasDataUp
 .text.zephyr_rtt_mutex_lock
                0x000000000000b9ac       0x14 modules/segger/libmodules__segger.a(SEGGER_RTT_zephyr.c.obj)
                0x000000000000b9ac                zephyr_rtt_mutex_lock
 .text.zephyr_rtt_mutex_unlock
                0x000000000000b9c0        0xc modules/segger/libmodules__segger.a(SEGGER_RTT_zephyr.c.obj)
                0x000000000000b9c0                zephyr_rtt_mutex_unlock
 .text.z_fatal_error
                0x000000000000b9cc       0xc8 zephyr/kernel/libkernel.a(fatal.c.obj)
                0x000000000000b9cc                z_fatal_error
 .text.z_sys_init_run_level
                0x000000000000ba94       0x48 zephyr/kernel/libkernel.a(init.c.obj)
 .text.bg_thread_main
                0x000000000000badc       0x34 zephyr/kernel/libkernel.a(init.c.obj)
 .text.z_bss_zero
                0x000000000000bb10       0x18 zephyr/kernel/libkernel.a(init.c.obj)
                0x000000000000bb10                z_bss_zero
 .text.z_init_cpu
                0x000000000000bb28       0x8c zephyr/kernel/libkernel.a(init.c.obj)
                0x000000000000bb28                z_init_cpu
 .text.z_cstart
                0x000000000000bbb4       0xe4 zephyr/kernel/libkernel.a(init.c.obj)
                0x000000000000bbb4                z_cstart
 .text.statics_init
                0x000000000000bc98       0x24 zephyr/kernel/libkernel.a(kheap.c.obj)
 .text.init_mem_slab_module
                0x000000000000bcbc       0x24 zephyr/kernel/libkernel.a(mem_slab.c.obj)
 .text.k_mem_slab_alloc
                0x000000000000bce0       0x5c zephyr/kernel/libkernel.a(mem_slab.c.obj)
                0x000000000000bce0                k_mem_slab_alloc
 .text.z_setup_new_thread
                0x000000000000bd3c       0x64 zephyr/kernel/libkernel.a(thread.c.obj)
                0x000000000000bd3c                z_setup_new_thread
 .text.z_init_static_threads
                0x000000000000bda0       0xb8 zephyr/kernel/libkernel.a(thread.c.obj)
                0x000000000000bda0                z_init_static_threads
 .text.z_impl_k_mutex_lock
                0x000000000000be58       0xf4 zephyr/kernel/libkernel.a(mutex.c.obj)
                0x000000000000be58                z_impl_k_mutex_lock
 .text.z_impl_k_mutex_unlock
                0x000000000000bf4c       0x78 zephyr/kernel/libkernel.a(mutex.c.obj)
                0x000000000000bf4c                z_impl_k_mutex_unlock
 .text.z_impl_k_sem_give
                0x000000000000bfc4       0x48 zephyr/kernel/libkernel.a(sem.c.obj)
                0x000000000000bfc4                z_impl_k_sem_give
 .text.z_impl_k_sem_take
                0x000000000000c00c       0x50 zephyr/kernel/libkernel.a(sem.c.obj)
                0x000000000000c00c                z_impl_k_sem_take
 .text.z_impl_k_sem_reset
                0x000000000000c05c       0x3c zephyr/kernel/libkernel.a(sem.c.obj)
                0x000000000000c05c                z_impl_k_sem_reset
 .text.sliceable
                0x000000000000c098       0x3c zephyr/kernel/libkernel.a(sched.c.obj)
 .text.slice_timeout
                0x000000000000c0d4       0x20 zephyr/kernel/libkernel.a(sched.c.obj)
 .text.z_reset_time_slice
                0x000000000000c0f4       0x50 zephyr/kernel/libkernel.a(sched.c.obj)
                0x000000000000c0f4                z_reset_time_slice
 .text.update_cache
                0x000000000000c144       0x3c zephyr/kernel/libkernel.a(sched.c.obj)
 .text.move_thread_to_end_of_prio_q
                0x000000000000c180       0x74 zephyr/kernel/libkernel.a(sched.c.obj)
 .text.ready_thread
                0x000000000000c1f4       0x68 zephyr/kernel/libkernel.a(sched.c.obj)
 .text.unready_thread
                0x000000000000c25c       0x30 zephyr/kernel/libkernel.a(sched.c.obj)
 .text.pend_locked
                0x000000000000c28c       0x30 zephyr/kernel/libkernel.a(sched.c.obj)
 .text.z_time_slice
                0x000000000000c2bc       0x60 zephyr/kernel/libkernel.a(sched.c.obj)
                0x000000000000c2bc                z_time_slice
 .text.z_pend_curr
                0x000000000000c31c       0x3c zephyr/kernel/libkernel.a(sched.c.obj)
                0x000000000000c31c                z_pend_curr
 .text.z_set_prio
                0x000000000000c358       0x8c zephyr/kernel/libkernel.a(sched.c.obj)
                0x000000000000c358                z_set_prio
 .text.z_reschedule
                0x000000000000c3e4       0x24 zephyr/kernel/libkernel.a(sched.c.obj)
                0x000000000000c3e4                z_reschedule
 .text.z_sched_start
                0x000000000000c408       0x3c zephyr/kernel/libkernel.a(sched.c.obj)
                0x000000000000c408                z_sched_start
 .text.z_impl_k_thread_suspend
                0x000000000000c444       0x64 zephyr/kernel/libkernel.a(sched.c.obj)
                0x000000000000c444                z_impl_k_thread_suspend
 .text.k_sched_lock
                0x000000000000c4a8       0x28 zephyr/kernel/libkernel.a(sched.c.obj)
                0x000000000000c4a8                k_sched_lock
 .text.k_sched_unlock
                0x000000000000c4d0       0x38 zephyr/kernel/libkernel.a(sched.c.obj)
                0x000000000000c4d0                k_sched_unlock
 .text.z_sched_init
                0x000000000000c508       0x10 zephyr/kernel/libkernel.a(sched.c.obj)
                0x000000000000c508                z_sched_init
 .text.z_impl_k_yield
                0x000000000000c518       0x7c zephyr/kernel/libkernel.a(sched.c.obj)
                0x000000000000c518                z_impl_k_yield
 .text.z_tick_sleep
                0x000000000000c594       0x88 zephyr/kernel/libkernel.a(sched.c.obj)
 .text.z_impl_k_sleep
                0x000000000000c61c       0x34 zephyr/kernel/libkernel.a(sched.c.obj)
                0x000000000000c61c                z_impl_k_sleep
 .text.z_impl_z_current_get
                0x000000000000c650        0xc zephyr/kernel/libkernel.a(sched.c.obj)
                0x000000000000c650                z_impl_z_current_get
 .text.z_thread_abort
                0x000000000000c65c       0xc8 zephyr/kernel/libkernel.a(sched.c.obj)
                0x000000000000c65c                z_thread_abort
 .text.z_data_copy
                0x000000000000c724       0x34 zephyr/kernel/libkernel.a(xip.c.obj)
                0x000000000000c724                z_data_copy
 .text.elapsed  0x000000000000c758       0x14 zephyr/kernel/libkernel.a(timeout.c.obj)
 .text.next_timeout
                0x000000000000c76c       0x40 zephyr/kernel/libkernel.a(timeout.c.obj)
 .text.remove_timeout
                0x000000000000c7ac       0x38 zephyr/kernel/libkernel.a(timeout.c.obj)
 .text.z_add_timeout
                0x000000000000c7e4       0xec zephyr/kernel/libkernel.a(timeout.c.obj)
                0x000000000000c7e4                z_add_timeout
 .text.sys_clock_announce
                0x000000000000c8d0       0xd4 zephyr/kernel/libkernel.a(timeout.c.obj)
                0x000000000000c8d0                sys_clock_announce
 .text.sys_clock_tick_get
                0x000000000000c9a4       0x34 zephyr/kernel/libkernel.a(timeout.c.obj)
                0x000000000000c9a4                sys_clock_tick_get
 .text.z_timer_expiration_handler
                0x000000000000c9d8       0xe4 zephyr/kernel/libkernel.a(timer.c.obj)
                0x000000000000c9d8                z_timer_expiration_handler
 .text.z_impl_k_timer_start
                0x000000000000cabc       0x5c zephyr/kernel/libkernel.a(timer.c.obj)
                0x000000000000cabc                z_impl_k_timer_start
 .text.k_thread_system_pool_assign
                0x000000000000cb18        0xc zephyr/kernel/libkernel.a(mempool.c.obj)
                0x000000000000cb18                k_thread_system_pool_assign
 .text.boot_banner
                0x000000000000cb24        0xc zephyr/kernel/libkernel.a(banner.c.obj)
                0x000000000000cb24                boot_banner
 .text.malloc   0x000000000000cb30       0x10 /home/abdullah/ncs/toolchains/7795df4459/opt/zephyr-sdk/arm-zephyr-eabi/arm-zephyr-eabi/lib/thumb/v7e-m+fp/hard/libc_nano.a(lib_a-malloc.o)
                0x000000000000cb30                malloc
 .text.free     0x000000000000cb40       0x10 /home/abdullah/ncs/toolchains/7795df4459/opt/zephyr-sdk/arm-zephyr-eabi/arm-zephyr-eabi/lib/thumb/v7e-m+fp/hard/libc_nano.a(lib_a-malloc.o)
                0x000000000000cb40                free
 .text._free_r  0x000000000000cb50       0x94 /home/abdullah/ncs/toolchains/7795df4459/opt/zephyr-sdk/arm-zephyr-eabi/arm-zephyr-eabi/lib/thumb/v7e-m+fp/hard/libc_nano.a(lib_a-nano-freer.o)
                0x000000000000cb50                _free_r
 .text._malloc_r
                0x000000000000cbe4       0xb4 /home/abdullah/ncs/toolchains/7795df4459/opt/zephyr-sdk/arm-zephyr-eabi/arm-zephyr-eabi/lib/thumb/v7e-m+fp/hard/libc_nano.a(lib_a-nano-mallocr.o)
                0x000000000000cbe4                _malloc_r
 .text._printf_float
                0x000000000000cc98      0x464 /home/abdullah/ncs/toolchains/7795df4459/opt/zephyr-sdk/arm-zephyr-eabi/arm-zephyr-eabi/lib/thumb/v7e-m+fp/hard/libc_nano.a(lib_a-nano-vfprintf_float.o)
                0x000000000000cc98                _printf_float
 .text._printf_i
                0x000000000000d0fc      0x25c /home/abdullah/ncs/toolchains/7795df4459/opt/zephyr-sdk/arm-zephyr-eabi/arm-zephyr-eabi/lib/thumb/v7e-m+fp/hard/libc_nano.a(lib_a-nano-vfprintf_i.o)
                0x000000000000d0fc                _printf_i
 .text._sbrk_r  0x000000000000d358       0x20 /home/abdullah/ncs/toolchains/7795df4459/opt/zephyr-sdk/arm-zephyr-eabi/arm-zephyr-eabi/lib/thumb/v7e-m+fp/hard/libc_nano.a(lib_a-sbrkr.o)
                0x000000000000d358                _sbrk_r
 .text.snprintf
                0x000000000000d378       0x68 /home/abdullah/ncs/toolchains/7795df4459/opt/zephyr-sdk/arm-zephyr-eabi/arm-zephyr-eabi/lib/thumb/v7e-m+fp/hard/libc_nano.a(lib_a-snprintf.o)
                0x000000000000d378                snprintf
                0x000000000000d378                sniprintf
 .text._localeconv_r
                0x000000000000d3e0        0x8 /home/abdullah/ncs/toolchains/7795df4459/opt/zephyr-sdk/arm-zephyr-eabi/arm-zephyr-eabi/lib/thumb/v7e-m+fp/hard/libc_nano.a(lib_a-localeconv.o)
                0x000000000000d3e0                _localeconv_r
 .text.__malloc_lock
                0x000000000000d3e8        0xc /home/abdullah/ncs/toolchains/7795df4459/opt/zephyr-sdk/arm-zephyr-eabi/arm-zephyr-eabi/lib/thumb/v7e-m+fp/hard/libc_nano.a(lib_a-mlock.o)
                0x000000000000d3e8                __malloc_lock
 .text.__malloc_unlock
                0x000000000000d3f4        0xc /home/abdullah/ncs/toolchains/7795df4459/opt/zephyr-sdk/arm-zephyr-eabi/arm-zephyr-eabi/lib/thumb/v7e-m+fp/hard/libc_nano.a(lib_a-mlock.o)
                0x000000000000d3f4                __malloc_unlock
 .text._Balloc  0x000000000000d400       0x80 /home/abdullah/ncs/toolchains/7795df4459/opt/zephyr-sdk/arm-zephyr-eabi/arm-zephyr-eabi/lib/thumb/v7e-m+fp/hard/libc_nano.a(lib_a-mprec.o)
                0x000000000000d400                _Balloc
 .text._Bfree   0x000000000000d480       0x44 /home/abdullah/ncs/toolchains/7795df4459/opt/zephyr-sdk/arm-zephyr-eabi/arm-zephyr-eabi/lib/thumb/v7e-m+fp/hard/libc_nano.a(lib_a-mprec.o)
                0x000000000000d480                _Bfree
 .text.__multadd
                0x000000000000d4c4       0x8c /home/abdullah/ncs/toolchains/7795df4459/opt/zephyr-sdk/arm-zephyr-eabi/arm-zephyr-eabi/lib/thumb/v7e-m+fp/hard/libc_nano.a(lib_a-mprec.o)
                0x000000000000d4c4                __multadd
 .text.__i2b    0x000000000000d550       0x2c /home/abdullah/ncs/toolchains/7795df4459/opt/zephyr-sdk/arm-zephyr-eabi/arm-zephyr-eabi/lib/thumb/v7e-m+fp/hard/libc_nano.a(lib_a-mprec.o)
                0x000000000000d550                __i2b
 .text.__multiply
                0x000000000000d57c      0x154 /home/abdullah/ncs/toolchains/7795df4459/opt/zephyr-sdk/arm-zephyr-eabi/arm-zephyr-eabi/lib/thumb/v7e-m+fp/hard/libc_nano.a(lib_a-mprec.o)
                0x000000000000d57c                __multiply
 .text.__pow5mult
                0x000000000000d6d0       0xb4 /home/abdullah/ncs/toolchains/7795df4459/opt/zephyr-sdk/arm-zephyr-eabi/arm-zephyr-eabi/lib/thumb/v7e-m+fp/hard/libc_nano.a(lib_a-mprec.o)
                0x000000000000d6d0                __pow5mult
 .text.__lshift
                0x000000000000d784       0xd8 /home/abdullah/ncs/toolchains/7795df4459/opt/zephyr-sdk/arm-zephyr-eabi/arm-zephyr-eabi/lib/thumb/v7e-m+fp/hard/libc_nano.a(lib_a-mprec.o)
                0x000000000000d784                __lshift
 .text.__mdiff  0x000000000000d85c      0x128 /home/abdullah/ncs/toolchains/7795df4459/opt/zephyr-sdk/arm-zephyr-eabi/arm-zephyr-eabi/lib/thumb/v7e-m+fp/hard/libc_nano.a(lib_a-mprec.o)
                0x000000000000d85c                __mdiff
 .text.__d2b    0x000000000000d984       0xb0 /home/abdullah/ncs/toolchains/7795df4459/opt/zephyr-sdk/arm-zephyr-eabi/arm-zephyr-eabi/lib/thumb/v7e-m+fp/hard/libc_nano.a(lib_a-mprec.o)
                0x000000000000d984                __d2b
 .text._svfprintf_r
                0x000000000000da34      0x1f8 /home/abdullah/ncs/toolchains/7795df4459/opt/zephyr-sdk/arm-zephyr-eabi/arm-zephyr-eabi/lib/thumb/v7e-m+fp/hard/libc_nano.a(lib_a-nano-svfprintf.o)
                0x000000000000da34                _svfprintf_r
                0x000000000000da34                _svfiprintf_r
 .text.__assert_func
                0x000000000000dc2c       0x3c /home/abdullah/ncs/toolchains/7795df4459/opt/zephyr-sdk/arm-zephyr-eabi/arm-zephyr-eabi/lib/thumb/v7e-m+fp/hard/libc_nano.a(lib_a-assert.o)
                0x000000000000dc2c                __assert_func
 .text.fprintf  0x000000000000dc68       0x24 /home/abdullah/ncs/toolchains/7795df4459/opt/zephyr-sdk/arm-zephyr-eabi/arm-zephyr-eabi/lib/thumb/v7e-m+fp/hard/libc_nano.a(lib_a-fprintf.o)
                0x000000000000dc68                fprintf
                0x000000000000dc68                fiprintf
 .text._vfprintf_r
                0x000000000000dc8c      0x258 /home/abdullah/ncs/toolchains/7795df4459/opt/zephyr-sdk/arm-zephyr-eabi/arm-zephyr-eabi/lib/thumb/v7e-m+fp/hard/libc_nano.a(lib_a-nano-vfprintf.o)
                0x000000000000dc8c                _vfiprintf_r
                0x000000000000dc8c                _vfprintf_r
 .text.__swbuf_r
                0x000000000000dee4       0xa4 /home/abdullah/ncs/toolchains/7795df4459/opt/zephyr-sdk/arm-zephyr-eabi/arm-zephyr-eabi/lib/thumb/v7e-m+fp/hard/libc_nano.a(lib_a-wbuf.o)
                0x000000000000dee4                __swbuf_r
 .text.__swsetup_r
                0x000000000000df88       0xd8 /home/abdullah/ncs/toolchains/7795df4459/opt/zephyr-sdk/arm-zephyr-eabi/arm-zephyr-eabi/lib/thumb/v7e-m+fp/hard/libc_nano.a(lib_a-wsetup.o)
                0x000000000000df88                __swsetup_r
 .text._fflush_r
                0x000000000000e060       0x78 /home/abdullah/ncs/toolchains/7795df4459/opt/zephyr-sdk/arm-zephyr-eabi/arm-zephyr-eabi/lib/thumb/v7e-m+fp/hard/libc_nano.a(lib_a-fflush.o)
                0x000000000000e060                _fflush_r
 .text.std      0x000000000000e0d8       0x48 /home/abdullah/ncs/toolchains/7795df4459/opt/zephyr-sdk/arm-zephyr-eabi/arm-zephyr-eabi/lib/thumb/v7e-m+fp/hard/libc_nano.a(lib_a-findfp.o)
 .text._cleanup_r
                0x000000000000e120        0xc /home/abdullah/ncs/toolchains/7795df4459/opt/zephyr-sdk/arm-zephyr-eabi/arm-zephyr-eabi/lib/thumb/v7e-m+fp/hard/libc_nano.a(lib_a-findfp.o)
                0x000000000000e120                _cleanup_r
 .text.__sfp_lock_acquire
                0x000000000000e12c        0xc /home/abdullah/ncs/toolchains/7795df4459/opt/zephyr-sdk/arm-zephyr-eabi/arm-zephyr-eabi/lib/thumb/v7e-m+fp/hard/libc_nano.a(lib_a-findfp.o)
                0x000000000000e12c                __sfp_lock_acquire
 .text.__sfp_lock_release
                0x000000000000e138        0xc /home/abdullah/ncs/toolchains/7795df4459/opt/zephyr-sdk/arm-zephyr-eabi/arm-zephyr-eabi/lib/thumb/v7e-m+fp/hard/libc_nano.a(lib_a-findfp.o)
                0x000000000000e138                __sfp_lock_release
 .text.__sinit_lock_acquire
                0x000000000000e144        0xc /home/abdullah/ncs/toolchains/7795df4459/opt/zephyr-sdk/arm-zephyr-eabi/arm-zephyr-eabi/lib/thumb/v7e-m+fp/hard/libc_nano.a(lib_a-findfp.o)
                0x000000000000e144                __sinit_lock_acquire
 .text.__sinit_lock_release
                0x000000000000e150        0xc /home/abdullah/ncs/toolchains/7795df4459/opt/zephyr-sdk/arm-zephyr-eabi/arm-zephyr-eabi/lib/thumb/v7e-m+fp/hard/libc_nano.a(lib_a-findfp.o)
                0x000000000000e150                __sinit_lock_release
 .text.__sinit  0x000000000000e15c       0x70 /home/abdullah/ncs/toolchains/7795df4459/opt/zephyr-sdk/arm-zephyr-eabi/arm-zephyr-eabi/lib/thumb/v7e-m+fp/hard/libc_nano.a(lib_a-findfp.o)
                0x000000000000e15c                __sinit
 .text.__sfp    0x000000000000e1cc       0x8c /home/abdullah/ncs/toolchains/7795df4459/opt/zephyr-sdk/arm-zephyr-eabi/arm-zephyr-eabi/lib/thumb/v7e-m+fp/hard/libc_nano.a(lib_a-findfp.o)
                0x000000000000e1cc                __sfp
 .text.__smakebuf_r
                0x000000000000e258       0x80 /home/abdullah/ncs/toolchains/7795df4459/opt/zephyr-sdk/arm-zephyr-eabi/arm-zephyr-eabi/lib/thumb/v7e-m+fp/hard/libc_nano.a(lib_a-makebuf.o)
                0x000000000000e258                __smakebuf_r
 .text._write_r
                0x000000000000e2d8       0x24 /home/abdullah/ncs/toolchains/7795df4459/opt/zephyr-sdk/arm-zephyr-eabi/arm-zephyr-eabi/lib/thumb/v7e-m+fp/hard/libc_nano.a(lib_a-writer.o)
                0x000000000000e2d8                _write_r
 .text._close_r
                0x000000000000e2fc       0x20 /home/abdullah/ncs/toolchains/7795df4459/opt/zephyr-sdk/arm-zephyr-eabi/arm-zephyr-eabi/lib/thumb/v7e-m+fp/hard/libc_nano.a(lib_a-closer.o)
                0x000000000000e2fc                _close_r
 .text._fstat_r
                0x000000000000e31c       0x24 /home/abdullah/ncs/toolchains/7795df4459/opt/zephyr-sdk/arm-zephyr-eabi/arm-zephyr-eabi/lib/thumb/v7e-m+fp/hard/libc_nano.a(lib_a-fstatr.o)
                0x000000000000e31c                _fstat_r
 .text._isatty_r
                0x000000000000e340       0x20 /home/abdullah/ncs/toolchains/7795df4459/opt/zephyr-sdk/arm-zephyr-eabi/arm-zephyr-eabi/lib/thumb/v7e-m+fp/hard/libc_nano.a(lib_a-isattyr.o)
                0x000000000000e340                _isatty_r
 .text._lseek_r
                0x000000000000e360       0x24 /home/abdullah/ncs/toolchains/7795df4459/opt/zephyr-sdk/arm-zephyr-eabi/arm-zephyr-eabi/lib/thumb/v7e-m+fp/hard/libc_nano.a(lib_a-lseekr.o)
                0x000000000000e360                _lseek_r
 .text._read_r  0x000000000000e384       0x24 /home/abdullah/ncs/toolchains/7795df4459/opt/zephyr-sdk/arm-zephyr-eabi/arm-zephyr-eabi/lib/thumb/v7e-m+fp/hard/libc_nano.a(lib_a-readr.o)
                0x000000000000e384                _read_r
 .text.nrf_cc3xx_platform_init_no_rng
                0x000000000000e3a8       0x38 /home/abdullah/ncs/v2.5.0/nrfxlib/crypto/nrf_cc310_platform/lib/cortex-m4/hard-float/no-interrupts/libnrf_cc310_platform_0.9.18.a(nrf_cc3xx_platform.c.obj)
                0x000000000000e3a8                nrf_cc3xx_platform_init_no_rng
 .text.nrf_cc3xx_platform_abort
                0x000000000000e3e0       0x24 /home/abdullah/ncs/v2.5.0/nrfxlib/crypto/nrf_cc310_platform/lib/cortex-m4/hard-float/no-interrupts/libnrf_cc310_platform_0.9.18.a(nrf_cc3xx_platform_abort.c.obj)
 .text.CC_PalAbort
                0x000000000000e404       0x38 /home/abdullah/ncs/v2.5.0/nrfxlib/crypto/nrf_cc310_platform/lib/cortex-m4/hard-float/no-interrupts/libnrf_cc310_platform_0.9.18.a(nrf_cc3xx_platform_abort.c.obj)
                0x000000000000e404                CC_PalAbort
 .text.nrf_cc3xx_platform_set_abort
                0x000000000000e43c       0x10 /home/abdullah/ncs/v2.5.0/nrfxlib/crypto/nrf_cc310_platform/lib/cortex-m4/hard-float/no-interrupts/libnrf_cc310_platform_0.9.18.a(nrf_cc3xx_platform_abort.c.obj)
                0x000000000000e43c                nrf_cc3xx_platform_set_abort
 .text.mutex_free
                0x000000000000e44c       0x34 /home/abdullah/ncs/v2.5.0/nrfxlib/crypto/nrf_cc310_platform/lib/cortex-m4/hard-float/no-interrupts/libnrf_cc310_platform_0.9.18.a(nrf_cc3xx_platform_mutex.c.obj)
 .text.mutex_lock
                0x000000000000e480       0x48 /home/abdullah/ncs/v2.5.0/nrfxlib/crypto/nrf_cc310_platform/lib/cortex-m4/hard-float/no-interrupts/libnrf_cc310_platform_0.9.18.a(nrf_cc3xx_platform_mutex.c.obj)
 .text.mutex_unlock
                0x000000000000e4c8       0x38 /home/abdullah/ncs/v2.5.0/nrfxlib/crypto/nrf_cc310_platform/lib/cortex-m4/hard-float/no-interrupts/libnrf_cc310_platform_0.9.18.a(nrf_cc3xx_platform_mutex.c.obj)
 .text.mutex_init
                0x000000000000e500       0x20 /home/abdullah/ncs/v2.5.0/nrfxlib/crypto/nrf_cc310_platform/lib/cortex-m4/hard-float/no-interrupts/libnrf_cc310_platform_0.9.18.a(nrf_cc3xx_platform_mutex.c.obj)
 .text.nrf_cc3xx_platform_set_mutexes
                0x000000000000e520       0x6c /home/abdullah/ncs/v2.5.0/nrfxlib/crypto/nrf_cc310_platform/lib/cortex-m4/hard-float/no-interrupts/libnrf_cc310_platform_0.9.18.a(nrf_cc3xx_platform_mutex.c.obj)
                0x000000000000e520                nrf_cc3xx_platform_set_mutexes
 .text.CC_LibInitNoRng
                0x000000000000e58c       0x64 /home/abdullah/ncs/v2.5.0/nrfxlib/crypto/nrf_cc310_platform/lib/cortex-m4/hard-float/no-interrupts/libnrf_cc310_platform_0.9.18.a(cc_lib.c.obj)
                0x000000000000e58c                CC_LibInitNoRng
 .text.CC_HalInit
                0x000000000000e5f0        0x4 /home/abdullah/ncs/v2.5.0/nrfxlib/crypto/nrf_cc310_platform/lib/cortex-m4/hard-float/no-interrupts/libnrf_cc310_platform_0.9.18.a(cc_hal.c.obj)
                0x000000000000e5f0                CC_HalInit
 .text.CC_HalTerminate
                0x000000000000e5f4        0x4 /home/abdullah/ncs/v2.5.0/nrfxlib/crypto/nrf_cc310_platform/lib/cortex-m4/hard-float/no-interrupts/libnrf_cc310_platform_0.9.18.a(cc_hal.c.obj)
                0x000000000000e5f4                CC_HalTerminate
 .text.CC_HalMaskInterrupt
                0x000000000000e5f8        0xc /home/abdullah/ncs/v2.5.0/nrfxlib/crypto/nrf_cc310_platform/lib/cortex-m4/hard-float/no-interrupts/libnrf_cc310_platform_0.9.18.a(cc_hal.c.obj)
                0x000000000000e5f8                CC_HalMaskInterrupt
 .text.CC_PalInit
                0x000000000000e604       0x5c /home/abdullah/ncs/v2.5.0/nrfxlib/crypto/nrf_cc310_platform/lib/cortex-m4/hard-float/no-interrupts/libnrf_cc310_platform_0.9.18.a(cc_pal.c.obj)
                0x000000000000e604                CC_PalInit
 .text.CC_PalTerminate
                0x000000000000e660       0x34 /home/abdullah/ncs/v2.5.0/nrfxlib/crypto/nrf_cc310_platform/lib/cortex-m4/hard-float/no-interrupts/libnrf_cc310_platform_0.9.18.a(cc_pal.c.obj)
                0x000000000000e660                CC_PalTerminate
 .text.CC_PalDmaInit
                0x000000000000e694        0x4 /home/abdullah/ncs/v2.5.0/nrfxlib/crypto/nrf_cc310_platform/lib/cortex-m4/hard-float/no-interrupts/libnrf_cc310_platform_0.9.18.a(cc_pal_dma.c.obj)
                0x000000000000e694                CC_PalDmaInit
 .text.CC_PalDmaTerminate
                0x000000000000e698        0x4 /home/abdullah/ncs/v2.5.0/nrfxlib/crypto/nrf_cc310_platform/lib/cortex-m4/hard-float/no-interrupts/libnrf_cc310_platform_0.9.18.a(cc_pal_dma.c.obj)
                0x000000000000e698                CC_PalDmaTerminate
 .text.CC_PalMutexCreate
                0x000000000000e69c       0x14 /home/abdullah/ncs/v2.5.0/nrfxlib/crypto/nrf_cc310_platform/lib/cortex-m4/hard-float/no-interrupts/libnrf_cc310_platform_0.9.18.a(cc_pal_mutex.c.obj)
                0x000000000000e69c                CC_PalMutexCreate
 .text.CC_PalMutexDestroy
                0x000000000000e6b0       0x14 /home/abdullah/ncs/v2.5.0/nrfxlib/crypto/nrf_cc310_platform/lib/cortex-m4/hard-float/no-interrupts/libnrf_cc310_platform_0.9.18.a(cc_pal_mutex.c.obj)
                0x000000000000e6b0                CC_PalMutexDestroy
 .text.CC_PalPowerSaveModeInit
                0x000000000000e6c4       0x3c /home/abdullah/ncs/v2.5.0/nrfxlib/crypto/nrf_cc310_platform/lib/cortex-m4/hard-float/no-interrupts/libnrf_cc310_platform_0.9.18.a(cc_pal_pm.c.obj)
                0x000000000000e6c4                CC_PalPowerSaveModeInit
 .text.CC_PalPowerSaveModeSelect
                0x000000000000e700       0x84 /home/abdullah/ncs/v2.5.0/nrfxlib/crypto/nrf_cc310_platform/lib/cortex-m4/hard-float/no-interrupts/libnrf_cc310_platform_0.9.18.a(cc_pal_pm.c.obj)
                0x000000000000e700                CC_PalPowerSaveModeSelect
 .text.z_log_msg_runtime_create.constprop.0
                0x000000000000e784       0x1e app/libapp.a(main.c.obj)
 .text.cbpprintf_external
                0x000000000000e7a2       0x62 zephyr/libzephyr.a(cbprintf_packaged.c.obj)
                0x000000000000e7a2                cbpprintf_external
 .text.arch_printk_char_out
                0x000000000000e804        0x4 zephyr/libzephyr.a(printk.c.obj)
                0x000000000000e804                arch_printk_char_out
 .text.printk   0x000000000000e808       0x1a zephyr/libzephyr.a(printk.c.obj)
                0x000000000000e808                printk
 .text.z_thread_entry
                0x000000000000e822       0x14 zephyr/libzephyr.a(thread_entry.c.obj)
                0x000000000000e822                z_thread_entry
 .text.chunk_size
                0x000000000000e836        0xa zephyr/libzephyr.a(heap.c.obj)
 .text.free_list_add
                0x000000000000e840       0x4e zephyr/libzephyr.a(heap.c.obj)
 .text.free_list_remove_bidx
                0x000000000000e88e       0x3a zephyr/libzephyr.a(heap.c.obj)
 .text.free_list_remove
                0x000000000000e8c8       0x1a zephyr/libzephyr.a(heap.c.obj)
 .text.alloc_chunk
                0x000000000000e8e2       0x6e zephyr/libzephyr.a(heap.c.obj)
 .text.merge_chunks
                0x000000000000e950       0x2c zephyr/libzephyr.a(heap.c.obj)
 .text.split_chunks
                0x000000000000e97c       0x34 zephyr/libzephyr.a(heap.c.obj)
 .text.free_chunk
                0x000000000000e9b0       0x62 zephyr/libzephyr.a(heap.c.obj)
 .text.sys_heap_free
                0x000000000000ea12       0x1e zephyr/libzephyr.a(heap.c.obj)
                0x000000000000ea12                sys_heap_free
 .text.sys_heap_alloc
                0x000000000000ea30       0x52 zephyr/libzephyr.a(heap.c.obj)
                0x000000000000ea30                sys_heap_alloc
 .text.sys_heap_aligned_alloc
                0x000000000000ea82       0xd0 zephyr/libzephyr.a(heap.c.obj)
                0x000000000000ea82                sys_heap_aligned_alloc
 .text.sys_heap_init
                0x000000000000eb52       0x7a zephyr/libzephyr.a(heap.c.obj)
                0x000000000000eb52                sys_heap_init
 .text.process_recheck
                0x000000000000ebcc       0x38 zephyr/libzephyr.a(onoff.c.obj)
 .text.validate_args
                0x000000000000ec04       0x20 zephyr/libzephyr.a(onoff.c.obj)
 .text.notify_one
                0x000000000000ec24       0x2c zephyr/libzephyr.a(onoff.c.obj)
 .text.transition_complete
                0x000000000000ec50       0x1e zephyr/libzephyr.a(onoff.c.obj)
 .text.onoff_manager_init
                0x000000000000ec6e       0x26 zephyr/libzephyr.a(onoff.c.obj)
                0x000000000000ec6e                onoff_manager_init
 .text.onoff_request
                0x000000000000ec94       0xb0 zephyr/libzephyr.a(onoff.c.obj)
                0x000000000000ec94                onoff_request
 .text.sys_notify_validate
                0x000000000000ed44       0x22 zephyr/libzephyr.a(notify.c.obj)
                0x000000000000ed44                sys_notify_validate
 .text.sys_notify_finalize
                0x000000000000ed66       0x1a zephyr/libzephyr.a(notify.c.obj)
                0x000000000000ed66                sys_notify_finalize
 .text._ldiv5   0x000000000000ed80       0x30 zephyr/libzephyr.a(cbprintf_complete.c.obj)
 .text._get_digit
                0x000000000000edb0       0x2e zephyr/libzephyr.a(cbprintf_complete.c.obj)
 .text.outs     0x000000000000edde       0x2e zephyr/libzephyr.a(cbprintf_complete.c.obj)
 .text._ConfigAbsSyms
                0x000000000000ee0c        0x2 zephyr/libzephyr.a(configs.c.obj)
                0x000000000000ee0c                _ConfigAbsSyms
 .text.dummy_timestamp
                0x000000000000ee0e        0x4 zephyr/libzephyr.a(log_core.c.obj)
 .text.default_get_timestamp
                0x000000000000ee12        0x4 zephyr/libzephyr.a(log_core.c.obj)
 .text.atomic_inc
                0x000000000000ee16       0x1a zephyr/libzephyr.a(log_core.c.obj)
 .text.enable_logger
                0x000000000000ee30        0xe zephyr/libzephyr.a(log_core.c.obj)
 .text.z_log_vprintk
                0x000000000000ee3e       0x1c zephyr/libzephyr.a(log_core.c.obj)
                0x000000000000ee3e                z_log_vprintk
 .text.z_log_notify_backend_enabled
                0x000000000000ee5a        0x2 zephyr/libzephyr.a(log_core.c.obj)
                0x000000000000ee5a                z_log_notify_backend_enabled
 .text.z_log_get_tag
                0x000000000000ee5c        0x4 zephyr/libzephyr.a(log_core.c.obj)
                0x000000000000ee5c                z_log_get_tag
 .text.z_log_msg_finalize
                0x000000000000ee60       0x32 zephyr/libzephyr.a(log_msg.c.obj)
                0x000000000000ee60                z_log_msg_finalize
 .text.out_func
                0x000000000000ee92       0x1c zephyr/libzephyr.a(log_output.c.obj)
 .text.cr_out_func
                0x000000000000eeae       0x1c zephyr/libzephyr.a(log_output.c.obj)
 .text.buffer_write
                0x000000000000eeca       0x1a zephyr/libzephyr.a(log_output.c.obj)
 .text.cbvprintf
                0x000000000000eee4        0xe zephyr/libzephyr.a(log_output.c.obj)
 .text.log_output_flush
                0x000000000000eef2       0x1a zephyr/libzephyr.a(log_output.c.obj)
                0x000000000000eef2                log_output_flush
 .text.flash_area_close
                0x000000000000ef0c        0x2 zephyr/libzephyr.a(flash_map.c.obj)
                0x000000000000ef0c                flash_area_close
 .text.flash_area_read
                0x000000000000ef0e       0x2a zephyr/libzephyr.a(flash_map.c.obj)
                0x000000000000ef0e                flash_area_read
 .text.flash_area_write
                0x000000000000ef38       0x2a zephyr/libzephyr.a(flash_map.c.obj)
                0x000000000000ef38                flash_area_write
 .text.flash_area_erase
                0x000000000000ef62       0x2c zephyr/libzephyr.a(flash_map.c.obj)
                0x000000000000ef62                flash_area_erase
 .text.flash_area_get_device
                0x000000000000ef8e        0x4 zephyr/libzephyr.a(flash_map.c.obj)
                0x000000000000ef8e                flash_area_get_device
 .text.abort_function
                0x000000000000ef92        0x8 zephyr/libzephyr.a(nrf_cc3xx_platform_abort_zephyr.c.obj)
 .text.z_log_msg_runtime_create.constprop.0
                0x000000000000ef9a       0x20 zephyr/arch/arch/arm/core/aarch32/libarch__arm__core__aarch32.a(fatal.c.obj)
 .text.z_do_kernel_oops
                0x000000000000efba        0x8 zephyr/arch/arch/arm/core/aarch32/libarch__arm__core__aarch32.a(fatal.c.obj)
                0x000000000000efba                z_do_kernel_oops
 .text.z_irq_spurious
                0x000000000000efc2        0x8 zephyr/arch/arch/arm/core/aarch32/libarch__arm__core__aarch32.a(irq_manage.c.obj)
                0x000000000000efc2                z_irq_spurious
 .text.z_arm_nmi
                0x000000000000efca        0xe zephyr/arch/arch/arm/core/aarch32/libarch__arm__core__aarch32.a(nmi.c.obj)
                0x000000000000efca                z_arm_nmi
 .text.z_log_msg_runtime_create.constprop.0
                0x000000000000efd8       0x20 zephyr/arch/arch/arm/core/aarch32/cortex_m/libarch__arm__core__aarch32__cortex_m.a(fault.c.obj)
 .text.z_log_msg_runtime_create.constprop.0
                0x000000000000eff8       0x20 zephyr/arch/arch/arm/core/aarch32/mpu/libarch__arm__core__aarch32__mpu.a(arm_mpu.c.obj)
 .text.malloc_prepare
                0x000000000000f018        0x4 zephyr/lib/libc/newlib/liblib__libc__newlib.a(libc-hooks.c.obj)
 .text._stdout_hook_default
                0x000000000000f01c        0x6 zephyr/lib/libc/newlib/liblib__libc__newlib.a(libc-hooks.c.obj)
 .text._stdin_hook_default
                0x000000000000f022        0x4 zephyr/lib/libc/newlib/liblib__libc__newlib.a(libc-hooks.c.obj)
 .text._read    0x000000000000f026        0x8 zephyr/lib/libc/newlib/liblib__libc__newlib.a(libc-hooks.c.obj)
                0x000000000000f026                read
                0x000000000000f026                _read
 .text._write   0x000000000000f02e        0x8 zephyr/lib/libc/newlib/liblib__libc__newlib.a(libc-hooks.c.obj)
                0x000000000000f02e                write
                0x000000000000f02e                _write
 .text._close   0x000000000000f036        0x6 zephyr/lib/libc/newlib/liblib__libc__newlib.a(libc-hooks.c.obj)
                0x000000000000f036                close
                0x000000000000f036                _close
 .text._lseek   0x000000000000f03c        0x4 zephyr/lib/libc/newlib/liblib__libc__newlib.a(libc-hooks.c.obj)
                0x000000000000f03c                lseek
                0x000000000000f03c                _lseek
 .text._isatty  0x000000000000f040        0xa zephyr/lib/libc/newlib/liblib__libc__newlib.a(libc-hooks.c.obj)
                0x000000000000f040                isatty
                0x000000000000f040                _isatty
 .text._fstat   0x000000000000f04a        0xa zephyr/lib/libc/newlib/liblib__libc__newlib.a(libc-hooks.c.obj)
                0x000000000000f04a                _fstat
                0x000000000000f04a                fstat
 .text.__retarget_lock_init_recursive
                0x000000000000f054       0x14 zephyr/lib/libc/newlib/liblib__libc__newlib.a(libc-hooks.c.obj)
                0x000000000000f054                __retarget_lock_init_recursive
 .text.__retarget_lock_acquire_recursive
                0x000000000000f068        0xc zephyr/lib/libc/newlib/liblib__libc__newlib.a(libc-hooks.c.obj)
                0x000000000000f068                __retarget_lock_acquire_recursive
 .text.__retarget_lock_release_recursive
                0x000000000000f074        0x4 zephyr/lib/libc/newlib/liblib__libc__newlib.a(libc-hooks.c.obj)
                0x000000000000f074                __retarget_lock_release_recursive
 .text.z_log_msg_runtime_create.constprop.0
                0x000000000000f078       0x1e zephyr/subsys/fs/libsubsys__fs.a(fs.c.obj)
 .text.lfs_api_sync
                0x000000000000f096        0x4 zephyr/subsys/fs/libsubsys__fs.a(littlefs_fs.c.obj)
 .text.get_page_cb
                0x000000000000f09a       0x2c zephyr/subsys/fs/libsubsys__fs.a(littlefs_fs.c.obj)
 .text.lfs_api_erase
                0x000000000000f0c6       0x14 zephyr/subsys/fs/libsubsys__fs.a(littlefs_fs.c.obj)
 .text.lfs_api_prog
                0x000000000000f0da       0x1c zephyr/subsys/fs/libsubsys__fs.a(littlefs_fs.c.obj)
 .text.lfs_api_read
                0x000000000000f0f6       0x1c zephyr/subsys/fs/libsubsys__fs.a(littlefs_fs.c.obj)
 .text.info_to_dirent
                0x000000000000f112       0x2a zephyr/subsys/fs/libsubsys__fs.a(littlefs_fs.c.obj)
 .text.z_log_msg_runtime_create.constprop.0
                0x000000000000f13c       0x1e zephyr/subsys/fs/libsubsys__fs.a(littlefs_fs.c.obj)
 .text.fs_lock  0x000000000000f15a        0xe zephyr/subsys/fs/libsubsys__fs.a(littlefs_fs.c.obj)
 .text.k_mutex_unlock.isra.0
                0x000000000000f168        0x4 zephyr/subsys/fs/libsubsys__fs.a(littlefs_fs.c.obj)
 .text.littlefs_read
                0x000000000000f16c       0x34 zephyr/subsys/fs/libsubsys__fs.a(littlefs_fs.c.obj)
 .text.littlefs_write
                0x000000000000f1a0       0x34 zephyr/subsys/fs/libsubsys__fs.a(littlefs_fs.c.obj)
 .text.littlefs_seek
                0x000000000000f1d4       0x36 zephyr/subsys/fs/libsubsys__fs.a(littlefs_fs.c.obj)
 .text.littlefs_tell
                0x000000000000f20a       0x26 zephyr/subsys/fs/libsubsys__fs.a(littlefs_fs.c.obj)
 .text.littlefs_truncate
                0x000000000000f230       0x30 zephyr/subsys/fs/libsubsys__fs.a(littlefs_fs.c.obj)
 .text.littlefs_sync
                0x000000000000f260       0x2c zephyr/subsys/fs/libsubsys__fs.a(littlefs_fs.c.obj)
 .text.littlefs_close
                0x000000000000f28c       0x32 zephyr/subsys/fs/libsubsys__fs.a(littlefs_fs.c.obj)
 .text.littlefs_readdir
                0x000000000000f2be       0x48 zephyr/subsys/fs/libsubsys__fs.a(littlefs_fs.c.obj)
 .text.littlefs_unlink
                0x000000000000f306       0x34 zephyr/subsys/fs/libsubsys__fs.a(littlefs_fs.c.obj)
 .text.littlefs_rename
                0x000000000000f33a       0x42 zephyr/subsys/fs/libsubsys__fs.a(littlefs_fs.c.obj)
 .text.littlefs_mkdir
                0x000000000000f37c       0x34 zephyr/subsys/fs/libsubsys__fs.a(littlefs_fs.c.obj)
 .text.littlefs_stat
                0x000000000000f3b0       0x4a zephyr/subsys/fs/libsubsys__fs.a(littlefs_fs.c.obj)
 .text.littlefs_statvfs
                0x000000000000f3fa       0x56 zephyr/subsys/fs/libsubsys__fs.a(littlefs_fs.c.obj)
 .text.z_log_msg_runtime_create.constprop.0
                0x000000000000f450       0x20 zephyr/drivers/adc/libdrivers__adc.a(adc_nrfx_saadc.c.obj)
 .text.adc_context_on_timer_expired
                0x000000000000f470       0x32 zephyr/drivers/adc/libdrivers__adc.a(adc_nrfx_saadc.c.obj)
 .text.get_status
                0x000000000000f4a2       0x12 zephyr/drivers/clock_control/libdrivers__clock_control.a(clock_control_nrf.c.obj)
 .text.set_on_state
                0x000000000000f4b4       0x26 zephyr/drivers/clock_control/libdrivers__clock_control.a(clock_control_nrf.c.obj)
 .text.stop     0x000000000000f4da       0x52 zephyr/drivers/clock_control/libdrivers__clock_control.a(clock_control_nrf.c.obj)
 .text.api_stop
                0x000000000000f52c        0x6 zephyr/drivers/clock_control/libdrivers__clock_control.a(clock_control_nrf.c.obj)
 .text.async_start
                0x000000000000f532       0x5c zephyr/drivers/clock_control/libdrivers__clock_control.a(clock_control_nrf.c.obj)
 .text.api_start
                0x000000000000f58e        0xe zephyr/drivers/clock_control/libdrivers__clock_control.a(clock_control_nrf.c.obj)
 .text.onoff_started_callback
                0x000000000000f59c       0x14 zephyr/drivers/clock_control/libdrivers__clock_control.a(clock_control_nrf.c.obj)
 .text.lfclk_start
                0x000000000000f5b0        0x6 zephyr/drivers/clock_control/libdrivers__clock_control.a(clock_control_nrf.c.obj)
 .text.lfclk_stop
                0x000000000000f5b6        0x6 zephyr/drivers/clock_control/libdrivers__clock_control.a(clock_control_nrf.c.obj)
 .text.blocking_start_callback
                0x000000000000f5bc        0x6 zephyr/drivers/clock_control/libdrivers__clock_control.a(clock_control_nrf.c.obj)
 .text.spi_nor_pages_layout
                0x000000000000f5c2        0xc zephyr/drivers/flash/libdrivers__flash.a(spi_nor.c.obj)
 .text.z_log_msg_runtime_create.constprop.0
                0x000000000000f5ce       0x1e zephyr/drivers/flash/libdrivers__flash.a(spi_nor.c.obj)
 .text.release_device.isra.0
                0x000000000000f5ec        0x4 zephyr/drivers/flash/libdrivers__flash.a(spi_nor.c.obj)
 .text.acquire_device.isra.0
                0x000000000000f5f0        0xc zephyr/drivers/flash/libdrivers__flash.a(spi_nor.c.obj)
 .text.spi_nor_access
                0x000000000000f5fc       0x84 zephyr/drivers/flash/libdrivers__flash.a(spi_nor.c.obj)
 .text.spi_nor_write_protection_set
                0x000000000000f680       0x20 zephyr/drivers/flash/libdrivers__flash.a(spi_nor.c.obj)
 .text.spi_nor_rdsr
                0x000000000000f6a0       0x22 zephyr/drivers/flash/libdrivers__flash.a(spi_nor.c.obj)
 .text.spi_nor_read
                0x000000000000f6c2       0x40 zephyr/drivers/flash/libdrivers__flash.a(spi_nor.c.obj)
 .text.spi_nor_wait_until_ready.isra.0
                0x000000000000f702       0x28 zephyr/drivers/flash/libdrivers__flash.a(spi_nor.c.obj)
 .text.spi_nor_write
                0x000000000000f72a       0xca zephyr/drivers/flash/libdrivers__flash.a(spi_nor.c.obj)