Archive member included to satisfy reference by file (symbol)

app/libapp.a(main.c.obj)      (--whole-archive)
zephyr/libzephyr.a(heap.c.obj)
                              (--whole-archive)
zephyr/libzephyr.a(cbprintf_packaged.c.obj)
                              (--whole-archive)
zephyr/libzephyr.a(printk.c.obj)
                              (--whole-archive)
zephyr/libzephyr.a(sem.c.obj)
                              (--whole-archive)
zephyr/libzephyr.a(thread_entry.c.obj)
                              (--whole-archive)
zephyr/libzephyr.a(cbprintf_complete.c.obj)
                              (--whole-archive)
zephyr/libzephyr.a(cbprintf.c.obj)
                              (--whole-archive)
zephyr/libzephyr.a(assert.c.obj)
                              (--whole-archive)
zephyr/libzephyr.a(reboot.c.obj)
                              (--whole-archive)
zephyr/libzephyr.a(dec.c.obj)
                              (--whole-archive)
zephyr/libzephyr.a(hex.c.obj)
                              (--whole-archive)
zephyr/libzephyr.a(rb.c.obj)  (--whole-archive)
zephyr/libzephyr.a(timeutil.c.obj)
                              (--whole-archive)
zephyr/libzephyr.a(bitarray.c.obj)
                              (--whole-archive)
zephyr/libzephyr.a(onoff.c.obj)
                              (--whole-archive)
zephyr/libzephyr.a(notify.c.obj)
                              (--whole-archive)
zephyr/libzephyr.a(configs.c.obj)
                              (--whole-archive)
zephyr/libzephyr.a(log_core.c.obj)
                              (--whole-archive)
zephyr/libzephyr.a(log_mgmt.c.obj)
                              (--whole-archive)
zephyr/libzephyr.a(log_cache.c.obj)
                              (--whole-archive)
zephyr/libzephyr.a(log_msg.c.obj)
                              (--whole-archive)
zephyr/libzephyr.a(log_output.c.obj)
                              (--whole-archive)
zephyr/libzephyr.a(log_backend_rtt.c.obj)
                              (--whole-archive)
zephyr/libzephyr.a(mem_attr.c.obj)
                              (--whole-archive)
zephyr/libzephyr.a(flash_map.c.obj)
                              (--whole-archive)
zephyr/libzephyr.a(flash_map_layout.c.obj)
                              (--whole-archive)
zephyr/libzephyr.a(tracing_none.c.obj)
                              (--whole-archive)
zephyr/libzephyr.a(disk_access.c.obj)
                              (--whole-archive)
zephyr/libzephyr.a(flash_util.c.obj)
                              (--whole-archive)
zephyr/libzephyr.a(banner.c.obj)
                              (--whole-archive)
zephyr/libzephyr.a(flash_map_partition_manager.c.obj)
                              (--whole-archive)
zephyr/libzephyr.a(nrf_cc3xx_platform_abort_zephyr.c.obj)
                              (--whole-archive)
zephyr/libzephyr.a(nrf_cc3xx_platform_mutex_zephyr.c.obj)
                              (--whole-archive)
zephyr/arch/common/libarch__common.a(sw_isr_common.c.obj)
                              (--whole-archive)
zephyr/arch/arch/arm/core/libarch__arm__core.a(fatal.c.obj)
                              (--whole-archive)
zephyr/arch/arch/arm/core/libarch__arm__core.a(nmi.c.obj)
                              (--whole-archive)
zephyr/arch/arch/arm/core/libarch__arm__core.a(nmi_on_reset.S.obj)
                              (--whole-archive)
zephyr/arch/arch/arm/core/cortex_m/libarch__arm__core__cortex_m.a(exc_exit.c.obj)
                              (--whole-archive)
zephyr/arch/arch/arm/core/cortex_m/libarch__arm__core__cortex_m.a(fault.c.obj)
                              (--whole-archive)
zephyr/arch/arch/arm/core/cortex_m/libarch__arm__core__cortex_m.a(fault_s.S.obj)
                              (--whole-archive)
zephyr/arch/arch/arm/core/cortex_m/libarch__arm__core__cortex_m.a(fpu.c.obj)
                              (--whole-archive)
zephyr/arch/arch/arm/core/cortex_m/libarch__arm__core__cortex_m.a(reset.S.obj)
                              (--whole-archive)
zephyr/arch/arch/arm/core/cortex_m/libarch__arm__core__cortex_m.a(scb.c.obj)
                              (--whole-archive)
zephyr/arch/arch/arm/core/cortex_m/libarch__arm__core__cortex_m.a(thread_abort.c.obj)
                              (--whole-archive)
zephyr/arch/arch/arm/core/cortex_m/libarch__arm__core__cortex_m.a(vector_table.S.obj)
                              (--whole-archive)
zephyr/arch/arch/arm/core/cortex_m/libarch__arm__core__cortex_m.a(swap.c.obj)
                              (--whole-archive)
zephyr/arch/arch/arm/core/cortex_m/libarch__arm__core__cortex_m.a(swap_helper.S.obj)
                              (--whole-archive)
zephyr/arch/arch/arm/core/cortex_m/libarch__arm__core__cortex_m.a(irq_manage.c.obj)
                              (--whole-archive)
zephyr/arch/arch/arm/core/cortex_m/libarch__arm__core__cortex_m.a(prep_c.c.obj)
                              (--whole-archive)
zephyr/arch/arch/arm/core/cortex_m/libarch__arm__core__cortex_m.a(thread.c.obj)
[...]
Memory Configuration

Name             Origin             Length             Attributes
FLASH            0x0000000000000000 0x0000000000100000 xr
RAM              0x0000000020000000 0x0000000000040000 xw
IDT_LIST         0x00000000ffff7fff 0x0000000000008000 xw
*default*        0x0000000000000000 0xffffffffffffffff

Linker script and memory map

LOAD zephyr/CMakeFiles/zephyr_final.dir/misc/empty_file.c.obj
LOAD zephyr/CMakeFiles/zephyr_final.dir/isr_tables.c.obj
LOAD zephyr/CMakeFiles/offsets.dir/./arch/arm/core/offsets/offsets.c.obj
LOAD app/libapp.a
LOAD zephyr/libzephyr.a
LOAD zephyr/arch/common/libarch__common.a
LOAD zephyr/arch/arch/arm/core/libarch__arm__core.a
LOAD zephyr/arch/arch/arm/core/cortex_m/libarch__arm__core__cortex_m.a
LOAD zephyr/arch/arch/arm/core/mpu/libarch__arm__core__mpu.a
LOAD zephyr/lib/libc/newlib/liblib__libc__newlib.a
LOAD zephyr/lib/libc/common/liblib__libc__common.a
LOAD zephyr/soc/soc/nrf52840/libsoc__nordic.a
LOAD zephyr/subsys/fs/libsubsys__fs.a
LOAD zephyr/drivers/adc/libdrivers__adc.a
LOAD zephyr/drivers/clock_control/libdrivers__clock_control.a
LOAD zephyr/drivers/console/libdrivers__console.a
LOAD zephyr/drivers/flash/libdrivers__flash.a
LOAD zephyr/drivers/gpio/libdrivers__gpio.a
LOAD zephyr/drivers/hwinfo/libdrivers__hwinfo.a
LOAD zephyr/drivers/pinctrl/libdrivers__pinctrl.a
LOAD zephyr/drivers/serial/libdrivers__serial.a
LOAD zephyr/drivers/spi/libdrivers__spi.a
LOAD zephyr/drivers/timer/libdrivers__timer.a
LOAD zephyr/drivers/watchdog/libdrivers__watchdog.a
LOAD modules/nrf/drivers/hw_cc3xx/lib..__nrf__drivers__hw_cc3xx.a
LOAD modules/hal_nordic/nrfx/libmodules__hal_nordic__nrfx.a
LOAD modules/littlefs/libmodules__littlefs.a
LOAD modules/segger/libmodules__segger.a
LOAD zephyr/kernel/libkernel.a
LOAD zephyr/arch/common/libisr_tables.a
LOAD /home/abdullah/ncs/v2.9.0/nrfxlib/crypto/nrf_cc310_platform/lib/cortex-m4/hard-float/no-interrupts/libnrf_cc310_platform_0.9.19.a
LOAD /home/abdullah/ncs/toolchains/b77d8c1312/opt/zephyr-sdk/arm-zephyr-eabi/arm-zephyr-eabi/lib/thumb/v7e-m+fp/hard/libc_nano.a
LOAD /home/abdullah/ncs/toolchains/b77d8c1312/opt/zephyr-sdk/arm-zephyr-eabi/arm-zephyr-eabi/lib/thumb/v7e-m+fp/hard/libm_nano.a
LOAD /home/abdullah/ncs/toolchains/b77d8c1312/opt/zephyr-sdk/arm-zephyr-eabi/arm-zephyr-eabi/lib/thumb/v7e-m+fp/hard/libc_nano.a
LOAD /home/abdullah/ncs/toolchains/b77d8c1312/opt/zephyr-sdk/arm-zephyr-eabi/bin/../lib/gcc/arm-zephyr-eabi/12.2.0/thumb/v7e-m+fp/hard/libgcc.a
LOAD /home/abdullah/ncs/toolchains/b77d8c1312/opt/zephyr-sdk/arm-zephyr-eabi/arm-zephyr-eabi/lib/thumb/v7e-m+fp/hard/libc_nano.a
                0x0000000000000020                _region_min_align = 0x20

.rel.plt        0x0000000000000000        0x0
 *(SORT_BY_ALIGNMENT(.rel.plt))
                [!provide]                        PROVIDE (__rel_iplt_start = .)
 *(SORT_BY_ALIGNMENT(.rel.iplt))
 .rel.iplt      0x0000000000000000        0x0 zephyr/CMakeFiles/zephyr_final.dir/isr_tables.c.obj
                [!provide]                        PROVIDE (__rel_iplt_end = .)

.rela.plt       0x0000000000000000        0x0
 *(SORT_BY_ALIGNMENT(.rela.plt))
                [!provide]                        PROVIDE (__rela_iplt_start = .)
 *(SORT_BY_ALIGNMENT(.rela.iplt))
                [!provide]                        PROVIDE (__rela_iplt_end = .)

.rel.dyn
 *(SORT_BY_ALIGNMENT(.rel.*))

.rela.dyn
 *(SORT_BY_ALIGNMENT(.rela.*))

/DISCARD/
 *(SORT_BY_ALIGNMENT(.plt))

/DISCARD/
 *(SORT_BY_ALIGNMENT(.iplt))
                0x0000000000000000                __rom_region_start = 0x0

rom_start       0x0000000000000000      0x100
                0x0000000000000000                __rom_start_address = .
 FILL mask 0x00
                0x0000000000000000                . = (. + (0x0 - (. - __rom_start_address)))
                0x0000000000000000                . = ALIGN (0x4)
                0x0000000000000000                . = ALIGN (0x80)
                0x0000000000000000                . = ALIGN (0x100)
                0x0000000000000000                _vector_start = .
 *(SORT_BY_ALIGNMENT(.exc_vector_table))
 *(SORT_BY_ALIGNMENT(.exc_vector_table.*))
 .exc_vector_table._vector_table_section
                0x0000000000000000       0x40 zephyr/arch/arch/arm/core/cortex_m/libarch__arm__core__cortex_m.a(vector_table.S.obj)
                0x0000000000000000                _vector_table
 *(SORT_BY_ALIGNMENT(.vectors))
                0x0000000000000100                _vector_end = .
                0x0000000000000040                . = ALIGN (0x4)
 *(SORT_BY_ALIGNMENT(.gnu.linkonce.irq_vector_table*))
 .gnu.linkonce.irq_vector_table
                0x0000000000000040       0xc0 zephyr/CMakeFiles/zephyr_final.dir/isr_tables.c.obj
                0x0000000000000040                _irq_vector_table
                0x0000000000000100                _vector_end = .

text            0x0000000000000100    0x123d0
                0x0000000000000100                __text_region_start = .
 *(SORT_BY_ALIGNMENT(.text))
 .text          0x0000000000000100       0xa0 /home/abdullah/ncs/toolchains/b77d8c1312/opt/zephyr-sdk/arm-zephyr-eabi/arm-zephyr-eabi/lib/thumb/v7e-m+fp/hard/libc_nano.a(lib_a-memchr.o)
                0x0000000000000100                memchr
 .text          0x00000000000001a0      0x378 /home/abdullah/ncs/toolchains/b77d8c1312/opt/zephyr-sdk/arm-zephyr-eabi/bin/../lib/gcc/arm-zephyr-eabi/12.2.0/thumb/v7e-m+fp/hard/libgcc.a(_arm_addsubdf3.o)
                0x00000000000001a0                __aeabi_drsub
                0x00000000000001a8                __aeabi_dsub
                0x00000000000001a8                __subdf3
                0x00000000000001ac                __adddf3
                0x00000000000001ac                __aeabi_dadd
                0x0000000000000424                __aeabi_ui2d
                0x0000000000000424                __floatunsidf
                0x0000000000000444                __floatsidf
                0x0000000000000444                __aeabi_i2d
                0x0000000000000468                __extendsfdf2
                0x0000000000000468                __aeabi_f2d
                0x00000000000004ac                __aeabi_ul2d
                0x00000000000004ac                __floatundidf
                0x00000000000004bc                __floatdidf
                0x00000000000004bc                __aeabi_l2d
 .text          0x0000000000000518      0x424 /home/abdullah/ncs/toolchains/b77d8c1312/opt/zephyr-sdk/arm-zephyr-eabi/bin/../lib/gcc/arm-zephyr-eabi/12.2.0/thumb/v7e-m+fp/hard/libgcc.a(_arm_muldivdf3.o)
                0x0000000000000518                __aeabi_dmul
                0x0000000000000518                __muldf3
                0x000000000000076c                __aeabi_ddiv
                0x000000000000076c                __divdf3
 .text          0x000000000000093c      0x110 /home/abdullah/ncs/toolchains/b77d8c1312/opt/zephyr-sdk/arm-zephyr-eabi/bin/../lib/gcc/arm-zephyr-eabi/12.2.0/thumb/v7e-m+fp/hard/libgcc.a(_arm_cmpdf2.o)
                0x000000000000093c                __gtdf2
                0x000000000000093c                __gedf2
                0x0000000000000944                __ltdf2
                0x0000000000000944                __ledf2
                0x000000000000094c                __cmpdf2
                0x000000000000094c                __eqdf2
                0x000000000000094c                __nedf2
                0x00000000000009c8                __aeabi_cdrcmple
                0x00000000000009d8                __aeabi_cdcmple
                0x00000000000009d8                __aeabi_cdcmpeq
                0x00000000000009e8                __aeabi_dcmpeq
                0x00000000000009fc                __aeabi_dcmplt
                0x0000000000000a10                __aeabi_dcmple
                0x0000000000000a24                __aeabi_dcmpge
                0x0000000000000a38                __aeabi_dcmpgt
 .text          0x0000000000000a4c       0x2c /home/abdullah/ncs/toolchains/b77d8c1312/opt/zephyr-sdk/arm-zephyr-eabi/bin/../lib/gcc/arm-zephyr-eabi/12.2.0/thumb/v7e-m+fp/hard/libgcc.a(_arm_unorddf2.o)
                0x0000000000000a4c                __aeabi_dcmpun
                0x0000000000000a4c                __unorddf2
 .text          0x0000000000000a78       0x50 /home/abdullah/ncs/toolchains/b77d8c1312/opt/zephyr-sdk/arm-zephyr-eabi/bin/../lib/gcc/arm-zephyr-eabi/12.2.0/thumb/v7e-m+fp/hard/libgcc.a(_arm_fixdfsi.o)
                0x0000000000000a78                __fixdfsi
                0x0000000000000a78                __aeabi_d2iz
 .text          0x0000000000000ac8       0x30 /home/abdullah/ncs/toolchains/b77d8c1312/opt/zephyr-sdk/arm-zephyr-eabi/bin/../lib/gcc/arm-zephyr-eabi/12.2.0/thumb/v7e-m+fp/hard/libgcc.a(_aeabi_uldivmod.o)
                0x0000000000000ac8                __aeabi_uldivmod
 .text          0x0000000000000af8        0x4 /home/abdullah/ncs/toolchains/b77d8c1312/opt/zephyr-sdk/arm-zephyr-eabi/bin/../lib/gcc/arm-zephyr-eabi/12.2.0/thumb/v7e-m+fp/hard/libgcc.a(_dvmd_tls.o)
                0x0000000000000af8                __aeabi_ldiv0
                0x0000000000000af8                __aeabi_idiv0
 .text          0x0000000000000afc       0x10 /home/abdullah/ncs/toolchains/b77d8c1312/opt/zephyr-sdk/arm-zephyr-eabi/arm-zephyr-eabi/lib/thumb/v7e-m+fp/hard/libc_nano.a(lib_a-strlen.o)
                0x0000000000000afc                strlen
 .text          0x0000000000000b0c       0x26 /home/abdullah/ncs/toolchains/b77d8c1312/opt/zephyr-sdk/arm-zephyr-eabi/bin/../lib/gcc/arm-zephyr-eabi/12.2.0/thumb/v7e-m+fp/hard/libgcc.a(_popcountsi2.o)
                0x0000000000000b0c                __popcountsi2
 .text          0x0000000000000b32      0x2a0 /home/abdullah/ncs/toolchains/b77d8c1312/opt/zephyr-sdk/arm-zephyr-eabi/bin/../lib/gcc/arm-zephyr-eabi/12.2.0/thumb/v7e-m+fp/hard/libgcc.a(_udivmoddi4.o)
                0x0000000000000b32                __udivmoddi4
 *(SORT_BY_ALIGNMENT(.text.*))
 *fill*         0x0000000000000dd2        0x6 
 .text.z_cbvprintf_impl
                0x0000000000000dd8      0xd1c zephyr/libzephyr.a(cbprintf_complete.c.obj)
                0x0000000000000dd8                z_cbvprintf_impl
 *fill*         0x0000000000001af4        0x4 
 .text._dtoa_r  0x0000000000001af8      0xc58 /home/abdullah/ncs/toolchains/b77d8c1312/opt/zephyr-sdk/arm-zephyr-eabi/arm-zephyr-eabi/lib/thumb/v7e-m+fp/hard/libc_nano.a(lib_a-dtoa.o)
                0x0000000000001af8                _dtoa_r
 .text.main     0x0000000000002750       0xa4 app/libapp.a(main.c.obj)
                0x0000000000002750                main
 .text.cbvprintf_package
                0x00000000000027f4      0x3a4 zephyr/libzephyr.a(cbprintf_packaged.c.obj)
                0x00000000000027f4                cbvprintf_package
 .text.__printk_hook_install
                0x0000000000002b98        0xc zephyr/libzephyr.a(printk.c.obj)
                0x0000000000002b98                __printk_hook_install
 .text.extract_decimal
                0x0000000000002ba4       0x2c zephyr/libzephyr.a(cbprintf_complete.c.obj)
 .text.encode_uint
                0x0000000000002bd0       0x9c zephyr/libzephyr.a(cbprintf_complete.c.obj)
 .text.sys_reboot
                0x0000000000002c6c       0x2c zephyr/libzephyr.a(reboot.c.obj)
                0x0000000000002c6c                sys_reboot
 .text.process_event
                0x0000000000002c98      0x21c zephyr/libzephyr.a(onoff.c.obj)
 .text.z_log_init.isra.0
                0x0000000000002eb4       0xd0 zephyr/libzephyr.a(log_core.c.obj)
 .text.log_format_func_t_get
                0x0000000000002f84        0xc zephyr/libzephyr.a(log_core.c.obj)
                0x0000000000002f84                log_format_func_t_get
 .text.log_set_timestamp_func
                0x0000000000002f90       0x20 zephyr/libzephyr.a(log_core.c.obj)
                0x0000000000002f90                log_set_timestamp_func
 .text.log_core_init
                0x0000000000002fb0       0x28 zephyr/libzephyr.a(log_core.c.obj)
                0x0000000000002fb0                log_core_init
 .text.z_impl_log_panic
                0x0000000000002fd8       0x3c zephyr/libzephyr.a(log_core.c.obj)
                0x0000000000002fd8                z_impl_log_panic
 .text.z_log_dropped
                0x0000000000003014       0x30 zephyr/libzephyr.a(log_core.c.obj)
                0x0000000000003014                z_log_dropped
 .text.z_log_msg_commit
                0x0000000000003044       0x38 zephyr/libzephyr.a(log_core.c.obj)
                0x0000000000003044                z_log_msg_commit
 .text.log_source_name_get
                0x000000000000307c       0x1c zephyr/libzephyr.a(log_mgmt.c.obj)
                0x000000000000307c                log_source_name_get
 .text.log_backend_enable
                0x0000000000003098       0x28 zephyr/libzephyr.a(log_mgmt.c.obj)
                0x0000000000003098                log_backend_enable
 .text.z_log_msg_runtime_vcreate
                0x00000000000030c0       0xac zephyr/libzephyr.a(log_msg.c.obj)
                0x00000000000030c0                z_log_msg_runtime_vcreate
 .text.log_msg_get_source_id
                0x000000000000316c       0x18 zephyr/libzephyr.a(log_msg.c.obj)
                0x000000000000316c                log_msg_get_source_id
 .text.print_formatted
                0x0000000000003184       0x24 zephyr/libzephyr.a(log_output.c.obj)
 .text.newline_print
                0x00000000000031a8       0x1c zephyr/libzephyr.a(log_output.c.obj)
 .text.log_output_process
                0x00000000000031c4      0x2e0 zephyr/libzephyr.a(log_output.c.obj)
                0x00000000000031c4                log_output_process
 .text.log_output_timestamp_freq_set
                0x00000000000034a4       0x2c zephyr/libzephyr.a(log_output.c.obj)
                0x00000000000034a4                log_output_timestamp_freq_set
 .text.log_backend_rtt_init
                0x00000000000034d0        0xc zephyr/libzephyr.a(log_backend_rtt.c.obj)
 .text.format_set
                0x00000000000034dc        0xc zephyr/libzephyr.a(log_backend_rtt.c.obj)
 .text.process  0x00000000000034e8       0x24 zephyr/libzephyr.a(log_backend_rtt.c.obj)
 .text.panic    0x000000000000350c       0x34 zephyr/libzephyr.a(log_backend_rtt.c.obj)
 .text.data_out_block_mode
                0x0000000000003540       0x70 zephyr/libzephyr.a(log_backend_rtt.c.obj)
 .text.mem_attr_get_regions
                0x00000000000035b0        0xc zephyr/libzephyr.a(mem_attr.c.obj)
                0x00000000000035b0                mem_attr_get_regions
 .text.flash_area_open
                0x00000000000035bc       0x50 zephyr/libzephyr.a(flash_map.c.obj)
                0x00000000000035bc                flash_area_open
 .text.boot_banner
                0x000000000000360c       0x1c zephyr/libzephyr.a(banner.c.obj)
                0x000000000000360c                boot_banner
 .text.nrf_cc3xx_platform_abort_init
                0x0000000000003628        0xc zephyr/libzephyr.a(nrf_cc3xx_platform_abort_zephyr.c.obj)
                0x0000000000003628                nrf_cc3xx_platform_abort_init
 .text.mutex_free_platform
                0x0000000000003634       0x54 zephyr/libzephyr.a(nrf_cc3xx_platform_mutex_zephyr.c.obj)
 .text.mutex_lock_platform
                0x0000000000003688       0x60 zephyr/libzephyr.a(nrf_cc3xx_platform_mutex_zephyr.c.obj)
 .text.mutex_unlock_platform
                0x00000000000036e8       0x58 zephyr/libzephyr.a(nrf_cc3xx_platform_mutex_zephyr.c.obj)
 .text.mutex_init_platform
                0x0000000000003740       0x94 zephyr/libzephyr.a(nrf_cc3xx_platform_mutex_zephyr.c.obj)
 .text.nrf_cc3xx_platform_mutex_init
                0x00000000000037d4       0x2c zephyr/libzephyr.a(nrf_cc3xx_platform_mutex_zephyr.c.obj)
                0x00000000000037d4                nrf_cc3xx_platform_mutex_init
 .text.z_arm_fatal_error
                0x0000000000003800      0x130 zephyr/arch/arch/arm/core/libarch__arm__core.a(fatal.c.obj)
                0x0000000000003800                z_arm_fatal_error
 .text.z_SysNmiOnReset
                0x0000000000003930        0x8 zephyr/arch/arch/arm/core/libarch__arm__core.a(nmi_on_reset.S.obj)
                0x0000000000003930                z_SysNmiOnReset
 .text._HandlerModeExit
                0x0000000000003938       0x28 zephyr/arch/arch/arm/core/cortex_m/libarch__arm__core__cortex_m.a(exc_exit.c.obj)
                0x0000000000003938                z_arm_exc_exit
                0x0000000000003938                z_arm_int_exit
 .text.bus_fault.constprop.0
                0x0000000000003960      0x13c zephyr/arch/arch/arm/core/cortex_m/libarch__arm__core__cortex_m.a(fault.c.obj)
 .text.usage_fault.constprop.0
                0x0000000000003a9c      0x108 zephyr/arch/arch/arm/core/cortex_m/libarch__arm__core__cortex_m.a(fault.c.obj)
 .text.mem_manage_fault
                0x0000000000003ba4      0x164 zephyr/arch/arch/arm/core/cortex_m/libarch__arm__core__cortex_m.a(fault.c.obj)
 .text.z_arm_fault
                0x0000000000003d08      0x200 zephyr/arch/arch/arm/core/cortex_m/libarch__arm__core__cortex_m.a(fault.c.obj)
                0x0000000000003d08                z_arm_fault
 .text.z_arm_fault_init
                0x0000000000003f08       0x18 zephyr/arch/arch/arm/core/cortex_m/libarch__arm__core__cortex_m.a(fault.c.obj)
                0x0000000000003f08                z_arm_fault_init
 .text.__fault  0x0000000000003f20       0x14 zephyr/arch/arch/arm/core/cortex_m/libarch__arm__core__cortex_m.a(fault_s.S.obj)
                0x0000000000003f20                z_arm_bus_fault
                0x0000000000003f20                z_arm_usage_fault
                0x0000000000003f20                z_arm_mpu_fault
                0x0000000000003f20                z_arm_exc_spurious
                0x0000000000003f20                z_arm_debug_monitor
                0x0000000000003f20                z_arm_hard_fault
 .text._reset_section
                0x0000000000003f34       0x64 zephyr/arch/arch/arm/core/cortex_m/libarch__arm__core__cortex_m.a(reset.S.obj)
                0x0000000000003f34                z_arm_reset
                0x0000000000003f34                __start
 .text.sys_arch_reboot
                0x0000000000003f98       0x24 zephyr/arch/arch/arm/core/cortex_m/libarch__arm__core__cortex_m.a(scb.c.obj)
                0x0000000000003f98                sys_arch_reboot
 .text.z_arm_clear_arm_mpu_config
                0x0000000000003fbc       0x24 zephyr/arch/arch/arm/core/cortex_m/libarch__arm__core__cortex_m.a(scb.c.obj)
                0x0000000000003fbc                z_arm_clear_arm_mpu_config
 .text.z_arm_init_arch_hw_at_boot
                0x0000000000003fe0       0x64 zephyr/arch/arch/arm/core/cortex_m/libarch__arm__core__cortex_m.a(scb.c.obj)
                0x0000000000003fe0                z_arm_init_arch_hw_at_boot
 .text.z_impl_k_thread_abort
                0x0000000000004044       0x2c zephyr/arch/arch/arm/core/cortex_m/libarch__arm__core__cortex_m.a(thread_abort.c.obj)
                0x0000000000004044                z_impl_k_thread_abort
 .text.arch_swap
                0x0000000000004070       0x30 zephyr/arch/arch/arm/core/cortex_m/libarch__arm__core__cortex_m.a(swap.c.obj)
                0x0000000000004070                arch_swap
 .text.z_arm_pendsv_c
                0x00000000000040a0       0x50 zephyr/arch/arch/arm/core/cortex_m/libarch__arm__core__cortex_m.a(swap.c.obj)
                0x00000000000040a0                z_arm_pendsv_c
 .text.z_arm_pendsv
                0x00000000000040f0       0x6c zephyr/arch/arch/arm/core/cortex_m/libarch__arm__core__cortex_m.a(swap_helper.S.obj)
                0x00000000000040f0                z_arm_pendsv
 .text.z_arm_svc
                0x000000000000415c       0x20 zephyr/arch/arch/arm/core/cortex_m/libarch__arm__core__cortex_m.a(swap_helper.S.obj)
                0x000000000000415c                z_arm_svc
 .text.arch_irq_enable
                0x000000000000417c       0x1c zephyr/arch/arch/arm/core/cortex_m/libarch__arm__core__cortex_m.a(irq_manage.c.obj)
                0x000000000000417c                arch_irq_enable
 .text.arch_irq_disable
                0x0000000000004198       0x28 zephyr/arch/arch/arm/core/cortex_m/libarch__arm__core__cortex_m.a(irq_manage.c.obj)
                0x0000000000004198                arch_irq_disable
 .text.arch_irq_is_enabled
                0x00000000000041c0       0x1c zephyr/arch/arch/arm/core/cortex_m/libarch__arm__core__cortex_m.a(irq_manage.c.obj)
                0x00000000000041c0                arch_irq_is_enabled
 .text.z_arm_irq_priority_set
                0x00000000000041dc       0x30 zephyr/arch/arch/arm/core/cortex_m/libarch__arm__core__cortex_m.a(irq_manage.c.obj)
                0x00000000000041dc                z_arm_irq_priority_set
 .text.z_prep_c
                0x000000000000420c       0x5c zephyr/arch/arch/arm/core/cortex_m/libarch__arm__core__cortex_m.a(prep_c.c.obj)
                0x000000000000420c                z_prep_c
 .text.arch_new_thread
                0x0000000000004268       0x60 zephyr/arch/arch/arm/core/cortex_m/libarch__arm__core__cortex_m.a(thread.c.obj)
                0x0000000000004268                arch_new_thread
 .text.z_arm_mpu_stack_guard_and_fpu_adjust
                0x00000000000042c8       0x70 zephyr/arch/arch/arm/core/cortex_m/libarch__arm__core__cortex_m.a(thread.c.obj)
                0x00000000000042c8                z_arm_mpu_stack_guard_and_fpu_adjust
 .text.z_check_thread_stack_fail
                0x0000000000004338       0x38 zephyr/arch/arch/arm/core/cortex_m/libarch__arm__core__cortex_m.a(thread.c.obj)
                0x0000000000004338                z_check_thread_stack_fail
 .text.arch_float_disable
                0x0000000000004370       0x48 zephyr/arch/arch/arm/core/cortex_m/libarch__arm__core__cortex_m.a(thread.c.obj)
                0x0000000000004370                arch_float_disable
 .text.arch_switch_to_main_thread
                0x00000000000043b8       0x54 zephyr/arch/arch/arm/core/cortex_m/libarch__arm__core__cortex_m.a(thread.c.obj)
                0x00000000000043b8                arch_switch_to_main_thread
 .text.z_arm_cpu_idle_init
                0x000000000000440c        0xc zephyr/arch/arch/arm/core/cortex_m/libarch__arm__core__cortex_m.a(cpu_idle.c.obj)
                0x000000000000440c                z_arm_cpu_idle_init
 .text.z_arm_interrupt_init
                0x0000000000004418       0x18 zephyr/arch/arch/arm/core/cortex_m/libarch__arm__core__cortex_m.a(irq_init.c.obj)
                0x0000000000004418                z_arm_interrupt_init
 .text._isr_wrapper
                0x0000000000004430       0x24 zephyr/arch/arch/arm/core/cortex_m/libarch__arm__core__cortex_m.a(isr_wrapper.c.obj)
                0x0000000000004430                _isr_wrapper
 .text.z_arm_configure_static_mpu_regions
                0x0000000000004454       0x18 zephyr/arch/arch/arm/core/mpu/libarch__arm__core__mpu.a(arm_core_mpu.c.obj)
                0x0000000000004454                z_arm_configure_static_mpu_regions
 .text.z_arm_configure_dynamic_mpu_regions
                0x000000000000446c       0x2c zephyr/arch/arch/arm/core/mpu/libarch__arm__core__mpu.a(arm_core_mpu.c.obj)
                0x000000000000446c                z_arm_configure_dynamic_mpu_regions
 .text.region_allocate_and_init
                0x0000000000004498       0x60 zephyr/arch/arch/arm/core/mpu/libarch__arm__core__mpu.a(arm_mpu.c.obj)
 .text.mpu_configure_regions
                0x00000000000044f8       0x74 zephyr/arch/arch/arm/core/mpu/libarch__arm__core__mpu.a(arm_mpu.c.obj)
 .text.arm_core_mpu_enable
                0x000000000000456c       0x18 zephyr/arch/arch/arm/core/mpu/libarch__arm__core__mpu.a(arm_mpu.c.obj)
                0x000000000000456c                arm_core_mpu_enable
 .text.arm_core_mpu_disable
                0x0000000000004584       0x14 zephyr/arch/arch/arm/core/mpu/libarch__arm__core__mpu.a(arm_mpu.c.obj)
                0x0000000000004584                arm_core_mpu_disable
 .text.arm_core_mpu_configure_static_mpu_regions
                0x0000000000004598       0x14 zephyr/arch/arch/arm/core/mpu/libarch__arm__core__mpu.a(arm_mpu.c.obj)
                0x0000000000004598                arm_core_mpu_configure_static_mpu_regions
 .text.arm_core_mpu_configure_dynamic_mpu_regions
                0x00000000000045ac       0x38 zephyr/arch/arch/arm/core/mpu/libarch__arm__core__mpu.a(arm_mpu.c.obj)
                0x00000000000045ac                arm_core_mpu_configure_dynamic_mpu_regions
 .text.z_arm_mpu_init
                0x00000000000045e4      0x17c zephyr/arch/arch/arm/core/mpu/libarch__arm__core__mpu.a(arm_mpu.c.obj)
                0x00000000000045e4                z_arm_mpu_init
 .text.__stdout_hook_install
                0x0000000000004760        0xc zephyr/lib/libc/newlib/liblib__libc__newlib.a(libc-hooks.c.obj)
                0x0000000000004760                __stdout_hook_install
 .text.z_impl_zephyr_read_stdin
                0x000000000000476c       0x28 zephyr/lib/libc/newlib/liblib__libc__newlib.a(libc-hooks.c.obj)
                0x000000000000476c                z_impl_zephyr_read_stdin
 .text.z_impl_zephyr_write_stdout
                0x0000000000004794       0x30 zephyr/lib/libc/newlib/liblib__libc__newlib.a(libc-hooks.c.obj)
                0x0000000000004794                z_impl_zephyr_write_stdout
 .text._sbrk    0x00000000000047c4       0x28 zephyr/lib/libc/newlib/liblib__libc__newlib.a(libc-hooks.c.obj)
                0x00000000000047c4                _sbrk
                0x00000000000047c4                sbrk
 .text.abort    0x00000000000047ec       0x1c zephyr/lib/libc/common/liblib__libc__common.a(abort.c.obj)
                0x00000000000047ec                abort
 .text.nordicsemi_nrf52_init
                0x0000000000004808       0x44 zephyr/soc/soc/nrf52840/libsoc__nordic.a(soc.c.obj)
 .text.arch_busy_wait
                0x000000000000484c       0x14 zephyr/soc/soc/nrf52840/libsoc__nordic.a(soc.c.obj)
                0x000000000000484c                arch_busy_wait
 .text.registry_find
                0x0000000000004860       0x2c zephyr/subsys/fs/libsubsys__fs.a(fs.c.obj)
 .text.k_mutex_lock.constprop.0.isra.0
                0x000000000000488c       0x10 zephyr/subsys/fs/libsubsys__fs.a(fs.c.obj)
 .text.k_mutex_unlock.constprop.0.isra.0
                0x000000000000489c        0xc zephyr/subsys/fs/libsubsys__fs.a(fs.c.obj)
 .text.fs_get_mnt_point
                0x00000000000048a8       0x90 zephyr/subsys/fs/libsubsys__fs.a(fs.c.obj)
 .text.fs_mkdir
                0x0000000000004938       0xa8 zephyr/subsys/fs/libsubsys__fs.a(fs.c.obj)
                0x0000000000004938                fs_mkdir
 .text.fs_mount
                0x00000000000049e0      0x194 zephyr/subsys/fs/libsubsys__fs.a(fs.c.obj)
                0x00000000000049e0                fs_mount
 .text.fs_register
                0x0000000000004b74       0x50 zephyr/subsys/fs/libsubsys__fs.a(fs.c.obj)
                0x0000000000004b74                fs_register
 .text.fs_impl_strip_prefix
                0x0000000000004bc4       0x18 zephyr/subsys/fs/libsubsys__fs.a(fs_impl.c.obj)
                0x0000000000004bc4                fs_impl_strip_prefix
 .text.littlefs_init
                0x0000000000004bdc        0xc zephyr/subsys/fs/libsubsys__fs.a(littlefs_fs.c.obj)
 .text.release_file_data
                0x0000000000004be8       0x28 zephyr/subsys/fs/libsubsys__fs.a(littlefs_fs.c.obj)
 .text.lfs_to_errno
                0x0000000000004c10       0x1c zephyr/subsys/fs/libsubsys__fs.a(littlefs_fs.c.obj)
 .text.errno_to_lfs
                0x0000000000004c2c       0x20 zephyr/subsys/fs/libsubsys__fs.a(littlefs_fs.c.obj)
 .text.littlefs_init_fs
                0x0000000000004c4c      0x1c4 zephyr/subsys/fs/libsubsys__fs.a(littlefs_fs.c.obj)
 .text.littlefs_open
                0x0000000000004e10       0xac zephyr/subsys/fs/libsubsys__fs.a(littlefs_fs.c.obj)
 .text.littlefs_opendir
                0x0000000000004ebc       0x68 zephyr/subsys/fs/libsubsys__fs.a(littlefs_fs.c.obj)
 .text.littlefs_closedir
                0x0000000000004f24       0x38 zephyr/subsys/fs/libsubsys__fs.a(littlefs_fs.c.obj)
 .text.littlefs_unmount
                0x0000000000004f5c       0x58 zephyr/subsys/fs/libsubsys__fs.a(littlefs_fs.c.obj)
 .text.littlefs_mount
                0x0000000000004fb4      0x100 zephyr/subsys/fs/libsubsys__fs.a(littlefs_fs.c.obj)
 .text.littlefs_mkfs
                0x00000000000050b4       0x84 zephyr/subsys/fs/libsubsys__fs.a(littlefs_fs.c.obj)
 .text.adc_context_start_sampling
                0x0000000000005138       0x1c zephyr/drivers/adc/libdrivers__adc.a(adc_nrfx_saadc.c.obj)
 .text.adc_nrfx_channel_setup
                0x0000000000005154      0x16c zephyr/drivers/adc/libdrivers__adc.a(adc_nrfx_saadc.c.obj)
 .text.adc_nrfx_read
                0x00000000000052c0      0x218 zephyr/drivers/adc/libdrivers__adc.a(adc_nrfx_saadc.c.obj)
 .text.init_saadc
                0x00000000000054d8       0x44 zephyr/drivers/adc/libdrivers__adc.a(adc_nrfx_saadc.c.obj)
 .text.saadc_irq_handler
                0x000000000000551c      0x104 zephyr/drivers/adc/libdrivers__adc.a(adc_nrfx_saadc.c.obj)
 .text.onoff_stop
                0x0000000000005620       0x30 zephyr/drivers/clock_control/libdrivers__clock_control.a(clock_control_nrf.c.obj)
 .text.onoff_start
                0x0000000000005650       0x44 zephyr/drivers/clock_control/libdrivers__clock_control.a(clock_control_nrf.c.obj)
 .text.generic_hfclk_stop
                0x0000000000005694       0x34 zephyr/drivers/clock_control/libdrivers__clock_control.a(clock_control_nrf.c.obj)
 .text.clk_init
                0x00000000000056c8       0x58 zephyr/drivers/clock_control/libdrivers__clock_control.a(clock_control_nrf.c.obj)
 .text.api_blocking_start
                0x0000000000005720       0x34 zephyr/drivers/clock_control/libdrivers__clock_control.a(clock_control_nrf.c.obj)
 .text.clkstarted_handle.constprop.0
                0x0000000000005754       0x4c zephyr/drivers/clock_control/libdrivers__clock_control.a(clock_control_nrf.c.obj)
 .text.generic_hfclk_start
                0x00000000000057a0       0x7c zephyr/drivers/clock_control/libdrivers__clock_control.a(clock_control_nrf.c.obj)
 .text.clock_event_handler
                0x000000000000581c       0x1c zephyr/drivers/clock_control/libdrivers__clock_control.a(clock_control_nrf.c.obj)
 .text.z_nrf_clock_control_lf_on
                0x0000000000005838       0xfc zephyr/drivers/clock_control/libdrivers__clock_control.a(clock_control_nrf.c.obj)
                0x0000000000005838                z_nrf_clock_control_lf_on
 .text.rtt_console_init
                0x0000000000005934       0x18 zephyr/drivers/console/libdrivers__console.a(rtt_console.c.obj)
 .text.rtt_console_out
                0x000000000000594c       0x48 zephyr/drivers/console/libdrivers__console.a(rtt_console.c.obj)
 .text.flash_nor_get_parameters
                0x0000000000005994        0x8 zephyr/drivers/flash/libdrivers__flash.a(spi_nor.c.obj)
 .text.spi_nor_erase
                0x000000000000599c      0x118 zephyr/drivers/flash/libdrivers__flash.a(spi_nor.c.obj)
 .text.spi_nor_init
                0x0000000000005ab4      0x2d4 zephyr/drivers/flash/libdrivers__flash.a(spi_nor.c.obj)
 .text.flash_nrf_pages_layout
                0x0000000000005d88       0x10 zephyr/drivers/flash/libdrivers__flash.a(soc_flash_nrf.c.obj)
 .text.flash_nrf_get_parameters
                0x0000000000005d98        0x8 zephyr/drivers/flash/libdrivers__flash.a(soc_flash_nrf.c.obj)
 .text.flash_nrf_read
                0x0000000000005da0       0x4c zephyr/drivers/flash/libdrivers__flash.a(soc_flash_nrf.c.obj)
 .text.nrf_flash_init
                0x0000000000005dec       0x28 zephyr/drivers/flash/libdrivers__flash.a(soc_flash_nrf.c.obj)
 .text.restore_pofwarn.part.0
                0x0000000000005e14       0x2c zephyr/drivers/flash/libdrivers__flash.a(soc_flash_nrf.c.obj)
 .text.suspend_pofwarn
                0x0000000000005e40       0x58 zephyr/drivers/flash/libdrivers__flash.a(soc_flash_nrf.c.obj)
 .text.flash_nrf_erase
                0x0000000000005e98       0xc8 zephyr/drivers/flash/libdrivers__flash.a(soc_flash_nrf.c.obj)
 .text.flash_nrf_write
                0x0000000000005f60       0xc8 zephyr/drivers/flash/libdrivers__flash.a(soc_flash_nrf.c.obj)
 .text.gpio_nrfx_pin_interrupt_configure
                0x0000000000006028      0x100 zephyr/drivers/gpio/libdrivers__gpio.a(gpio_nrfx.c.obj)
 .text.gpio_nrfx_init
                0x0000000000006128       0x48 zephyr/drivers/gpio/libdrivers__gpio.a(gpio_nrfx.c.obj)
 .text.nrfx_gpio_handler
                0x0000000000006170       0x4c zephyr/drivers/gpio/libdrivers__gpio.a(gpio_nrfx.c.obj)
 .text.gpio_nrfx_pin_configure
                0x00000000000061bc      0x18c zephyr/drivers/gpio/libdrivers__gpio.a(gpio_nrfx.c.obj)
 .text.nrf_gpio_pin_port_decode
                0x0000000000006348       0x20 zephyr/drivers/pinctrl/libdrivers__pinctrl.a(pinctrl_nrf.c.obj)
 .text.pinctrl_configure_pins
                0x0000000000006368      0x1a4 zephyr/drivers/pinctrl/libdrivers__pinctrl.a(pinctrl_nrf.c.obj)
                0x0000000000006368                pinctrl_configure_pins
 .text.z_log_msg_runtime_create.constprop.0
                0x000000000000650c       0x24 zephyr/drivers/serial/libdrivers__serial.a(uart_nrfx_uarte.c.obj)
 .text.uarte_nrfx_poll_out
                0x0000000000006530       0xb4 zephyr/drivers/serial/libdrivers__serial.a(uart_nrfx_uarte.c.obj)
 .text.uarte_0_init
                0x00000000000065e4      0x128 zephyr/drivers/serial/libdrivers__serial.a(uart_nrfx_uarte.c.obj)
 .text.spi_nrfx_init
                0x000000000000670c      0x114 zephyr/drivers/spi/libdrivers__spi.a(spi_nrfx_spi.c.obj)
 .text.transfer_next_chunk
                0x0000000000006820       0x70 zephyr/drivers/spi/libdrivers__spi.a(spi_nrfx_spi.c.obj)
 .text.event_handler
                0x0000000000006890       0xd8 zephyr/drivers/spi/libdrivers__spi.a(spi_nrfx_spi.c.obj)
 .text.spi_nrfx_transceive
                0x0000000000006968      0x40c zephyr/drivers/spi/libdrivers__spi.a(spi_nrfx_spi.c.obj)
 .text.nrf_gpio_cfg_input
                0x0000000000006d74       0x40 zephyr/drivers/spi/libdrivers__spi.a(spi_nrfx_common.c.obj)
 .text.spi_nrfx_wake_init
                0x0000000000006db4       0x60 zephyr/drivers/spi/libdrivers__spi.a(spi_nrfx_common.c.obj)
                0x0000000000006db4                spi_nrfx_wake_init
 .text.spi_nrfx_init
                0x0000000000006e14      0x110 zephyr/drivers/spi/libdrivers__spi.a(spi_nrfx_spim.c.obj)
 .text.transfer_next_chunk
                0x0000000000006f24       0xd0 zephyr/drivers/spi/libdrivers__spi.a(spi_nrfx_spim.c.obj)
 .text.event_handler
                0x0000000000006ff4       0xf0 zephyr/drivers/spi/libdrivers__spi.a(spi_nrfx_spim.c.obj)
 .text.spi_nrfx_transceive
                0x00000000000070e4      0x408 zephyr/drivers/spi/libdrivers__spi.a(spi_nrfx_spim.c.obj)
 .text.compare_int_lock
                0x00000000000074ec       0x48 zephyr/drivers/timer/libdrivers__timer.a(nrf_rtc_timer.c.obj)
 .text.sys_clock_timeout_handler
                0x0000000000007534       0x48 zephyr/drivers/timer/libdrivers__timer.a(nrf_rtc_timer.c.obj)
 .text.compare_int_unlock
                0x000000000000757c       0x5c zephyr/drivers/timer/libdrivers__timer.a(nrf_rtc_timer.c.obj)
 .text.z_nrf_rtc_timer_read
                0x00000000000075d8       0x44 zephyr/drivers/timer/libdrivers__timer.a(nrf_rtc_timer.c.obj)
                0x00000000000075d8                z_nrf_rtc_timer_read
 .text.compare_set
                0x000000000000761c      0x130 zephyr/drivers/timer/libdrivers__timer.a(nrf_rtc_timer.c.obj)
 .text.sys_clock_driver_init
                0x000000000000774c       0x90 zephyr/drivers/timer/libdrivers__timer.a(nrf_rtc_timer.c.obj)
 .text.rtc_nrf_isr
                0x00000000000077dc       0xd4 zephyr/drivers/timer/libdrivers__timer.a(nrf_rtc_timer.c.obj)
                0x00000000000077dc                rtc_nrf_isr
 .text.sys_clock_set_timeout
                0x00000000000078b0       0x5c zephyr/drivers/timer/libdrivers__timer.a(nrf_rtc_timer.c.obj)
                0x00000000000078b0                sys_clock_set_timeout
 .text.sys_clock_elapsed
                0x000000000000790c       0x14 zephyr/drivers/timer/libdrivers__timer.a(nrf_rtc_timer.c.obj)
                0x000000000000790c                sys_clock_elapsed
 .text.sys_clock_disable
                0x0000000000007920       0x30 zephyr/drivers/timer/libdrivers__timer.a(nrf_rtc_timer.c.obj)
                0x0000000000007920                sys_clock_disable
 .text.wdt_nrf_install_timeout
                0x0000000000007950       0x7c zephyr/drivers/watchdog/libdrivers__watchdog.a(wdt_nrfx.c.obj)
 .text.wdt_nrf_setup
                0x00000000000079cc       0x54 zephyr/drivers/watchdog/libdrivers__watchdog.a(wdt_nrfx.c.obj)
 .text.wdt_0_init
                0x0000000000007a20       0x30 zephyr/drivers/watchdog/libdrivers__watchdog.a(wdt_nrfx.c.obj)
 .text.wdt_0_event_handler
                0x0000000000007a50       0x3c zephyr/drivers/watchdog/libdrivers__watchdog.a(wdt_nrfx.c.obj)
 .text.nrf52_errata_98
                0x0000000000007a8c       0x24 modules/hal_nordic/nrfx/libmodules__hal_nordic__nrfx.a(system_nrf52840.c.obj)
 .text.nvmc_wait
                0x0000000000007ab0       0x10 modules/hal_nordic/nrfx/libmodules__hal_nordic__nrfx.a(system_nrf52840.c.obj)
                0x0000000000007ab0                nvmc_wait
 .text.SystemInit
                0x0000000000007ac0      0x1d8 modules/hal_nordic/nrfx/libmodules__hal_nordic__nrfx.a(system_nrf52840.c.obj)
                0x0000000000007ac0                SystemInit
 .text.nrfx_flag32_alloc
                0x0000000000007c98       0x48 modules/hal_nordic/nrfx/libmodules__hal_nordic__nrfx.a(nrfx_flag32_allocator.c.obj)
                0x0000000000007c98                nrfx_flag32_alloc
 .text.nrfx_flag32_free
                0x0000000000007ce0       0x40 modules/hal_nordic/nrfx/libmodules__hal_nordic__nrfx.a(nrfx_flag32_allocator.c.obj)
                0x0000000000007ce0                nrfx_flag32_free
 .text.nrfx_gppi_channels_enable
                0x0000000000007d20        0xc modules/hal_nordic/nrfx/libmodules__hal_nordic__nrfx.a(nrfx_gppi_ppi.c.obj)
                0x0000000000007d20                nrfx_gppi_channels_enable
 .text.clock_stop
                0x0000000000007d2c       0xc4 modules/hal_nordic/nrfx/libmodules__hal_nordic__nrfx.a(nrfx_clock.c.obj)
 .text.nrfx_clock_init
                0x0000000000007df0       0x20 modules/hal_nordic/nrfx/libmodules__hal_nordic__nrfx.a(nrfx_clock.c.obj)
                0x0000000000007df0                nrfx_clock_init
 .text.nrfx_clock_enable
                0x0000000000007e10       0x24 modules/hal_nordic/nrfx/libmodules__hal_nordic__nrfx.a(nrfx_clock.c.obj)
                0x0000000000007e10                nrfx_clock_enable
 .text.nrfx_clock_start
                0x0000000000007e34       0xa8 modules/hal_nordic/nrfx/libmodules__hal_nordic__nrfx.a(nrfx_clock.c.obj)
                0x0000000000007e34                nrfx_clock_start
 .text.nrfx_power_clock_irq_handler
                0x0000000000007edc       0x68 modules/hal_nordic/nrfx/libmodules__hal_nordic__nrfx.a(nrfx_clock.c.obj)
                0x0000000000007edc                nrfx_power_clock_irq_handler
 .text.nrf_gpio_pin_port_decode
                0x0000000000007f44       0x20 modules/hal_nordic/nrfx/libmodules__hal_nordic__nrfx.a(nrfx_gpiote.c.obj)
 .text.get_pin_idx
                0x0000000000007f64       0x14 modules/hal_nordic/nrfx/libmodules__hal_nordic__nrfx.a(nrfx_gpiote.c.obj)
 .text.call_handler.constprop.0
                0x0000000000007f78       0x40 modules/hal_nordic/nrfx/libmodules__hal_nordic__nrfx.a(nrfx_gpiote.c.obj)
 .text.pin_te_get.constprop.0
                0x0000000000007fb8       0x18 modules/hal_nordic/nrfx/libmodules__hal_nordic__nrfx.a(nrfx_gpiote.c.obj)
 .text.pin_is_output.constprop.0
                0x0000000000007fd0       0x18 modules/hal_nordic/nrfx/libmodules__hal_nordic__nrfx.a(nrfx_gpiote.c.obj)
 .text.pin_in_use_by_te.constprop.0
                0x0000000000007fe8       0x18 modules/hal_nordic/nrfx/libmodules__hal_nordic__nrfx.a(nrfx_gpiote.c.obj)
 .text.latch_pending_read_and_check
                0x0000000000008000       0x40 modules/hal_nordic/nrfx/libmodules__hal_nordic__nrfx.a(nrfx_gpiote.c.obj)
 .text.release_handler.isra.0
                0x0000000000008040       0x58 modules/hal_nordic/nrfx/libmodules__hal_nordic__nrfx.a(nrfx_gpiote.c.obj)
 .text.__nrfy_internal_gpiote_events_process.constprop.0
                0x0000000000008098       0x5c modules/hal_nordic/nrfx/libmodules__hal_nordic__nrfx.a(nrfx_gpiote.c.obj)
 .text.pin_uninit
                0x00000000000080f4       0x80 modules/hal_nordic/nrfx/libmodules__hal_nordic__nrfx.a(nrfx_gpiote.c.obj)
 .text.nrfx_gpiote_input_configure
                0x0000000000008174      0x174 modules/hal_nordic/nrfx/libmodules__hal_nordic__nrfx.a(nrfx_gpiote.c.obj)
                0x0000000000008174                nrfx_gpiote_input_configure
 .text.nrfx_gpiote_output_configure
                0x00000000000082e8       0xfc modules/hal_nordic/nrfx/libmodules__hal_nordic__nrfx.a(nrfx_gpiote.c.obj)
                0x00000000000082e8                nrfx_gpiote_output_configure
 .text.nrfx_gpiote_global_callback_set
                0x00000000000083e4        0xc modules/hal_nordic/nrfx/libmodules__hal_nordic__nrfx.a(nrfx_gpiote.c.obj)
                0x00000000000083e4                nrfx_gpiote_global_callback_set
 .text.nrfx_gpiote_channel_get
                0x00000000000083f0       0x34 modules/hal_nordic/nrfx/libmodules__hal_nordic__nrfx.a(nrfx_gpiote.c.obj)
                0x00000000000083f0                nrfx_gpiote_channel_get
 .text.nrfx_gpiote_init
                0x0000000000008424       0x68 modules/hal_nordic/nrfx/libmodules__hal_nordic__nrfx.a(nrfx_gpiote.c.obj)
                0x0000000000008424                nrfx_gpiote_init
 .text.nrfx_gpiote_init_check
                0x000000000000848c       0x14 modules/hal_nordic/nrfx/libmodules__hal_nordic__nrfx.a(nrfx_gpiote.c.obj)
                0x000000000000848c                nrfx_gpiote_init_check
 .text.nrfx_gpiote_channel_free
                0x00000000000084a0        0xc modules/hal_nordic/nrfx/libmodules__hal_nordic__nrfx.a(nrfx_gpiote.c.obj)
                0x00000000000084a0                nrfx_gpiote_channel_free
 .text.nrfx_gpiote_channel_alloc
                0x00000000000084ac        0xc modules/hal_nordic/nrfx/libmodules__hal_nordic__nrfx.a(nrfx_gpiote.c.obj)
                0x00000000000084ac                nrfx_gpiote_channel_alloc
 .text.nrfx_gpiote_trigger_enable
                0x00000000000084b8       0xb0 modules/hal_nordic/nrfx/libmodules__hal_nordic__nrfx.a(nrfx_gpiote.c.obj)
                0x00000000000084b8                nrfx_gpiote_trigger_enable
 .text.nrfx_gpiote_0_irq_handler
                0x0000000000008568      0x1bc modules/hal_nordic/nrfx/libmodules__hal_nordic__nrfx.a(nrfx_gpiote.c.obj)
                0x0000000000008568                nrfx_gpiote_0_irq_handler
 .text.nvmc_word_write
                0x0000000000008724       0x18 modules/hal_nordic/nrfx/libmodules__hal_nordic__nrfx.a(nrfx_nvmc.c.obj)
 .text.nrfx_nvmc_page_erase
                0x000000000000873c       0x40 modules/hal_nordic/nrfx/libmodules__hal_nordic__nrfx.a(nrfx_nvmc.c.obj)
                0x000000000000873c                nrfx_nvmc_page_erase
 .text.nrfx_nvmc_word_write
                0x000000000000877c       0x1c modules/hal_nordic/nrfx/libmodules__hal_nordic__nrfx.a(nrfx_nvmc.c.obj)
                0x000000000000877c                nrfx_nvmc_word_write
 .text.nrfx_ppi_channel_alloc
                0x0000000000008798        0xc modules/hal_nordic/nrfx/libmodules__hal_nordic__nrfx.a(nrfx_ppi.c.obj)
                0x0000000000008798                nrfx_ppi_channel_alloc
 .text.nrf_gpio_pin_port_decode
                0x00000000000087a4       0x20 modules/hal_nordic/nrfx/libmodules__hal_nordic__nrfx.a(nrfx_spi.c.obj)
 .text.nrf_gpio_cfg_output
                0x00000000000087c4       0x2c modules/hal_nordic/nrfx/libmodules__hal_nordic__nrfx.a(nrfx_spi.c.obj)
 .text.spi_configure
                0x00000000000087f0      0x120 modules/hal_nordic/nrfx/libmodules__hal_nordic__nrfx.a(nrfx_spi.c.obj)
 .text.nrf_gpio_cfg_default
                0x0000000000008910       0x2c modules/hal_nordic/nrfx/libmodules__hal_nordic__nrfx.a(nrfx_spi.c.obj)
 .text.nrfx_spi_init
                0x000000000000893c       0x68 modules/hal_nordic/nrfx/libmodules__hal_nordic__nrfx.a(nrfx_spi.c.obj)
                0x000000000000893c                nrfx_spi_init
 .text.nrfx_spi_uninit
                0x00000000000089a4       0x70 modules/hal_nordic/nrfx/libmodules__hal_nordic__nrfx.a(nrfx_spi.c.obj)
                0x00000000000089a4                nrfx_spi_uninit
 .text.nrfx_spi_xfer
                0x0000000000008a14       0xfc modules/hal_nordic/nrfx/libmodules__hal_nordic__nrfx.a(nrfx_spi.c.obj)
                0x0000000000008a14                nrfx_spi_xfer
 .text.nrfx_spi_0_irq_handler
                0x0000000000008b10       0x10 modules/hal_nordic/nrfx/libmodules__hal_nordic__nrfx.a(nrfx_spi.c.obj)
                0x0000000000008b10                nrfx_spi_0_irq_handler
 .text.nrfx_spi_1_irq_handler
                0x0000000000008b20       0x10 modules/hal_nordic/nrfx/libmodules__hal_nordic__nrfx.a(nrfx_spi.c.obj)
                0x0000000000008b20                nrfx_spi_1_irq_handler
 .text.nrf_gpio_pin_port_decode
                0x0000000000008b30       0x20 modules/hal_nordic/nrfx/libmodules__hal_nordic__nrfx.a(nrfx_spim.c.obj)
 .text.spim_abort
                0x0000000000008b50       0x74 modules/hal_nordic/nrfx/libmodules__hal_nordic__nrfx.a(nrfx_spim.c.obj)
 .text.spim_frequency_valid_check.constprop.0
                0x0000000000008bc4       0x64 modules/hal_nordic/nrfx/libmodules__hal_nordic__nrfx.a(nrfx_spim.c.obj)
 .text.pin_init
                0x0000000000008c28       0x50 modules/hal_nordic/nrfx/libmodules__hal_nordic__nrfx.a(nrfx_spim.c.obj)
 .text.spim_configure
                0x0000000000008c78      0x230 modules/hal_nordic/nrfx/libmodules__hal_nordic__nrfx.a(nrfx_spim.c.obj)
 .text.spim_pin_uninit
                0x0000000000008ea8       0x30 modules/hal_nordic/nrfx/libmodules__hal_nordic__nrfx.a(nrfx_spim.c.obj)
 .text.nrfx_spim_init
                0x0000000000008ed8       0x68 modules/hal_nordic/nrfx/libmodules__hal_nordic__nrfx.a(nrfx_spim.c.obj)
                0x0000000000008ed8                nrfx_spim_init
 .text.nrfx_spim_uninit
                0x0000000000008f40       0x9c modules/hal_nordic/nrfx/libmodules__hal_nordic__nrfx.a(nrfx_spim.c.obj)
                0x0000000000008f40                nrfx_spim_uninit
 .text.nrfx_spim_xfer
                0x0000000000008fdc      0x1d4 modules/hal_nordic/nrfx/libmodules__hal_nordic__nrfx.a(nrfx_spim.c.obj)
                0x0000000000008fdc                nrfx_spim_xfer
 .text.nrfx_spim_3_irq_handler
                0x00000000000091b0       0x64 modules/hal_nordic/nrfx/libmodules__hal_nordic__nrfx.a(nrfx_spim.c.obj)
                0x00000000000091b0                nrfx_spim_3_irq_handler
 .text.wdt_configure
                0x0000000000009214       0x50 modules/hal_nordic/nrfx/libmodules__hal_nordic__nrfx.a(nrfx_wdt.c.obj)
 .text.nrfx_wdt_init
                0x0000000000009264       0x34 modules/hal_nordic/nrfx/libmodules__hal_nordic__nrfx.a(nrfx_wdt.c.obj)
                0x0000000000009264                nrfx_wdt_init
 .text.nrfx_wdt_reconfigure
                0x0000000000009298       0x34 modules/hal_nordic/nrfx/libmodules__hal_nordic__nrfx.a(nrfx_wdt.c.obj)
                0x0000000000009298                nrfx_wdt_reconfigure
 .text.nrfx_wdt_enable
                0x00000000000092cc       0x18 modules/hal_nordic/nrfx/libmodules__hal_nordic__nrfx.a(nrfx_wdt.c.obj)
                0x00000000000092cc                nrfx_wdt_enable
 .text.nrfx_wdt_channel_alloc
                0x00000000000092e4       0x54 modules/hal_nordic/nrfx/libmodules__hal_nordic__nrfx.a(nrfx_wdt.c.obj)
                0x00000000000092e4                nrfx_wdt_channel_alloc
 .text.nrfx_wdt_channel_feed
                0x0000000000009338       0x14 modules/hal_nordic/nrfx/libmodules__hal_nordic__nrfx.a(nrfx_wdt.c.obj)
                0x0000000000009338                nrfx_wdt_channel_feed
 .text.nrfx_wdt_0_irq_handler
                0x000000000000934c       0x38 modules/hal_nordic/nrfx/libmodules__hal_nordic__nrfx.a(nrfx_wdt.c.obj)
                0x000000000000934c                nrfx_wdt_0_irq_handler
 .text.lfs_dir_traverse_filter
                0x0000000000009384       0x70 modules/littlefs/libmodules__littlefs.a(lfs.c.obj)
 .text.lfs_dir_getslice
                0x00000000000093f4      0x124 modules/littlefs/libmodules__littlefs.a(lfs.c.obj)
 .text.lfs_dir_getgstate
                0x0000000000009518       0x34 modules/littlefs/libmodules__littlefs.a(lfs.c.obj)
 .text.lfs_dir_getinfo
                0x000000000000954c       0x90 modules/littlefs/libmodules__littlefs.a(lfs.c.obj)
 .text.lfs_dir_traverse.constprop.0
                0x00000000000095dc      0x298 modules/littlefs/libmodules__littlefs.a(lfs.c.obj)
 .text.lfs_dir_getread.constprop.0
                0x0000000000009874       0xc4 modules/littlefs/libmodules__littlefs.a(lfs.c.obj)
 .text.lfs_dir_fetchmatch
                0x0000000000009938      0x444 modules/littlefs/libmodules__littlefs.a(lfs.c.obj)
 .text.lfs_fs_parent
                0x0000000000009d7c       0xd0 modules/littlefs/libmodules__littlefs.a(lfs.c.obj)
 .text.lfs_dir_find
                0x0000000000009e4c      0x150 modules/littlefs/libmodules__littlefs.a(lfs.c.obj)
 .text.lfs_fs_pred
                0x0000000000009f9c       0xb0 modules/littlefs/libmodules__littlefs.a(lfs.c.obj)
 .text.lfs_file_flushedread
                0x000000000000a04c       0xd8 modules/littlefs/libmodules__littlefs.a(lfs.c.obj)
 .text.lfs_fs_traverse_
                0x000000000000a124      0x198 modules/littlefs/libmodules__littlefs.a(lfs.c.obj)
 .text.lfs_alloc_scan
                0x000000000000a2bc       0x50 modules/littlefs/libmodules__littlefs.a(lfs.c.obj)
 .text.lfs_alloc
                0x000000000000a30c       0xb8 modules/littlefs/libmodules__littlefs.a(lfs.c.obj)
 .text.lfs_fs_size_
                0x000000000000a3c4       0x1c modules/littlefs/libmodules__littlefs.a(lfs.c.obj)
 .text.lfs_file_relocate
                0x000000000000a3e0       0xe8 modules/littlefs/libmodules__littlefs.a(lfs.c.obj)
 .text.lfs_dir_commitcrc
                0x000000000000a4c8      0x1e8 modules/littlefs/libmodules__littlefs.a(lfs.c.obj)
 .text.lfs_dir_compact
                0x000000000000a6b0      0x218 modules/littlefs/libmodules__littlefs.a(lfs.c.obj)
 .text.lfs_dir_relocatingcommit
                0x000000000000a8c8      0x440 modules/littlefs/libmodules__littlefs.a(lfs.c.obj)
 .text.lfs_dir_orphaningcommit
                0x000000000000ad08      0x308 modules/littlefs/libmodules__littlefs.a(lfs.c.obj)
 .text.lfs_fs_deorphan
                0x000000000000b010      0x16c modules/littlefs/libmodules__littlefs.a(lfs.c.obj)
 .text.lfs_fs_forceconsistency
                0x000000000000b17c       0xb8 modules/littlefs/libmodules__littlefs.a(lfs.c.obj)
 .text.lfs_dir_drop
                0x000000000000b234       0x3c modules/littlefs/libmodules__littlefs.a(lfs.c.obj)
 .text.lfs_file_opencfg_
                0x000000000000b270      0x23c modules/littlefs/libmodules__littlefs.a(lfs.c.obj)
 .text.lfs_format
                0x000000000000b4ac       0xc8 modules/littlefs/libmodules__littlefs.a(lfs.c.obj)
                0x000000000000b4ac                lfs_format
 .text.lfs_mount
                0x000000000000b574      0x270 modules/littlefs/libmodules__littlefs.a(lfs.c.obj)
                0x000000000000b574                lfs_mount
 .text.lfs_remove
                0x000000000000b7e4       0xdc modules/littlefs/libmodules__littlefs.a(lfs.c.obj)
                0x000000000000b7e4                lfs_remove
 .text.lfs_rename
                0x000000000000b8c0      0x264 modules/littlefs/libmodules__littlefs.a(lfs.c.obj)
                0x000000000000b8c0                lfs_rename
 .text.lfs_mkdir
                0x000000000000bb24      0x148 modules/littlefs/libmodules__littlefs.a(lfs.c.obj)
                0x000000000000bb24                lfs_mkdir
 .text.lfs_dir_open
                0x000000000000bc6c       0x84 modules/littlefs/libmodules__littlefs.a(lfs.c.obj)
                0x000000000000bc6c                lfs_dir_open
 .text.lfs_dir_read
                0x000000000000bcf0       0x94 modules/littlefs/libmodules__littlefs.a(lfs.c.obj)
                0x000000000000bcf0                lfs_dir_read
 .text.lfs_crc  0x000000000000bd84       0x38 modules/littlefs/libmodules__littlefs.a(zephyr_lfs_crc.c.obj)
                0x000000000000bd84                lfs_crc
 .text._DoInit  0x000000000000bdbc       0x60 modules/segger/libmodules__segger.a(SEGGER_RTT.c.obj)
 .text.SEGGER_RTT_WriteSkipNoLock
                0x000000000000be1c       0x88 modules/segger/libmodules__segger.a(SEGGER_RTT.c.obj)
                0x000000000000be1c                SEGGER_RTT_WriteSkipNoLock
 .text.SEGGER_RTT_WriteNoLock
                0x000000000000bea4       0x58 modules/segger/libmodules__segger.a(SEGGER_RTT.c.obj)
                0x000000000000bea4                SEGGER_RTT_WriteNoLock
 .text.SEGGER_RTT_Write
                0x000000000000befc       0x30 modules/segger/libmodules__segger.a(SEGGER_RTT.c.obj)
                0x000000000000befc                SEGGER_RTT_Write
 .text.SEGGER_RTT_HasDataUp
                0x000000000000bf2c       0x14 modules/segger/libmodules__segger.a(SEGGER_RTT.c.obj)
                0x000000000000bf2c                SEGGER_RTT_HasDataUp
 .text.zephyr_rtt_mutex_lock
                0x000000000000bf40       0x14 modules/segger/libmodules__segger.a(SEGGER_RTT_zephyr.c.obj)
                0x000000000000bf40                zephyr_rtt_mutex_lock
 .text.zephyr_rtt_mutex_unlock
                0x000000000000bf54        0xc modules/segger/libmodules__segger.a(SEGGER_RTT_zephyr.c.obj)
                0x000000000000bf54                zephyr_rtt_mutex_unlock
 .text.k_sys_fatal_error_handler
                0x000000000000bf60       0x2c zephyr/kernel/libkernel.a(fatal.c.obj)
                0x000000000000bf60                k_sys_fatal_error_handler
 .text.z_fatal_error
                0x000000000000bf8c       0xcc zephyr/kernel/libkernel.a(fatal.c.obj)
                0x000000000000bf8c                z_fatal_error
 .text.z_sys_init_run_level
                0x000000000000c058       0x2c zephyr/kernel/libkernel.a(init.c.obj)
 .text.bg_thread_main
                0x000000000000c084       0xc4 zephyr/kernel/libkernel.a(init.c.obj)
 .text.z_bss_zero
                0x000000000000c148       0x18 zephyr/kernel/libkernel.a(init.c.obj)
                0x000000000000c148                z_bss_zero
 .text.z_init_cpu
                0x000000000000c160       0x70 zephyr/kernel/libkernel.a(init.c.obj)
                0x000000000000c160                z_init_cpu
 .text.z_cstart
                0x000000000000c1d0       0xe4 zephyr/kernel/libkernel.a(init.c.obj)
                0x000000000000c1d0                z_cstart
 .text.statics_init
                0x000000000000c2b4       0x24 zephyr/kernel/libkernel.a(kheap.c.obj)
 .text.init_mem_slab_obj_core_list
                0x000000000000c2d8       0x24 zephyr/kernel/libkernel.a(mem_slab.c.obj)
 .text.k_mem_slab_alloc
                0x000000000000c2fc       0x5c zephyr/kernel/libkernel.a(mem_slab.c.obj)
                0x000000000000c2fc                k_mem_slab_alloc
 .text.z_impl_k_mutex_lock
                0x000000000000c358       0xf0 zephyr/kernel/libkernel.a(mutex.c.obj)
                0x000000000000c358                z_impl_k_mutex_lock
 .text.z_impl_k_mutex_unlock
                0x000000000000c448       0x78 zephyr/kernel/libkernel.a(mutex.c.obj)
                0x000000000000c448                z_impl_k_mutex_unlock
 .text.z_impl_k_sem_give
                0x000000000000c4c0       0x48 zephyr/kernel/libkernel.a(sem.c.obj)
                0x000000000000c4c0                z_impl_k_sem_give
 .text.z_impl_k_sem_take
                0x000000000000c508       0x4c zephyr/kernel/libkernel.a(sem.c.obj)
                0x000000000000c508                z_impl_k_sem_take
 .text.z_impl_k_sem_reset
                0x000000000000c554       0x38 zephyr/kernel/libkernel.a(sem.c.obj)
                0x000000000000c554                z_impl_k_sem_reset
 .text.z_setup_new_thread
                0x000000000000c58c       0x98 zephyr/kernel/libkernel.a(thread.c.obj)
                0x000000000000c58c                z_setup_new_thread
 .text.update_cache
                0x000000000000c624       0x3c zephyr/kernel/libkernel.a(sched.c.obj)
 .text.unready_thread
                0x000000000000c660       0x30 zephyr/kernel/libkernel.a(sched.c.obj)
 .text.ready_thread
                0x000000000000c690       0x68 zephyr/kernel/libkernel.a(sched.c.obj)
 .text.z_thread_halt
                0x000000000000c6f8       0xf4 zephyr/kernel/libkernel.a(sched.c.obj)
 .text.move_thread_to_end_of_prio_q
                0x000000000000c7ec       0x74 zephyr/kernel/libkernel.a(sched.c.obj)
                0x000000000000c7ec                move_thread_to_end_of_prio_q
 .text.z_pend_curr
                0x000000000000c860       0x58 zephyr/kernel/libkernel.a(sched.c.obj)
                0x000000000000c860                z_pend_curr
 .text.z_thread_prio_set
                0x000000000000c8b8       0x88 zephyr/kernel/libkernel.a(sched.c.obj)
                0x000000000000c8b8                z_thread_prio_set
 .text.z_reschedule
                0x000000000000c940       0x24 zephyr/kernel/libkernel.a(sched.c.obj)
                0x000000000000c940                z_reschedule
 .text.z_sched_start
                0x000000000000c964       0x3c zephyr/kernel/libkernel.a(sched.c.obj)
                0x000000000000c964                z_sched_start
 .text.z_reschedule_irqlock
                0x000000000000c9a0       0x28 zephyr/kernel/libkernel.a(sched.c.obj)
                0x000000000000c9a0                z_reschedule_irqlock
 .text.k_sched_lock
                0x000000000000c9c8       0x28 zephyr/kernel/libkernel.a(sched.c.obj)
                0x000000000000c9c8                k_sched_lock
 .text.k_sched_unlock
                0x000000000000c9f0       0x40 zephyr/kernel/libkernel.a(sched.c.obj)
                0x000000000000c9f0                k_sched_unlock
 .text.z_sched_init
                0x000000000000ca30       0x10 zephyr/kernel/libkernel.a(sched.c.obj)
                0x000000000000ca30                z_sched_init
 .text.z_impl_k_yield
                0x000000000000ca40       0x7c zephyr/kernel/libkernel.a(sched.c.obj)
                0x000000000000ca40                z_impl_k_yield
 .text.z_tick_sleep
                0x000000000000cabc       0x88 zephyr/kernel/libkernel.a(sched.c.obj)
 .text.z_impl_k_sleep
                0x000000000000cb44       0x3c zephyr/kernel/libkernel.a(sched.c.obj)
                0x000000000000cb44                z_impl_k_sleep
 .text.z_impl_k_sched_current_thread_query
                0x000000000000cb80        0xc zephyr/kernel/libkernel.a(sched.c.obj)
                0x000000000000cb80                z_impl_k_sched_current_thread_query
 .text.slice_timeout
                0x000000000000cb8c       0x20 zephyr/kernel/libkernel.a(timeslicing.c.obj)
 .text.thread_is_sliceable
                0x000000000000cbac       0x3c zephyr/kernel/libkernel.a(timeslicing.c.obj)
                0x000000000000cbac                thread_is_sliceable
 .text.z_reset_time_slice
                0x000000000000cbe8       0x50 zephyr/kernel/libkernel.a(timeslicing.c.obj)
                0x000000000000cbe8                z_reset_time_slice
 .text.z_time_slice
                0x000000000000cc38       0x60 zephyr/kernel/libkernel.a(timeslicing.c.obj)
                0x000000000000cc38                z_time_slice
 .text.z_data_copy
                0x000000000000cc98       0x34 zephyr/kernel/libkernel.a(xip.c.obj)
                0x000000000000cc98                z_data_copy
 .text.elapsed  0x000000000000cccc       0x14 zephyr/kernel/libkernel.a(timeout.c.obj)
 .text.remove_timeout
                0x000000000000cce0       0x38 zephyr/kernel/libkernel.a(timeout.c.obj)
 .text.next_timeout
                0x000000000000cd18       0x40 zephyr/kernel/libkernel.a(timeout.c.obj)
 .text.z_add_timeout
                0x000000000000cd58       0xf4 zephyr/kernel/libkernel.a(timeout.c.obj)
                0x000000000000cd58                z_add_timeout
 .text.sys_clock_announce
                0x000000000000ce4c       0xd0 zephyr/kernel/libkernel.a(timeout.c.obj)
                0x000000000000ce4c                sys_clock_announce
 .text.sys_clock_tick_get
                0x000000000000cf1c       0x30 zephyr/kernel/libkernel.a(timeout.c.obj)
                0x000000000000cf1c                sys_clock_tick_get
 .text.z_timer_expiration_handler
                0x000000000000cf4c       0xe0 zephyr/kernel/libkernel.a(timer.c.obj)
                0x000000000000cf4c                z_timer_expiration_handler
 .text.z_impl_k_timer_start
                0x000000000000d02c       0x74 zephyr/kernel/libkernel.a(timer.c.obj)
                0x000000000000d02c                z_impl_k_timer_start
 .text.k_thread_system_pool_assign
                0x000000000000d0a0        0xc zephyr/kernel/libkernel.a(mempool.c.obj)
                0x000000000000d0a0                k_thread_system_pool_assign
 .text.nrf_cc3xx_platform_init_no_rng
                0x000000000000d0ac       0x38 /home/abdullah/ncs/v2.9.0/nrfxlib/crypto/nrf_cc310_platform/lib/cortex-m4/hard-float/no-interrupts/libnrf_cc310_platform_0.9.19.a(nrf_cc3xx_platform.c.obj)
                0x000000000000d0ac                nrf_cc3xx_platform_init_no_rng
 .text.nrf_cc3xx_platform_abort
                0x000000000000d0e4       0x24 /home/abdullah/ncs/v2.9.0/nrfxlib/crypto/nrf_cc310_platform/lib/cortex-m4/hard-float/no-interrupts/libnrf_cc310_platform_0.9.19.a(nrf_cc3xx_platform_abort.c.obj)
 .text.CC_PalAbort
                0x000000000000d108       0x38 /home/abdullah/ncs/v2.9.0/nrfxlib/crypto/nrf_cc310_platform/lib/cortex-m4/hard-float/no-interrupts/libnrf_cc310_platform_0.9.19.a(nrf_cc3xx_platform_abort.c.obj)
                0x000000000000d108                CC_PalAbort
 .text.nrf_cc3xx_platform_set_abort
                0x000000000000d140       0x10 /home/abdullah/ncs/v2.9.0/nrfxlib/crypto/nrf_cc310_platform/lib/cortex-m4/hard-float/no-interrupts/libnrf_cc310_platform_0.9.19.a(nrf_cc3xx_platform_abort.c.obj)
                0x000000000000d140                nrf_cc3xx_platform_set_abort
 .text.mutex_free
                0x000000000000d150       0x34 /home/abdullah/ncs/v2.9.0/nrfxlib/crypto/nrf_cc310_platform/lib/cortex-m4/hard-float/no-interrupts/libnrf_cc310_platform_0.9.19.a(nrf_cc3xx_platform_mutex.c.obj)
 .text.mutex_lock
                0x000000000000d184       0x48 /home/abdullah/ncs/v2.9.0/nrfxlib/crypto/nrf_cc310_platform/lib/cortex-m4/hard-float/no-interrupts/libnrf_cc310_platform_0.9.19.a(nrf_cc3xx_platform_mutex.c.obj)
 .text.mutex_unlock
                0x000000000000d1cc       0x38 /home/abdullah/ncs/v2.9.0/nrfxlib/crypto/nrf_cc310_platform/lib/cortex-m4/hard-float/no-interrupts/libnrf_cc310_platform_0.9.19.a(nrf_cc3xx_platform_mutex.c.obj)
 .text.mutex_init
                0x000000000000d204       0x20 /home/abdullah/ncs/v2.9.0/nrfxlib/crypto/nrf_cc310_platform/lib/cortex-m4/hard-float/no-interrupts/libnrf_cc310_platform_0.9.19.a(nrf_cc3xx_platform_mutex.c.obj)
 .text.nrf_cc3xx_platform_set_mutexes
                0x000000000000d224       0x6c /home/abdullah/ncs/v2.9.0/nrfxlib/crypto/nrf_cc310_platform/lib/cortex-m4/hard-float/no-interrupts/libnrf_cc310_platform_0.9.19.a(nrf_cc3xx_platform_mutex.c.obj)
                0x000000000000d224                nrf_cc3xx_platform_set_mutexes
 .text.CC_LibInitNoRng
                0x000000000000d290       0x64 /home/abdullah/ncs/v2.9.0/nrfxlib/crypto/nrf_cc310_platform/lib/cortex-m4/hard-float/no-interrupts/libnrf_cc310_platform_0.9.19.a(cc_lib.c.obj)
                0x000000000000d290                CC_LibInitNoRng
 .text.CC_HalInit
                0x000000000000d2f4        0x4 /home/abdullah/ncs/v2.9.0/nrfxlib/crypto/nrf_cc310_platform/lib/cortex-m4/hard-float/no-interrupts/libnrf_cc310_platform_0.9.19.a(cc_hal.c.obj)
                0x000000000000d2f4                CC_HalInit
 .text.CC_HalTerminate
                0x000000000000d2f8        0x4 /home/abdullah/ncs/v2.9.0/nrfxlib/crypto/nrf_cc310_platform/lib/cortex-m4/hard-float/no-interrupts/libnrf_cc310_platform_0.9.19.a(cc_hal.c.obj)
                0x000000000000d2f8                CC_HalTerminate
 .text.CC_HalMaskInterrupt
                0x000000000000d2fc        0xc /home/abdullah/ncs/v2.9.0/nrfxlib/crypto/nrf_cc310_platform/lib/cortex-m4/hard-float/no-interrupts/libnrf_cc310_platform_0.9.19.a(cc_hal.c.obj)
                0x000000000000d2fc                CC_HalMaskInterrupt
 .text.CC_PalInit
                0x000000000000d308       0x5c /home/abdullah/ncs/v2.9.0/nrfxlib/crypto/nrf_cc310_platform/lib/cortex-m4/hard-float/no-interrupts/libnrf_cc310_platform_0.9.19.a(cc_pal.c.obj)
                0x000000000000d308                CC_PalInit
 .text.CC_PalTerminate
                0x000000000000d364       0x34 /home/abdullah/ncs/v2.9.0/nrfxlib/crypto/nrf_cc310_platform/lib/cortex-m4/hard-float/no-interrupts/libnrf_cc310_platform_0.9.19.a(cc_pal.c.obj)
                0x000000000000d364                CC_PalTerminate
 .text.CC_PalDmaInit
                0x000000000000d398        0x4 /home/abdullah/ncs/v2.9.0/nrfxlib/crypto/nrf_cc310_platform/lib/cortex-m4/hard-float/no-interrupts/libnrf_cc310_platform_0.9.19.a(cc_pal_dma.c.obj)
                0x000000000000d398                CC_PalDmaInit
 .text.CC_PalDmaTerminate
                0x000000000000d39c        0x4 /home/abdullah/ncs/v2.9.0/nrfxlib/crypto/nrf_cc310_platform/lib/cortex-m4/hard-float/no-interrupts/libnrf_cc310_platform_0.9.19.a(cc_pal_dma.c.obj)
                0x000000000000d39c                CC_PalDmaTerminate
 .text.CC_PalMutexCreate
                0x000000000000d3a0       0x14 /home/abdullah/ncs/v2.9.0/nrfxlib/crypto/nrf_cc310_platform/lib/cortex-m4/hard-float/no-interrupts/libnrf_cc310_platform_0.9.19.a(cc_pal_mutex.c.obj)
                0x000000000000d3a0                CC_PalMutexCreate
 .text.CC_PalMutexDestroy
                0x000000000000d3b4       0x14 /home/abdullah/ncs/v2.9.0/nrfxlib/crypto/nrf_cc310_platform/lib/cortex-m4/hard-float/no-interrupts/libnrf_cc310_platform_0.9.19.a(cc_pal_mutex.c.obj)
                0x000000000000d3b4                CC_PalMutexDestroy
 .text.CC_PalPowerSaveModeInit
                0x000000000000d3c8       0x3c /home/abdullah/ncs/v2.9.0/nrfxlib/crypto/nrf_cc310_platform/lib/cortex-m4/hard-float/no-interrupts/libnrf_cc310_platform_0.9.19.a(cc_pal_pm.c.obj)
                0x000000000000d3c8                CC_PalPowerSaveModeInit
 .text.CC_PalPowerSaveModeSelect
                0x000000000000d404       0x84 /home/abdullah/ncs/v2.9.0/nrfxlib/crypto/nrf_cc310_platform/lib/cortex-m4/hard-float/no-interrupts/libnrf_cc310_platform_0.9.19.a(cc_pal_pm.c.obj)
                0x000000000000d404                CC_PalPowerSaveModeSelect
 .text.malloc   0x000000000000d488       0x10 /home/abdullah/ncs/toolchains/b77d8c1312/opt/zephyr-sdk/arm-zephyr-eabi/arm-zephyr-eabi/lib/thumb/v7e-m+fp/hard/libc_nano.a(lib_a-malloc.o)
                0x000000000000d488                malloc
 .text.free     0x000000000000d498       0x10 /home/abdullah/ncs/toolchains/b77d8c1312/opt/zephyr-sdk/arm-zephyr-eabi/arm-zephyr-eabi/lib/thumb/v7e-m+fp/hard/libc_nano.a(lib_a-malloc.o)
                0x000000000000d498                free
 .text._free_r  0x000000000000d4a8       0x94 /home/abdullah/ncs/toolchains/b77d8c1312/opt/zephyr-sdk/arm-zephyr-eabi/arm-zephyr-eabi/lib/thumb/v7e-m+fp/hard/libc_nano.a(lib_a-nano-freer.o)
                0x000000000000d4a8                _free_r
 .text._malloc_r
                0x000000000000d53c       0xb4 /home/abdullah/ncs/toolchains/b77d8c1312/opt/zephyr-sdk/arm-zephyr-eabi/arm-zephyr-eabi/lib/thumb/v7e-m+fp/hard/libc_nano.a(lib_a-nano-mallocr.o)
                0x000000000000d53c                _malloc_r
 .text._printf_float
                0x000000000000d5f0      0x464 /home/abdullah/ncs/toolchains/b77d8c1312/opt/zephyr-sdk/arm-zephyr-eabi/arm-zephyr-eabi/lib/thumb/v7e-m+fp/hard/libc_nano.a(lib_a-nano-vfprintf_float.o)
                0x000000000000d5f0                _printf_float
 .text._printf_i
                0x000000000000da54      0x25c /home/abdullah/ncs/toolchains/b77d8c1312/opt/zephyr-sdk/arm-zephyr-eabi/arm-zephyr-eabi/lib/thumb/v7e-m+fp/hard/libc_nano.a(lib_a-nano-vfprintf_i.o)
                0x000000000000da54                _printf_i
 .text._sbrk_r  0x000000000000dcb0       0x20 /home/abdullah/ncs/toolchains/b77d8c1312/opt/zephyr-sdk/arm-zephyr-eabi/arm-zephyr-eabi/lib/thumb/v7e-m+fp/hard/libc_nano.a(lib_a-sbrkr.o)
                0x000000000000dcb0                _sbrk_r
 .text._localeconv_r
                0x000000000000dcd0        0x8 /home/abdullah/ncs/toolchains/b77d8c1312/opt/zephyr-sdk/arm-zephyr-eabi/arm-zephyr-eabi/lib/thumb/v7e-m+fp/hard/libc_nano.a(lib_a-localeconv.o)
                0x000000000000dcd0                _localeconv_r
 .text.__malloc_lock
                0x000000000000dcd8        0xc /home/abdullah/ncs/toolchains/b77d8c1312/opt/zephyr-sdk/arm-zephyr-eabi/arm-zephyr-eabi/lib/thumb/v7e-m+fp/hard/libc_nano.a(lib_a-mlock.o)
                0x000000000000dcd8                __malloc_lock
 .text.__malloc_unlock
                0x000000000000dce4        0xc /home/abdullah/ncs/toolchains/b77d8c1312/opt/zephyr-sdk/arm-zephyr-eabi/arm-zephyr-eabi/lib/thumb/v7e-m+fp/hard/libc_nano.a(lib_a-mlock.o)
                0x000000000000dce4                __malloc_unlock
 .text._Balloc  0x000000000000dcf0       0x80 /home/abdullah/ncs/toolchains/b77d8c1312/opt/zephyr-sdk/arm-zephyr-eabi/arm-zephyr-eabi/lib/thumb/v7e-m+fp/hard/libc_nano.a(lib_a-mprec.o)
                0x000000000000dcf0                _Balloc
 .text._Bfree   0x000000000000dd70       0x44 /home/abdullah/ncs/toolchains/b77d8c1312/opt/zephyr-sdk/arm-zephyr-eabi/arm-zephyr-eabi/lib/thumb/v7e-m+fp/hard/libc_nano.a(lib_a-mprec.o)
                0x000000000000dd70                _Bfree
 .text.__multadd
                0x000000000000ddb4       0x8c /home/abdullah/ncs/toolchains/b77d8c1312/opt/zephyr-sdk/arm-zephyr-eabi/arm-zephyr-eabi/lib/thumb/v7e-m+fp/hard/libc_nano.a(lib_a-mprec.o)
                0x000000000000ddb4                __multadd
 .text.__i2b    0x000000000000de40       0x2c /home/abdullah/ncs/toolchains/b77d8c1312/opt/zephyr-sdk/arm-zephyr-eabi/arm-zephyr-eabi/lib/thumb/v7e-m+fp/hard/libc_nano.a(lib_a-mprec.o)
                0x000000000000de40                __i2b
 .text.__multiply
                0x000000000000de6c      0x154 /home/abdullah/ncs/toolchains/b77d8c1312/opt/zephyr-sdk/arm-zephyr-eabi/arm-zephyr-eabi/lib/thumb/v7e-m+fp/hard/libc_nano.a(lib_a-mprec.o)
                0x000000000000de6c                __multiply
 .text.__pow5mult
                0x000000000000dfc0       0xb4 /home/abdullah/ncs/toolchains/b77d8c1312/opt/zephyr-sdk/arm-zephyr-eabi/arm-zephyr-eabi/lib/thumb/v7e-m+fp/hard/libc_nano.a(lib_a-mprec.o)
                0x000000000000dfc0                __pow5mult
 .text.__lshift
                0x000000000000e074       0xd8 /home/abdullah/ncs/toolchains/b77d8c1312/opt/zephyr-sdk/arm-zephyr-eabi/arm-zephyr-eabi/lib/thumb/v7e-m+fp/hard/libc_nano.a(lib_a-mprec.o)
                0x000000000000e074                __lshift
 .text.__mdiff  0x000000000000e14c      0x128 /home/abdullah/ncs/toolchains/b77d8c1312/opt/zephyr-sdk/arm-zephyr-eabi/arm-zephyr-eabi/lib/thumb/v7e-m+fp/hard/libc_nano.a(lib_a-mprec.o)
                0x000000000000e14c                __mdiff
 .text.__d2b    0x000000000000e274       0xb0 /home/abdullah/ncs/toolchains/b77d8c1312/opt/zephyr-sdk/arm-zephyr-eabi/arm-zephyr-eabi/lib/thumb/v7e-m+fp/hard/libc_nano.a(lib_a-mprec.o)
                0x000000000000e274                __d2b
 .text.__assert_func
                0x000000000000e324       0x3c /home/abdullah/ncs/toolchains/b77d8c1312/opt/zephyr-sdk/arm-zephyr-eabi/arm-zephyr-eabi/lib/thumb/v7e-m+fp/hard/libc_nano.a(lib_a-assert.o)
                0x000000000000e324                __assert_func
 .text.fprintf  0x000000000000e360       0x24 /home/abdullah/ncs/toolchains/b77d8c1312/opt/zephyr-sdk/arm-zephyr-eabi/arm-zephyr-eabi/lib/thumb/v7e-m+fp/hard/libc_nano.a(lib_a-fprintf.o)
                0x000000000000e360                fprintf
                0x000000000000e360                fiprintf
 .text._vfprintf_r
                0x000000000000e384      0x258 /home/abdullah/ncs/toolchains/b77d8c1312/opt/zephyr-sdk/arm-zephyr-eabi/arm-zephyr-eabi/lib/thumb/v7e-m+fp/hard/libc_nano.a(lib_a-nano-vfprintf.o)
                0x000000000000e384                _vfiprintf_r
                0x000000000000e384                _vfprintf_r
 .text.__swbuf_r
                0x000000000000e5dc       0xa4 /home/abdullah/ncs/toolchains/b77d8c1312/opt/zephyr-sdk/arm-zephyr-eabi/arm-zephyr-eabi/lib/thumb/v7e-m+fp/hard/libc_nano.a(lib_a-wbuf.o)
                0x000000000000e5dc                __swbuf_r
 .text.__swsetup_r
                0x000000000000e680       0xd8 /home/abdullah/ncs/toolchains/b77d8c1312/opt/zephyr-sdk/arm-zephyr-eabi/arm-zephyr-eabi/lib/thumb/v7e-m+fp/hard/libc_nano.a(lib_a-wsetup.o)
                0x000000000000e680                __swsetup_r
 .text._fflush_r
                0x000000000000e758       0x78 /home/abdullah/ncs/toolchains/b77d8c1312/opt/zephyr-sdk/arm-zephyr-eabi/arm-zephyr-eabi/lib/thumb/v7e-m+fp/hard/libc_nano.a(lib_a-fflush.o)
                0x000000000000e758                _fflush_r
 .text.std      0x000000000000e7d0       0x48 /home/abdullah/ncs/toolchains/b77d8c1312/opt/zephyr-sdk/arm-zephyr-eabi/arm-zephyr-eabi/lib/thumb/v7e-m+fp/hard/libc_nano.a(lib_a-findfp.o)
 .text._cleanup_r
                0x000000000000e818        0xc /home/abdullah/ncs/toolchains/b77d8c1312/opt/zephyr-sdk/arm-zephyr-eabi/arm-zephyr-eabi/lib/thumb/v7e-m+fp/hard/libc_nano.a(lib_a-findfp.o)
                0x000000000000e818                _cleanup_r
 .text.__sfp_lock_acquire
                0x000000000000e824        0xc /home/abdullah/ncs/toolchains/b77d8c1312/opt/zephyr-sdk/arm-zephyr-eabi/arm-zephyr-eabi/lib/thumb/v7e-m+fp/hard/libc_nano.a(lib_a-findfp.o)
                0x000000000000e824                __sfp_lock_acquire
 .text.__sfp_lock_release
                0x000000000000e830        0xc /home/abdullah/ncs/toolchains/b77d8c1312/opt/zephyr-sdk/arm-zephyr-eabi/arm-zephyr-eabi/lib/thumb/v7e-m+fp/hard/libc_nano.a(lib_a-findfp.o)
                0x000000000000e830                __sfp_lock_release
 .text.__sinit_lock_acquire
                0x000000000000e83c        0xc /home/abdullah/ncs/toolchains/b77d8c1312/opt/zephyr-sdk/arm-zephyr-eabi/arm-zephyr-eabi/lib/thumb/v7e-m+fp/hard/libc_nano.a(lib_a-findfp.o)
                0x000000000000e83c                __sinit_lock_acquire
 .text.__sinit_lock_release
                0x000000000000e848        0xc /home/abdullah/ncs/toolchains/b77d8c1312/opt/zephyr-sdk/arm-zephyr-eabi/arm-zephyr-eabi/lib/thumb/v7e-m+fp/hard/libc_nano.a(lib_a-findfp.o)
                0x000000000000e848                __sinit_lock_release
 .text.__sinit  0x000000000000e854       0x70 /home/abdullah/ncs/toolchains/b77d8c1312/opt/zephyr-sdk/arm-zephyr-eabi/arm-zephyr-eabi/lib/thumb/v7e-m+fp/hard/libc_nano.a(lib_a-findfp.o)
                0x000000000000e854                __sinit
 .text.__sfp    0x000000000000e8c4       0x8c /home/abdullah/ncs/toolchains/b77d8c1312/opt/zephyr-sdk/arm-zephyr-eabi/arm-zephyr-eabi/lib/thumb/v7e-m+fp/hard/libc_nano.a(lib_a-findfp.o)
                0x000000000000e8c4                __sfp
 .text.__smakebuf_r
                0x000000000000e950       0x80 /home/abdullah/ncs/toolchains/b77d8c1312/opt/zephyr-sdk/arm-zephyr-eabi/arm-zephyr-eabi/lib/thumb/v7e-m+fp/hard/libc_nano.a(lib_a-makebuf.o)
                0x000000000000e950                __smakebuf_r
 .text._write_r
                0x000000000000e9d0       0x24 /home/abdullah/ncs/toolchains/b77d8c1312/opt/zephyr-sdk/arm-zephyr-eabi/arm-zephyr-eabi/lib/thumb/v7e-m+fp/hard/libc_nano.a(lib_a-writer.o)
                0x000000000000e9d0                _write_r
 .text._close_r
                0x000000000000e9f4       0x20 /home/abdullah/ncs/toolchains/b77d8c1312/opt/zephyr-sdk/arm-zephyr-eabi/arm-zephyr-eabi/lib/thumb/v7e-m+fp/hard/libc_nano.a(lib_a-closer.o)
                0x000000000000e9f4                _close_r
 .text._fstat_r
                0x000000000000ea14       0x24 /home/abdullah/ncs/toolchains/b77d8c1312/opt/zephyr-sdk/arm-zephyr-eabi/arm-zephyr-eabi/lib/thumb/v7e-m+fp/hard/libc_nano.a(lib_a-fstatr.o)
                0x000000000000ea14                _fstat_r
 .text._isatty_r
                0x000000000000ea38       0x20 /home/abdullah/ncs/toolchains/b77d8c1312/opt/zephyr-sdk/arm-zephyr-eabi/arm-zephyr-eabi/lib/thumb/v7e-m+fp/hard/libc_nano.a(lib_a-isattyr.o)
                0x000000000000ea38                _isatty_r
 .text._lseek_r
                0x000000000000ea58       0x24 /home/abdullah/ncs/toolchains/b77d8c1312/opt/zephyr-sdk/arm-zephyr-eabi/arm-zephyr-eabi/lib/thumb/v7e-m+fp/hard/libc_nano.a(lib_a-lseekr.o)
                0x000000000000ea58                _lseek_r
 .text._read_r  0x000000000000ea7c       0x24 /home/abdullah/ncs/toolchains/b77d8c1312/opt/zephyr-sdk/arm-zephyr-eabi/arm-zephyr-eabi/lib/thumb/v7e-m+fp/hard/libc_nano.a(lib_a-readr.o)
                0x000000000000ea7c                _read_r
 .text._OffsetAbsSyms
                0x000000000000eaa0        0x2 zephyr/CMakeFiles/offsets.dir/./arch/arm/core/offsets/offsets.c.obj
                0x000000000000eaa0                _OffsetAbsSyms
 .text.z_log_msg_runtime_create.constprop.0
                0x000000000000eaa2       0x1e app/libapp.a(main.c.obj)
 .text.chunk_field
                0x000000000000eac0       0x16 zephyr/libzephyr.a(heap.c.obj)
 .text.chunk_set
                0x000000000000ead6       0x16 zephyr/libzephyr.a(heap.c.obj)
 .text.chunk_size
                0x000000000000eaec        0xc zephyr/libzephyr.a(heap.c.obj)
 .text.set_chunk_used
                0x000000000000eaf8       0x30 zephyr/libzephyr.a(heap.c.obj)
 .text.set_chunk_size
                0x000000000000eb28        0x8 zephyr/libzephyr.a(heap.c.obj)
 .text.mem_to_chunkid
                0x000000000000eb30       0x14 zephyr/libzephyr.a(heap.c.obj)
 .text.bucket_idx.isra.0
                0x000000000000eb44       0x1c zephyr/libzephyr.a(heap.c.obj)
 .text.free_list_remove_bidx
                0x000000000000eb60       0x5c zephyr/libzephyr.a(heap.c.obj)
 .text.free_list_remove
                0x000000000000ebbc       0x2e zephyr/libzephyr.a(heap.c.obj)
 .text.alloc_chunk
                0x000000000000ebea       0x74 zephyr/libzephyr.a(heap.c.obj)
 .text.split_chunks
                0x000000000000ec5e       0x4e zephyr/libzephyr.a(heap.c.obj)
 .text.merge_chunks
                0x000000000000ecac       0x3c zephyr/libzephyr.a(heap.c.obj)
 .text.free_list_add
                0x000000000000ece8       0x84 zephyr/libzephyr.a(heap.c.obj)
 .text.free_chunk
                0x000000000000ed6c       0x84 zephyr/libzephyr.a(heap.c.obj)
 .text.sys_heap_free
                0x000000000000edf0       0x24 zephyr/libzephyr.a(heap.c.obj)
                0x000000000000edf0                sys_heap_free
 .text.sys_heap_alloc
                0x000000000000ee14       0x6e zephyr/libzephyr.a(heap.c.obj)
                0x000000000000ee14                sys_heap_alloc
 .text.sys_heap_aligned_alloc
                0x000000000000ee82       0xe8 zephyr/libzephyr.a(heap.c.obj)
                0x000000000000ee82                sys_heap_aligned_alloc
 .text.sys_heap_init
                0x000000000000ef6a       0xb0 zephyr/libzephyr.a(heap.c.obj)
                0x000000000000ef6a                sys_heap_init
 .text.cbpprintf_external
                0x000000000000f01a       0x62 zephyr/libzephyr.a(cbprintf_packaged.c.obj)
                0x000000000000f01a                cbpprintf_external
 .text.arch_printk_char_out
                0x000000000000f07c        0x4 zephyr/libzephyr.a(printk.c.obj)
                0x000000000000f07c                arch_printk_char_out
 .text.printk   0x000000000000f080       0x1a zephyr/libzephyr.a(printk.c.obj)
                0x000000000000f080                printk
 .text.z_thread_entry
                0x000000000000f09a       0x14 zephyr/libzephyr.a(thread_entry.c.obj)
                0x000000000000f09a                z_thread_entry
 .text._ldiv5   0x000000000000f0ae       0x30 zephyr/libzephyr.a(cbprintf_complete.c.obj)
 .text._get_digit
                0x000000000000f0de       0x2e zephyr/libzephyr.a(cbprintf_complete.c.obj)
 .text.outs     0x000000000000f10c       0x2e zephyr/libzephyr.a(cbprintf_complete.c.obj)
 .text.process_recheck
                0x000000000000f13a       0x38 zephyr/libzephyr.a(onoff.c.obj)
 .text.validate_args
                0x000000000000f172       0x20 zephyr/libzephyr.a(onoff.c.obj)
 .text.notify_one
                0x000000000000f192       0x2c zephyr/libzephyr.a(onoff.c.obj)
 .text.transition_complete
                0x000000000000f1be       0x1c zephyr/libzephyr.a(onoff.c.obj)
 .text.onoff_manager_init
                0x000000000000f1da       0x26 zephyr/libzephyr.a(onoff.c.obj)
                0x000000000000f1da                onoff_manager_init
 .text.onoff_request
                0x000000000000f200       0xae zephyr/libzephyr.a(onoff.c.obj)
                0x000000000000f200                onoff_request
 .text.sys_notify_validate
                0x000000000000f2ae       0x22 zephyr/libzephyr.a(notify.c.obj)
                0x000000000000f2ae                sys_notify_validate
 .text.sys_notify_finalize
                0x000000000000f2d0       0x1a zephyr/libzephyr.a(notify.c.obj)
                0x000000000000f2d0                sys_notify_finalize
 .text._ConfigAbsSyms
                0x000000000000f2ea        0x2 zephyr/libzephyr.a(configs.c.obj)
                0x000000000000f2ea                _ConfigAbsSyms
 .text.dummy_timestamp
                0x000000000000f2ec        0x4 zephyr/libzephyr.a(log_core.c.obj)
 .text.default_get_timestamp
                0x000000000000f2f0        0x4 zephyr/libzephyr.a(log_core.c.obj)
 .text.atomic_inc
                0x000000000000f2f4       0x1a zephyr/libzephyr.a(log_core.c.obj)
 .text.enable_logger
                0x000000000000f30e        0xe zephyr/libzephyr.a(log_core.c.obj)
 .text.z_log_vprintk
                0x000000000000f31c       0x1c zephyr/libzephyr.a(log_core.c.obj)
                0x000000000000f31c                z_log_vprintk
 .text.z_log_notify_backend_enabled
                0x000000000000f338        0x2 zephyr/libzephyr.a(log_core.c.obj)
                0x000000000000f338                z_log_notify_backend_enabled
 .text.z_log_get_tag
                0x000000000000f33a        0x4 zephyr/libzephyr.a(log_core.c.obj)
                0x000000000000f33a                z_log_get_tag
 .text.z_log_msg_finalize
                0x000000000000f33e       0x32 zephyr/libzephyr.a(log_msg.c.obj)
                0x000000000000f33e                z_log_msg_finalize
 .text.z_log_msg_runtime_create.constprop.0
                0x000000000000f370       0x20 zephyr/libzephyr.a(log_msg.c.obj)
 .text.log_output_write
                0x000000000000f390       0x1c zephyr/libzephyr.a(log_output.c.obj)
 .text.out_func
                0x000000000000f3ac       0x1c zephyr/libzephyr.a(log_output.c.obj)
 .text.cr_out_func
                0x000000000000f3c8       0x1c zephyr/libzephyr.a(log_output.c.obj)
 .text.cbvprintf
                0x000000000000f3e4        0xe zephyr/libzephyr.a(log_output.c.obj)
 .text.log_output_msg_process
                0x000000000000f3f2       0x6a zephyr/libzephyr.a(log_output.c.obj)
                0x000000000000f3f2                log_output_msg_process
 .text.flash_area_close
                0x000000000000f45c        0x2 zephyr/libzephyr.a(flash_map.c.obj)
                0x000000000000f45c                flash_area_close
 .text.flash_area_read
                0x000000000000f45e       0x2a zephyr/libzephyr.a(flash_map.c.obj)
                0x000000000000f45e                flash_area_read
 .text.flash_area_write
                0x000000000000f488       0x2a zephyr/libzephyr.a(flash_map.c.obj)
                0x000000000000f488                flash_area_write
 .text.flash_area_flatten
                0x000000000000f4b2       0x2a zephyr/libzephyr.a(flash_map.c.obj)
                0x000000000000f4b2                flash_area_flatten
 .text.flash_area_get_device
                0x000000000000f4dc        0x4 zephyr/libzephyr.a(flash_map.c.obj)
                0x000000000000f4dc                flash_area_get_device
 .text.z_impl_flash_flatten
                0x000000000000f4e0       0x28 zephyr/libzephyr.a(flash_util.c.obj)
                0x000000000000f4e0                z_impl_flash_flatten
 .text.abort_function
                0x000000000000f508        0x8 zephyr/libzephyr.a(nrf_cc3xx_platform_abort_zephyr.c.obj)
 .text.z_log_msg_runtime_create.constprop.0
                0x000000000000f510       0x20 zephyr/arch/arch/arm/core/libarch__arm__core.a(fatal.c.obj)
 .text.z_do_kernel_oops
                0x000000000000f530        0x8 zephyr/arch/arch/arm/core/libarch__arm__core.a(fatal.c.obj)
                0x000000000000f530                z_do_kernel_oops
 .text.z_arm_nmi
                0x000000000000f538        0xe zephyr/arch/arch/arm/core/libarch__arm__core.a(nmi.c.obj)
                0x000000000000f538                z_arm_nmi
 .text.z_log_msg_runtime_create.constprop.0
                0x000000000000f546       0x20 zephyr/arch/arch/arm/core/cortex_m/libarch__arm__core__cortex_m.a(fault.c.obj)
 .text.z_irq_spurious
                0x000000000000f566        0x8 zephyr/arch/arch/arm/core/cortex_m/libarch__arm__core__cortex_m.a(irq_manage.c.obj)
                0x000000000000f566                z_irq_spurious
 .text.arch_irq_unlock_outlined
                0x000000000000f56e        0xe zephyr/arch/arch/arm/core/cortex_m/libarch__arm__core__cortex_m.a(thread.c.obj)
                0x000000000000f56e                arch_irq_unlock_outlined
 .text.arch_cpu_idle
                0x000000000000f57c       0x1a zephyr/arch/arch/arm/core/cortex_m/libarch__arm__core__cortex_m.a(cpu_idle.c.obj)
                0x000000000000f57c                arch_cpu_idle
 .text.arch_cpu_atomic_idle
                0x000000000000f596       0x1e zephyr/arch/arch/arm/core/cortex_m/libarch__arm__core__cortex_m.a(cpu_idle.c.obj)
                0x000000000000f596                arch_cpu_atomic_idle
 .text.size_to_mpu_rasr_size
                0x000000000000f5b4       0x20 zephyr/arch/arch/arm/core/mpu/libarch__arm__core__mpu.a(arm_mpu.c.obj)
 .text.z_log_msg_runtime_create.constprop.0
                0x000000000000f5d4       0x20 zephyr/arch/arch/arm/core/mpu/libarch__arm__core__mpu.a(arm_mpu.c.obj)
 .text._stdin_hook_default
                0x000000000000f5f4        0x4 zephyr/lib/libc/newlib/liblib__libc__newlib.a(libc-hooks.c.obj)
 .text._stdout_hook_default
                0x000000000000f5f8        0x6 zephyr/lib/libc/newlib/liblib__libc__newlib.a(libc-hooks.c.obj)
 .text.malloc_prepare
                0x000000000000f5fe        0x4 zephyr/lib/libc/newlib/liblib__libc__newlib.a(libc-hooks.c.obj)
 .text._read    0x000000000000f602        0x8 zephyr/lib/libc/newlib/liblib__libc__newlib.a(libc-hooks.c.obj)
                0x000000000000f602                read
                0x000000000000f602                _read
 .text._write   0x000000000000f60a        0x8 zephyr/lib/libc/newlib/liblib__libc__newlib.a(libc-hooks.c.obj)
                0x000000000000f60a                write
                0x000000000000f60a                _write
 .text._close   0x000000000000f612        0x6 zephyr/lib/libc/newlib/liblib__libc__newlib.a(libc-hooks.c.obj)
                0x000000000000f612                close
                0x000000000000f612                _close
 .text._lseek   0x000000000000f618        0x4 zephyr/lib/libc/newlib/liblib__libc__newlib.a(libc-hooks.c.obj)
                0x000000000000f618                lseek
                0x000000000000f618                _lseek
 .text._isatty  0x000000000000f61c        0xa zephyr/lib/libc/newlib/liblib__libc__newlib.a(libc-hooks.c.obj)
                0x000000000000f61c                isatty
                0x000000000000f61c                _isatty
 .text._fstat   0x000000000000f626        0xa zephyr/lib/libc/newlib/liblib__libc__newlib.a(libc-hooks.c.obj)
                0x000000000000f626                _fstat
                0x000000000000f626                fstat
 .text.__retarget_lock_init_recursive
                0x000000000000f630       0x14 zephyr/lib/libc/newlib/liblib__libc__newlib.a(libc-hooks.c.obj)
                0x000000000000f630                __retarget_lock_init_recursive
 .text.__retarget_lock_acquire_recursive
                0x000000000000f644        0xc zephyr/lib/libc/newlib/liblib__libc__newlib.a(libc-hooks.c.obj)
                0x000000000000f644                __retarget_lock_acquire_recursive
 .text.__retarget_lock_release_recursive
                0x000000000000f650        0x4 zephyr/lib/libc/newlib/liblib__libc__newlib.a(libc-hooks.c.obj)
                0x000000000000f650                __retarget_lock_release_recursive
 .text.z_log_msg_runtime_create.constprop.0
                0x000000000000f654       0x1e zephyr/subsys/fs/libsubsys__fs.a(fs.c.obj)
 .text.lfs_api_sync
                0x000000000000f672        0x4 zephyr/subsys/fs/libsubsys__fs.a(littlefs_fs.c.obj)
 .text.get_page_cb
                0x000000000000f676       0x2c zephyr/subsys/fs/libsubsys__fs.a(littlefs_fs.c.obj)
 .text.lfs_api_erase
                0x000000000000f6a2       0x14 zephyr/subsys/fs/libsubsys__fs.a(littlefs_fs.c.obj)
 .text.lfs_api_prog
                0x000000000000f6b6       0x1c zephyr/subsys/fs/libsubsys__fs.a(littlefs_fs.c.obj)
 .text.lfs_api_read
                0x000000000000f6d2       0x1c zephyr/subsys/fs/libsubsys__fs.a(littlefs_fs.c.obj)
 .text.z_log_msg_runtime_create.constprop.0
                0x000000000000f6ee       0x1e zephyr/subsys/fs/libsubsys__fs.a(littlefs_fs.c.obj)
 .text.fs_lock  0x000000000000f70c       0x10 zephyr/subsys/fs/libsubsys__fs.a(littlefs_fs.c.obj)
 .text.k_mutex_unlock.isra.0
                0x000000000000f71c        0x4 zephyr/subsys/fs/libsubsys__fs.a(littlefs_fs.c.obj)
 .text.littlefs_read
                0x000000000000f720       0x34 zephyr/subsys/fs/libsubsys__fs.a(littlefs_fs.c.obj)
 .text.littlefs_write
                0x000000000000f754       0x34 zephyr/subsys/fs/libsubsys__fs.a(littlefs_fs.c.obj)
 .text.littlefs_seek
                0x000000000000f788       0x36 zephyr/subsys/fs/libsubsys__fs.a(littlefs_fs.c.obj)
 .text.littlefs_tell
                0x000000000000f7be       0x26 zephyr/subsys/fs/libsubsys__fs.a(littlefs_fs.c.obj)
 .text.littlefs_truncate
                0x000000000000f7e4       0x30 zephyr/subsys/fs/libsubsys__fs.a(littlefs_fs.c.obj)
 .text.littlefs_sync
                0x000000000000f814       0x2c zephyr/subsys/fs/libsubsys__fs.a(littlefs_fs.c.obj)
 .text.littlefs_close
                0x000000000000f840       0x32 zephyr/subsys/fs/libsubsys__fs.a(littlefs_fs.c.obj)
 .text.littlefs_readdir
                0x000000000000f872       0x62 zephyr/subsys/fs/libsubsys__fs.a(littlefs_fs.c.obj)
 .text.littlefs_unlink
                0x000000000000f8d4       0x34 zephyr/subsys/fs/libsubsys__fs.a(littlefs_fs.c.obj)
 .text.littlefs_rename
                0x000000000000f908       0x42 zephyr/subsys/fs/libsubsys__fs.a(littlefs_fs.c.obj)
 .text.littlefs_mkdir
                0x000000000000f94a       0x34 zephyr/subsys/fs/libsubsys__fs.a(littlefs_fs.c.obj)
 .text.littlefs_statvfs
                0x000000000000f97e       0x56 zephyr/subsys/fs/libsubsys__fs.a(littlefs_fs.c.obj)
 .text.littlefs_stat
                0x000000000000f9d4       0x62 zephyr/subsys/fs/libsubsys__fs.a(littlefs_fs.c.obj)
 .text.z_log_msg_runtime_create.constprop.0
                0x000000000000fa36       0x20 zephyr/drivers/adc/libdrivers__adc.a(adc_nrfx_saadc.c.obj)
 .text.adc_context_on_timer_expired
                0x000000000000fa56       0x32 zephyr/drivers/adc/libdrivers__adc.a(adc_nrfx_saadc.c.obj)
 .text.get_status
                0x000000000000fa88       0x12 zephyr/drivers/clock_control/libdrivers__clock_control.a(clock_control_nrf.c.obj)
 .text.stop     0x000000000000fa9a       0x50 zephyr/drivers/clock_control/libdrivers__clock_control.a(clock_control_nrf.c.obj)
 .text.api_stop
                0x000000000000faea        0x6 zephyr/drivers/clock_control/libdrivers__clock_control.a(clock_control_nrf.c.obj)
 .text.async_start
                0x000000000000faf0       0x5a zephyr/drivers/clock_control/libdrivers__clock_control.a(clock_control_nrf.c.obj)
 .text.api_start
                0x000000000000fb4a        0xe zephyr/drivers/clock_control/libdrivers__clock_control.a(clock_control_nrf.c.obj)
 .text.onoff_started_callback
                0x000000000000fb58       0x14 zephyr/drivers/clock_control/libdrivers__clock_control.a(clock_control_nrf.c.obj)
 .text.lfclk_start
                0x000000000000fb6c        0x6 zephyr/drivers/clock_control/libdrivers__clock_control.a(clock_control_nrf.c.obj)
 .text.lfclk_stop
                0x000000000000fb72        0x6 zephyr/drivers/clock_control/libdrivers__clock_control.a(clock_control_nrf.c.obj)
 .text.blocking_start_callback
                0x000000000000fb78        0x6 zephyr/drivers/clock_control/libdrivers__clock_control.a(clock_control_nrf.c.obj)
 .text.gpio_pin_configure_dt
                0x000000000000fb7e       0x34 zephyr/drivers/flash/libdrivers__flash.a(spi_nor.c.obj)
 .text.spi_nor_pages_layout
                0x000000000000fbb2        0xc zephyr/drivers/flash/libdrivers__flash.a(spi_nor.c.obj)
 .text.z_log_msg_runtime_create.constprop.0